###############################################################################
#
# IAR ELF Linker V8.30.1.114/W32 for ARM                  27/May/2020  09:17:41
# Copyright 2007-2018 IAR Systems AB.
#
#    Output file  =  
#        C:\Users\Чистое небо\Desktop\Э.01.00.00
#        Беспилотный мотодельтаплан\Полетный
#        контроллер\firmware\FlyController\EWARM\FlyController\Exe\FlyController.out
#    Map file     =  
#        C:\Users\Чистое небо\Desktop\Э.01.00.00
#        Беспилотный мотодельтаплан\Полетный
#        контроллер\firmware\FlyController\EWARM\FlyController\List\FlyController.map
#    Command line =  
#        -f C:\Users\A146~1\AppData\Local\Temp\EWB3BA.tmp
#        ("C:\Users\Чистое небо\Desktop\Э.01.00.00
#        Беспилотный мотодельтаплан\Полетный
#        контроллер\firmware\FlyController\EWARM\FlyController\Obj\altcp.o"
#        "C:\Users\Чистое небо\Desktop\Э.01.00.00
#        Беспилотный мотодельтаплан\Полетный
#        контроллер\firmware\FlyController\EWARM\FlyController\Obj\altcp_alloc.o"
#        "C:\Users\Чистое небо\Desktop\Э.01.00.00
#        Беспилотный мотодельтаплан\Полетный
#        контроллер\firmware\FlyController\EWARM\FlyController\Obj\altcp_tcp.o"
#        "C:\Users\Чистое небо\Desktop\Э.01.00.00
#        Беспилотный мотодельтаплан\Полетный
#        контроллер\firmware\FlyController\EWARM\FlyController\Obj\api_lib.o"
#        "C:\Users\Чистое небо\Desktop\Э.01.00.00
#        Беспилотный мотодельтаплан\Полетный
#        контроллер\firmware\FlyController\EWARM\FlyController\Obj\api_msg.o"
#        "C:\Users\Чистое небо\Desktop\Э.01.00.00
#        Беспилотный мотодельтаплан\Полетный
#        контроллер\firmware\FlyController\EWARM\FlyController\Obj\auth.o"
#        "C:\Users\Чистое небо\Desktop\Э.01.00.00
#        Беспилотный мотодельтаплан\Полетный
#        контроллер\firmware\FlyController\EWARM\FlyController\Obj\autoip.o"
#        "C:\Users\Чистое небо\Desktop\Э.01.00.00
#        Беспилотный мотодельтаплан\Полетный
#        контроллер\firmware\FlyController\EWARM\FlyController\Obj\bridgeif.o"
#        "C:\Users\Чистое небо\Desktop\Э.01.00.00
#        Беспилотный мотодельтаплан\Полетный
#        контроллер\firmware\FlyController\EWARM\FlyController\Obj\bridgeif_fdb.o"
#        "C:\Users\Чистое небо\Desktop\Э.01.00.00
#        Беспилотный мотодельтаплан\Полетный
#        контроллер\firmware\FlyController\EWARM\FlyController\Obj\ccp.o"
#        "C:\Users\Чистое небо\Desktop\Э.01.00.00
#        Беспилотный мотодельтаплан\Полетный
#        контроллер\firmware\FlyController\EWARM\FlyController\Obj\chap-md5.o"
#        "C:\Users\Чистое небо\Desktop\Э.01.00.00
#        Беспилотный мотодельтаплан\Полетный
#        контроллер\firmware\FlyController\EWARM\FlyController\Obj\chap-new.o"
#        "C:\Users\Чистое небо\Desktop\Э.01.00.00
#        Беспилотный мотодельтаплан\Полетный
#        контроллер\firmware\FlyController\EWARM\FlyController\Obj\chap_ms.o"
#        "C:\Users\Чистое небо\Desktop\Э.01.00.00
#        Беспилотный мотодельтаплан\Полетный
#        контроллер\firmware\FlyController\EWARM\FlyController\Obj\cli.o"
#        "C:\Users\Чистое небо\Desktop\Э.01.00.00
#        Беспилотный мотодельтаплан\Полетный
#        контроллер\firmware\FlyController\EWARM\FlyController\Obj\cli_cmd.o"
#        "C:\Users\Чистое небо\Desktop\Э.01.00.00
#        Беспилотный мотодельтаплан\Полетный
#        контроллер\firmware\FlyController\EWARM\FlyController\Obj\cli_port.o"
#        "C:\Users\Чистое небо\Desktop\Э.01.00.00
#        Беспилотный мотодельтаплан\Полетный
#        контроллер\firmware\FlyController\EWARM\FlyController\Obj\cmsis_os.o"
#        "C:\Users\Чистое небо\Desktop\Э.01.00.00
#        Беспилотный мотодельтаплан\Полетный
#        контроллер\firmware\FlyController\EWARM\FlyController\Obj\croutine.o"
#        "C:\Users\Чистое небо\Desktop\Э.01.00.00
#        Беспилотный мотодельтаплан\Полетный
#        контроллер\firmware\FlyController\EWARM\FlyController\Obj\def.o"
#        "C:\Users\Чистое небо\Desktop\Э.01.00.00
#        Беспилотный мотодельтаплан\Полетный
#        контроллер\firmware\FlyController\EWARM\FlyController\Obj\demand.o"
#        "C:\Users\Чистое небо\Desktop\Э.01.00.00
#        Беспилотный мотодельтаплан\Полетный
#        контроллер\firmware\FlyController\EWARM\FlyController\Obj\dhcp.o"
#        "C:\Users\Чистое небо\Desktop\Э.01.00.00
#        Беспилотный мотодельтаплан\Полетный
#        контроллер\firmware\FlyController\EWARM\FlyController\Obj\dhcp6.o"
#        "C:\Users\Чистое небо\Desktop\Э.01.00.00
#        Беспилотный мотодельтаплан\Полетный
#        контроллер\firmware\FlyController\EWARM\FlyController\Obj\dns.o"
#        "C:\Users\Чистое небо\Desktop\Э.01.00.00
#        Беспилотный мотодельтаплан\Полетный
#        контроллер\firmware\FlyController\EWARM\FlyController\Obj\eap.o"
#        "C:\Users\Чистое небо\Desktop\Э.01.00.00
#        Беспилотный мотодельтаплан\Полетный
#        контроллер\firmware\FlyController\EWARM\FlyController\Obj\ecp.o"
#        "C:\Users\Чистое небо\Desktop\Э.01.00.00
#        Беспилотный мотодельтаплан\Полетный
#        контроллер\firmware\FlyController\EWARM\FlyController\Obj\err.o"
#        "C:\Users\Чистое небо\Desktop\Э.01.00.00
#        Беспилотный мотодельтаплан\Полетный
#        контроллер\firmware\FlyController\EWARM\FlyController\Obj\etharp.o"
#        "C:\Users\Чистое небо\Desktop\Э.01.00.00
#        Беспилотный мотодельтаплан\Полетный
#        контроллер\firmware\FlyController\EWARM\FlyController\Obj\ethernet.o"
#        "C:\Users\Чистое небо\Desktop\Э.01.00.00
#        Беспилотный мотодельтаплан\Полетный
#        контроллер\firmware\FlyController\EWARM\FlyController\Obj\ethernetif.o"
#        "C:\Users\Чистое небо\Desktop\Э.01.00.00
#        Беспилотный мотодельтаплан\Полетный
#        контроллер\firmware\FlyController\EWARM\FlyController\Obj\ethip6.o"
#        "C:\Users\Чистое небо\Desktop\Э.01.00.00
#        Беспилотный мотодельтаплан\Полетный
#        контроллер\firmware\FlyController\EWARM\FlyController\Obj\eui64.o"
#        "C:\Users\Чистое небо\Desktop\Э.01.00.00
#        Беспилотный мотодельтаплан\Полетный
#        контроллер\firmware\FlyController\EWARM\FlyController\Obj\event_groups.o"
#        "C:\Users\Чистое небо\Desktop\Э.01.00.00
#        Беспилотный мотодельтаплан\Полетный
#        контроллер\firmware\FlyController\EWARM\FlyController\Obj\freertos.o"
#        "C:\Users\Чистое небо\Desktop\Э.01.00.00
#        Беспилотный мотодельтаплан\Полетный
#        контроллер\firmware\FlyController\EWARM\FlyController\Obj\fsm.o"
#        "C:\Users\Чистое небо\Desktop\Э.01.00.00
#        Беспилотный мотодельтаплан\Полетный
#        контроллер\firmware\FlyController\EWARM\FlyController\Obj\heap_4.o"
#        "C:\Users\Чистое небо\Desktop\Э.01.00.00
#        Беспилотный мотодельтаплан\Полетный
#        контроллер\firmware\FlyController\EWARM\FlyController\Obj\icmp.o"
#        "C:\Users\Чистое небо\Desktop\Э.01.00.00
#        Беспилотный мотодельтаплан\Полетный
#        контроллер\firmware\FlyController\EWARM\FlyController\Obj\icmp6.o"
#        "C:\Users\Чистое небо\Desktop\Э.01.00.00
#        Беспилотный мотодельтаплан\Полетный
#        контроллер\firmware\FlyController\EWARM\FlyController\Obj\if_api.o"
#        "C:\Users\Чистое небо\Desktop\Э.01.00.00
#        Беспилотный мотодельтаплан\Полетный
#        контроллер\firmware\FlyController\EWARM\FlyController\Obj\igmp.o"
#        "C:\Users\Чистое небо\Desktop\Э.01.00.00
#        Беспилотный мотодельтаплан\Полетный
#        контроллер\firmware\FlyController\EWARM\FlyController\Obj\inet6.o"
#        "C:\Users\Чистое небо\Desktop\Э.01.00.00
#        Беспилотный мотодельтаплан\Полетный
#        контроллер\firmware\FlyController\EWARM\FlyController\Obj\inet_chksum.o"
#        "C:\Users\Чистое небо\Desktop\Э.01.00.00
#        Беспилотный мотодельтаплан\Полетный
#        контроллер\firmware\FlyController\EWARM\FlyController\Obj\init.o"
#        "C:\Users\Чистое небо\Desktop\Э.01.00.00
#        Беспилотный мотодельтаплан\Полетный
#        контроллер\firmware\FlyController\EWARM\FlyController\Obj\ip.o"
#        "C:\Users\Чистое небо\Desktop\Э.01.00.00
#        Беспилотный мотодельтаплан\Полетный
#        контроллер\firmware\FlyController\EWARM\FlyController\Obj\ip4.o"
#        "C:\Users\Чистое небо\Desktop\Э.01.00.00
#        Беспилотный мотодельтаплан\Полетный
#        контроллер\firmware\FlyController\EWARM\FlyController\Obj\ip4_addr.o"
#        "C:\Users\Чистое небо\Desktop\Э.01.00.00
#        Беспилотный мотодельтаплан\Полетный
#        контроллер\firmware\FlyController\EWARM\FlyController\Obj\ip4_frag.o"
#        "C:\Users\Чистое небо\Desktop\Э.01.00.00
#        Беспилотный мотодельтаплан\Полетный
#        контроллер\firmware\FlyController\EWARM\FlyController\Obj\ip6.o"
#        "C:\Users\Чистое небо\Desktop\Э.01.00.00
#        Беспилотный мотодельтаплан\Полетный
#        контроллер\firmware\FlyController\EWARM\FlyController\Obj\ip6_addr.o"
#        "C:\Users\Чистое небо\Desktop\Э.01.00.00
#        Беспилотный мотодельтаплан\Полетный
#        контроллер\firmware\FlyController\EWARM\FlyController\Obj\ip6_frag.o"
#        "C:\Users\Чистое небо\Desktop\Э.01.00.00
#        Беспилотный мотодельтаплан\Полетный
#        контроллер\firmware\FlyController\EWARM\FlyController\Obj\ipcp.o"
#        "C:\Users\Чистое небо\Desktop\Э.01.00.00
#        Беспилотный мотодельтаплан\Полетный
#        контроллер\firmware\FlyController\EWARM\FlyController\Obj\ipv6cp.o"
#        "C:\Users\Чистое небо\Desktop\Э.01.00.00
#        Беспилотный мотодельтаплан\Полетный
#        контроллер\firmware\FlyController\EWARM\FlyController\Obj\lcp.o"
#        "C:\Users\Чистое небо\Desktop\Э.01.00.00
#        Беспилотный мотодельтаплан\Полетный
#        контроллер\firmware\FlyController\EWARM\FlyController\Obj\list.o"
#        "C:\Users\Чистое небо\Desktop\Э.01.00.00
#        Беспилотный мотодельтаплан\Полетный
#        контроллер\firmware\FlyController\EWARM\FlyController\Obj\lowpan6.o"
#        "C:\Users\Чистое небо\Desktop\Э.01.00.00
#        Беспилотный мотодельтаплан\Полетный
#        контроллер\firmware\FlyController\EWARM\FlyController\Obj\lowpan6_ble.o"
#        "C:\Users\Чистое небо\Desktop\Э.01.00.00
#        Беспилотный мотодельтаплан\Полетный
#        контроллер\firmware\FlyController\EWARM\FlyController\Obj\lowpan6_common.o"
#        "C:\Users\Чистое небо\Desktop\Э.01.00.00
#        Беспилотный мотодельтаплан\Полетный
#        контроллер\firmware\FlyController\EWARM\FlyController\Obj\lwip.o"
#        "C:\Users\Чистое небо\Desktop\Э.01.00.00
#        Беспилотный мотодельтаплан\Полетный
#        контроллер\firmware\FlyController\EWARM\FlyController\Obj\magic.o"
#        "C:\Users\Чистое небо\Desktop\Э.01.00.00
#        Беспилотный мотодельтаплан\Полетный
#        контроллер\firmware\FlyController\EWARM\FlyController\Obj\main.o"
#        "C:\Users\Чистое небо\Desktop\Э.01.00.00
#        Беспилотный мотодельтаплан\Полетный
#        контроллер\firmware\FlyController\EWARM\FlyController\Obj\mem.o"
#        "C:\Users\Чистое небо\Desktop\Э.01.00.00
#        Беспилотный мотодельтаплан\Полетный
#        контроллер\firmware\FlyController\EWARM\FlyController\Obj\memp.o"
#        "C:\Users\Чистое небо\Desktop\Э.01.00.00
#        Беспилотный мотодельтаплан\Полетный
#        контроллер\firmware\FlyController\EWARM\FlyController\Obj\mld6.o"
#        "C:\Users\Чистое небо\Desktop\Э.01.00.00
#        Беспилотный мотодельтаплан\Полетный
#        контроллер\firmware\FlyController\EWARM\FlyController\Obj\mppe.o"
#        "C:\Users\Чистое небо\Desktop\Э.01.00.00
#        Беспилотный мотодельтаплан\Полетный
#        контроллер\firmware\FlyController\EWARM\FlyController\Obj\mqtt.o"
#        "C:\Users\Чистое небо\Desktop\Э.01.00.00
#        Беспилотный мотодельтаплан\Полетный
#        контроллер\firmware\FlyController\EWARM\FlyController\Obj\multilink.o"
#        "C:\Users\Чистое небо\Desktop\Э.01.00.00
#        Беспилотный мотодельтаплан\Полетный
#        контроллер\firmware\FlyController\EWARM\FlyController\Obj\nd6.o"
#        "C:\Users\Чистое небо\Desktop\Э.01.00.00
#        Беспилотный мотодельтаплан\Полетный
#        контроллер\firmware\FlyController\EWARM\FlyController\Obj\netbuf.o"
#        "C:\Users\Чистое небо\Desktop\Э.01.00.00
#        Беспилотный мотодельтаплан\Полетный
#        контроллер\firmware\FlyController\EWARM\FlyController\Obj\netdb.o"
#        "C:\Users\Чистое небо\Desktop\Э.01.00.00
#        Беспилотный мотодельтаплан\Полетный
#        контроллер\firmware\FlyController\EWARM\FlyController\Obj\netif.o"
#        "C:\Users\Чистое небо\Desktop\Э.01.00.00
#        Беспилотный мотодельтаплан\Полетный
#        контроллер\firmware\FlyController\EWARM\FlyController\Obj\netifapi.o"
#        "C:\Users\Чистое небо\Desktop\Э.01.00.00
#        Беспилотный мотодельтаплан\Полетный
#        контроллер\firmware\FlyController\EWARM\FlyController\Obj\pbuf.o"
#        "C:\Users\Чистое небо\Desktop\Э.01.00.00
#        Беспилотный мотодельтаплан\Полетный
#        контроллер\firmware\FlyController\EWARM\FlyController\Obj\port.o"
#        "C:\Users\Чистое небо\Desktop\Э.01.00.00
#        Беспилотный мотодельтаплан\Полетный
#        контроллер\firmware\FlyController\EWARM\FlyController\Obj\portasm.o"
#        "C:\Users\Чистое небо\Desktop\Э.01.00.00
#        Беспилотный мотодельтаплан\Полетный
#        контроллер\firmware\FlyController\EWARM\FlyController\Obj\ppp.o"
#        "C:\Users\Чистое небо\Desktop\Э.01.00.00
#        Беспилотный мотодельтаплан\Полетный
#        контроллер\firmware\FlyController\EWARM\FlyController\Obj\pppapi.o"
#        "C:\Users\Чистое небо\Desktop\Э.01.00.00
#        Беспилотный мотодельтаплан\Полетный
#        контроллер\firmware\FlyController\EWARM\FlyController\Obj\pppcrypt.o"
#        "C:\Users\Чистое небо\Desktop\Э.01.00.00
#        Беспилотный мотодельтаплан\Полетный
#        контроллер\firmware\FlyController\EWARM\FlyController\Obj\pppoe.o"
#        "C:\Users\Чистое небо\Desktop\Э.01.00.00
#        Беспилотный мотодельтаплан\Полетный
#        контроллер\firmware\FlyController\EWARM\FlyController\Obj\pppol2tp.o"
#        "C:\Users\Чистое небо\Desktop\Э.01.00.00
#        Беспилотный мотодельтаплан\Полетный
#        контроллер\firmware\FlyController\EWARM\FlyController\Obj\pppos.o"
#        "C:\Users\Чистое небо\Desktop\Э.01.00.00
#        Беспилотный мотодельтаплан\Полетный
#        контроллер\firmware\FlyController\EWARM\FlyController\Obj\prothawk.o"
#        "C:\Users\Чистое небо\Desktop\Э.01.00.00
#        Беспилотный мотодельтаплан\Полетный
#        контроллер\firmware\FlyController\EWARM\FlyController\Obj\queue.o"
#        "C:\Users\Чистое небо\Desktop\Э.01.00.00
#        Беспилотный мотодельтаплан\Полетный
#        контроллер\firmware\FlyController\EWARM\FlyController\Obj\raw.o"
#        "C:\Users\Чистое небо\Desktop\Э.01.00.00
#        Беспилотный мотодельтаплан\Полетный
#        контроллер\firmware\FlyController\EWARM\FlyController\Obj\slipif.o"
#        "C:\Users\Чистое небо\Desktop\Э.01.00.00
#        Беспилотный мотодельтаплан\Полетный
#        контроллер\firmware\FlyController\EWARM\FlyController\Obj\sockets.o"
#        "C:\Users\Чистое небо\Desktop\Э.01.00.00
#        Беспилотный мотодельтаплан\Полетный
#        контроллер\firmware\FlyController\EWARM\FlyController\Obj\startup_stm32f767xx.o"
#        "C:\Users\Чистое небо\Desktop\Э.01.00.00
#        Беспилотный мотодельтаплан\Полетный
#        контроллер\firmware\FlyController\EWARM\FlyController\Obj\stats.o"
#        "C:\Users\Чистое небо\Desktop\Э.01.00.00
#        Беспилотный мотодельтаплан\Полетный
#        контроллер\firmware\FlyController\EWARM\FlyController\Obj\stm32f7xx_hal.o"
#        "C:\Users\Чистое небо\Desktop\Э.01.00.00
#        Беспилотный мотодельтаплан\Полетный
#        контроллер\firmware\FlyController\EWARM\FlyController\Obj\stm32f7xx_hal_can.o"
#        "C:\Users\Чистое небо\Desktop\Э.01.00.00
#        Беспилотный мотодельтаплан\Полетный
#        контроллер\firmware\FlyController\EWARM\FlyController\Obj\stm32f7xx_hal_cortex.o"
#        "C:\Users\Чистое небо\Desktop\Э.01.00.00
#        Беспилотный мотодельтаплан\Полетный
#        контроллер\firmware\FlyController\EWARM\FlyController\Obj\stm32f7xx_hal_crc.o"
#        "C:\Users\Чистое небо\Desktop\Э.01.00.00
#        Беспилотный мотодельтаплан\Полетный
#        контроллер\firmware\FlyController\EWARM\FlyController\Obj\stm32f7xx_hal_crc_ex.o"
#        "C:\Users\Чистое небо\Desktop\Э.01.00.00
#        Беспилотный мотодельтаплан\Полетный
#        контроллер\firmware\FlyController\EWARM\FlyController\Obj\stm32f7xx_hal_dma.o"
#        "C:\Users\Чистое небо\Desktop\Э.01.00.00
#        Беспилотный мотодельтаплан\Полетный
#        контроллер\firmware\FlyController\EWARM\FlyController\Obj\stm32f7xx_hal_dma_ex.o"
#        "C:\Users\Чистое небо\Desktop\Э.01.00.00
#        Беспилотный мотодельтаплан\Полетный
#        контроллер\firmware\FlyController\EWARM\FlyController\Obj\stm32f7xx_hal_eth.o"
#        "C:\Users\Чистое небо\Desktop\Э.01.00.00
#        Беспилотный мотодельтаплан\Полетный
#        контроллер\firmware\FlyController\EWARM\FlyController\Obj\stm32f7xx_hal_exti.o"
#        "C:\Users\Чистое небо\Desktop\Э.01.00.00
#        Беспилотный мотодельтаплан\Полетный
#        контроллер\firmware\FlyController\EWARM\FlyController\Obj\stm32f7xx_hal_flash.o"
#        "C:\Users\Чистое небо\Desktop\Э.01.00.00
#        Беспилотный мотодельтаплан\Полетный
#        контроллер\firmware\FlyController\EWARM\FlyController\Obj\stm32f7xx_hal_flash_ex.o"
#        "C:\Users\Чистое небо\Desktop\Э.01.00.00
#        Беспилотный мотодельтаплан\Полетный
#        контроллер\firmware\FlyController\EWARM\FlyController\Obj\stm32f7xx_hal_gpio.o"
#        "C:\Users\Чистое небо\Desktop\Э.01.00.00
#        Беспилотный мотодельтаплан\Полетный
#        контроллер\firmware\FlyController\EWARM\FlyController\Obj\stm32f7xx_hal_i2c.o"
#        "C:\Users\Чистое небо\Desktop\Э.01.00.00
#        Беспилотный мотодельтаплан\Полетный
#        контроллер\firmware\FlyController\EWARM\FlyController\Obj\stm32f7xx_hal_i2c_ex.o"
#        "C:\Users\Чистое небо\Desktop\Э.01.00.00
#        Беспилотный мотодельтаплан\Полетный
#        контроллер\firmware\FlyController\EWARM\FlyController\Obj\stm32f7xx_hal_msp.o"
#        "C:\Users\Чистое небо\Desktop\Э.01.00.00
#        Беспилотный мотодельтаплан\Полетный
#        контроллер\firmware\FlyController\EWARM\FlyController\Obj\stm32f7xx_hal_pcd.o"
#        "C:\Users\Чистое небо\Desktop\Э.01.00.00
#        Беспилотный мотодельтаплан\Полетный
#        контроллер\firmware\FlyController\EWARM\FlyController\Obj\stm32f7xx_hal_pcd_ex.o"
#        "C:\Users\Чистое небо\Desktop\Э.01.00.00
#        Беспилотный мотодельтаплан\Полетный
#        контроллер\firmware\FlyController\EWARM\FlyController\Obj\stm32f7xx_hal_pwr.o"
#        "C:\Users\Чистое небо\Desktop\Э.01.00.00
#        Беспилотный мотодельтаплан\Полетный
#        контроллер\firmware\FlyController\EWARM\FlyController\Obj\stm32f7xx_hal_pwr_ex.o"
#        "C:\Users\Чистое небо\Desktop\Э.01.00.00
#        Беспилотный мотодельтаплан\Полетный
#        контроллер\firmware\FlyController\EWARM\FlyController\Obj\stm32f7xx_hal_rcc.o"
#        "C:\Users\Чистое небо\Desktop\Э.01.00.00
#        Беспилотный мотодельтаплан\Полетный
#        контроллер\firmware\FlyController\EWARM\FlyController\Obj\stm32f7xx_hal_rcc_ex.o"
#        "C:\Users\Чистое небо\Desktop\Э.01.00.00
#        Беспилотный мотодельтаплан\Полетный
#        контроллер\firmware\FlyController\EWARM\FlyController\Obj\stm32f7xx_hal_tim.o"
#        "C:\Users\Чистое небо\Desktop\Э.01.00.00
#        Беспилотный мотодельтаплан\Полетный
#        контроллер\firmware\FlyController\EWARM\FlyController\Obj\stm32f7xx_hal_tim_ex.o"
#        "C:\Users\Чистое небо\Desktop\Э.01.00.00
#        Беспилотный мотодельтаплан\Полетный
#        контроллер\firmware\FlyController\EWARM\FlyController\Obj\stm32f7xx_hal_timebase_tim.o"
#        "C:\Users\Чистое небо\Desktop\Э.01.00.00
#        Беспилотный мотодельтаплан\Полетный
#        контроллер\firmware\FlyController\EWARM\FlyController\Obj\stm32f7xx_hal_uart.o"
#        "C:\Users\Чистое небо\Desktop\Э.01.00.00
#        Беспилотный мотодельтаплан\Полетный
#        контроллер\firmware\FlyController\EWARM\FlyController\Obj\stm32f7xx_hal_uart_ex.o"
#        "C:\Users\Чистое небо\Desktop\Э.01.00.00
#        Беспилотный мотодельтаплан\Полетный
#        контроллер\firmware\FlyController\EWARM\FlyController\Obj\stm32f7xx_it.o"
#        "C:\Users\Чистое небо\Desktop\Э.01.00.00
#        Беспилотный мотодельтаплан\Полетный
#        контроллер\firmware\FlyController\EWARM\FlyController\Obj\stm32f7xx_ll_usb.o"
#        "C:\Users\Чистое небо\Desktop\Э.01.00.00
#        Беспилотный мотодельтаплан\Полетный
#        контроллер\firmware\FlyController\EWARM\FlyController\Obj\stream_buffer.o"
#        "C:\Users\Чистое небо\Desktop\Э.01.00.00
#        Беспилотный мотодельтаплан\Полетный
#        контроллер\firmware\FlyController\EWARM\FlyController\Obj\sys.o"
#        "C:\Users\Чистое небо\Desktop\Э.01.00.00
#        Беспилотный мотодельтаплан\Полетный
#        контроллер\firmware\FlyController\EWARM\FlyController\Obj\sys_arch.o"
#        "C:\Users\Чистое небо\Desktop\Э.01.00.00
#        Беспилотный мотодельтаплан\Полетный
#        контроллер\firmware\FlyController\EWARM\FlyController\Obj\system_stm32f7xx.o"
#        "C:\Users\Чистое небо\Desktop\Э.01.00.00
#        Беспилотный мотодельтаплан\Полетный
#        контроллер\firmware\FlyController\EWARM\FlyController\Obj\tasks.o"
#        "C:\Users\Чистое небо\Desktop\Э.01.00.00
#        Беспилотный мотодельтаплан\Полетный
#        контроллер\firmware\FlyController\EWARM\FlyController\Obj\tcp.o"
#        "C:\Users\Чистое небо\Desktop\Э.01.00.00
#        Беспилотный мотодельтаплан\Полетный
#        контроллер\firmware\FlyController\EWARM\FlyController\Obj\tcp_in.o"
#        "C:\Users\Чистое небо\Desktop\Э.01.00.00
#        Беспилотный мотодельтаплан\Полетный
#        контроллер\firmware\FlyController\EWARM\FlyController\Obj\tcp_out.o"
#        "C:\Users\Чистое небо\Desktop\Э.01.00.00
#        Беспилотный мотодельтаплан\Полетный
#        контроллер\firmware\FlyController\EWARM\FlyController\Obj\tcpip.o"
#        "C:\Users\Чистое небо\Desktop\Э.01.00.00
#        Беспилотный мотодельтаплан\Полетный
#        контроллер\firmware\FlyController\EWARM\FlyController\Obj\timeouts.o"
#        "C:\Users\Чистое небо\Desktop\Э.01.00.00
#        Беспилотный мотодельтаплан\Полетный
#        контроллер\firmware\FlyController\EWARM\FlyController\Obj\timers.o"
#        "C:\Users\Чистое небо\Desktop\Э.01.00.00
#        Беспилотный мотодельтаплан\Полетный
#        контроллер\firmware\FlyController\EWARM\FlyController\Obj\udp.o"
#        "C:\Users\Чистое небо\Desktop\Э.01.00.00
#        Беспилотный мотодельтаплан\Полетный
#        контроллер\firmware\FlyController\EWARM\FlyController\Obj\upap.o"
#        "C:\Users\Чистое небо\Desktop\Э.01.00.00
#        Беспилотный мотодельтаплан\Полетный
#        контроллер\firmware\FlyController\EWARM\FlyController\Obj\usb_device.o"
#        "C:\Users\Чистое небо\Desktop\Э.01.00.00
#        Беспилотный мотодельтаплан\Полетный
#        контроллер\firmware\FlyController\EWARM\FlyController\Obj\usbd_cdc.o"
#        "C:\Users\Чистое небо\Desktop\Э.01.00.00
#        Беспилотный мотодельтаплан\Полетный
#        контроллер\firmware\FlyController\EWARM\FlyController\Obj\usbd_cdc_if.o"
#        "C:\Users\Чистое небо\Desktop\Э.01.00.00
#        Беспилотный мотодельтаплан\Полетный
#        контроллер\firmware\FlyController\EWARM\FlyController\Obj\usbd_conf.o"
#        "C:\Users\Чистое небо\Desktop\Э.01.00.00
#        Беспилотный мотодельтаплан\Полетный
#        контроллер\firmware\FlyController\EWARM\FlyController\Obj\usbd_core.o"
#        "C:\Users\Чистое небо\Desktop\Э.01.00.00
#        Беспилотный мотодельтаплан\Полетный
#        контроллер\firmware\FlyController\EWARM\FlyController\Obj\usbd_ctlreq.o"
#        "C:\Users\Чистое небо\Desktop\Э.01.00.00
#        Беспилотный мотодельтаплан\Полетный
#        контроллер\firmware\FlyController\EWARM\FlyController\Obj\usbd_desc.o"
#        "C:\Users\Чистое небо\Desktop\Э.01.00.00
#        Беспилотный мотодельтаплан\Полетный
#        контроллер\firmware\FlyController\EWARM\FlyController\Obj\usbd_ioreq.o"
#        "C:\Users\Чистое небо\Desktop\Э.01.00.00
#        Беспилотный мотодельтаплан\Полетный
#        контроллер\firmware\FlyController\EWARM\FlyController\Obj\utils.o"
#        "C:\Users\Чистое небо\Desktop\Э.01.00.00
#        Беспилотный мотодельтаплан\Полетный
#        контроллер\firmware\FlyController\EWARM\FlyController\Obj\vj.o"
#        "C:\Users\Чистое небо\Desktop\Э.01.00.00
#        Беспилотный мотодельтаплан\Полетный
#        контроллер\firmware\FlyController\EWARM\FlyController\Obj\zepif.o"
#        --redirect _Printf=_PrintfFull --redirect _Scanf=_ScanfFull
#        --no_out_extension -o "C:\Users\Чистое
#        небо\Desktop\Э.01.00.00 Беспилотный
#        мотодельтаплан\Полетный
#        контроллер\firmware\FlyController\EWARM\FlyController\Exe\FlyController.out"
#        --map "C:\Users\Чистое небо\Desktop\Э.01.00.00
#        Беспилотный мотодельтаплан\Полетный
#        контроллер\firmware\FlyController\EWARM\FlyController\List\FlyController.map"
#        --config "C:\Users\Чистое небо\Desktop\Э.01.00.00
#        Беспилотный мотодельтаплан\Полетный
#        контроллер\firmware\FlyController\EWARM/stm32f767xx_flash.icf"
#        --semihosting --entry __iar_program_start --vfe --text_out locale)
#
###############################################################################

*******************************************************************************
*** RUNTIME MODEL ATTRIBUTES
***

CppFlavor                     = *
__CPP_Exceptions              = Disabled
__CPP_Language                = C++14
__Heap_Handler                = DLMalloc
__SystemLibrary               = DLib
__dlib_dynamic_initialization = normal
__dlib_version                = 6


*******************************************************************************
*** HEAP SELECTION
***

The advanced heap was selected because the application calls memory
allocation functions outside of system library functions, and there
are calls to deallocation functions in the application.


*******************************************************************************
*** PLACEMENT SUMMARY
***

"A0":  place at 0x800'0000 { ro section .intvec };
"P1":  place in [from 0x800'0000 to 0x81f'ffff] { ro };
define block CSTACK with size = 1K, alignment = 8 { };
define block HEAP with size = 512, alignment = 8 { };
"P2":  place in [from 0x2000'0000 to 0x2007'ffff] {
          rw, block CSTACK, block HEAP };
initialize by copy { rw };

  Section                Kind         Address     Size  Object
  -------                ----         -------     ----  ------
"A0":                                            0x1f8
  .intvec                ro code   0x800'0000    0x1f8  startup_stm32f767xx.o [1]
                                 - 0x800'01f8    0x1f8

"P1":                                          0x15b8b
  .text                  ro code   0x800'01f8   0x14e0  dlmalloc.o [2]
  .text                  ro code   0x800'16d8      0x6  abort.o [2]
  .text                  ro code   0x800'16de     0x7a  lz77_init_single.o [5]
  .text                  ro code   0x800'1758     0x2c  xgetmemchunk.o [2]
  .text                  ro code   0x800'1784     0x14  exit.o [6]
  .text                  ro code   0x800'1798   0x1276  dhcp.o [1]
  .text                  ro code   0x800'2a0e     0x3a  zero_init3.o [5]
  .text                  ro code   0x800'2a48    0x4ec  udp.o [1]
  .text                  ro code   0x800'2f34    0x634  etharp.o [1]
  .text                  ro code   0x800'3568    0x6ba  pbuf.o [1]
  .text                  ro code   0x800'3c22     0x26  xencoding_8859_1.o [2]
  .text                  ro code   0x800'3c48     0xa4  rand.o [2]
  .text                  ro code   0x800'3cec      0x6  ABImemclr.o [5]
  .text                  ro code   0x800'3cf2     0x1e  xsscin.o [2]
  .text                  ro code   0x800'3d10     0x26  def.o [1]
  .text                  ro code   0x800'3d36      0xa  xsprout.o [2]
  .text                  ro code   0x800'3d40    0x3a4  dns.o [1]
  .text                  ro code   0x800'40e4    0x304  mem.o [1]
  .text                  ro code   0x800'43e8      0x6  ABImemclr4.o [5]
  .rodata                const     0x800'43ee      0x1  unwind_debug.o [6]
  .text                  ro code   0x800'43f0    0x24c  netif.o [1]
  .text                  ro code   0x800'463c    0x168  ip4_addr.o [1]
  .text                  ro code   0x800'47a4    0x1c8  icmp.o [1]
  .text                  ro code   0x800'496c    0x2e8  ip4.o [1]
  .text                  ro code   0x800'4c54     0xec  memp.o [1]
  .text                  ro code   0x800'4d40     0xa6  ABImemcpy.o [5]
  .text                  ro code   0x800'4de8     0xfc  ethernet.o [1]
  .text                  ro code   0x800'4ee4    0x224  sys_arch.o [1]
  .text                  ro code   0x800'5108    0xe58  tcp.o [1]
  .text                  ro code   0x800'5f60    0x1d4  tcpip.o [1]
  .text                  ro code   0x800'6134     0x5e  ABImemset.o [5]
  .text                  ro code   0x800'6194     0x36  strlen.o [5]
  .text                  ro code   0x800'61cc     0x32  ABImemset48.o [5]
  .text                  ro code   0x800'61fe     0x14  islower.o [2]
  .text                  ro code   0x800'6212     0x14  isspace.o [2]
  .text                  ro code   0x800'6228    0x5e0  ip4_frag.o [1]
  .text                  ro code   0x800'6808   0x11b0  tcp_in.o [1]
  .text                  ro code   0x800'79b8     0x68  memcmp.o [5]
  .text                  ro code   0x800'7a20    0x38e  cmsis_os.o [1]
  .text                  ro code   0x800'7db0    0xf9a  tcp_out.o [1]
  .text                  ro code   0x800'8d4c    0x1e8  timeouts.o [1]
  .text                  ro code   0x800'8f34     0x2a  init.o [1]
  .text                  ro code   0x800'8f60    0x104  xlocale_c.o [2]
  .text                  ro code   0x800'9064    0xb30  tasks.o [1]
  .text                  ro code   0x800'9b94    0xa94  queue.o [1]
  .text                  ro code   0x800'a628    0x4cc  ethernetif.o [1]
  .text                  ro code   0x800'aaf4     0xbe  list.o [1]
  .text                  ro code   0x800'abb4    0x248  port.o [1]
  .text                  ro code   0x800'adfc    0x234  heap_4.o [1]
  .text                  ro code   0x800'b030    0x460  freertos.o [1]
  .text                  ro code   0x800'b490    0x22c  stm32f7xx_hal_gpio.o [1]
  .text                  ro code   0x800'b6bc     0x98  stm32f7xx_hal_cortex.o [1]
  .text                  ro code   0x800'b754    0xa50  stm32f7xx_hal_eth.o [1]
  .text                  ro code   0x800'c1a4      0xc  stm32f7xx_hal.o [1]
  CODE                   ro code   0x800'c1b0     0xb4  portasm.o [1]
  .text                  ro code   0x800'c264     0x54  usb_device.o [1]
  .text                  ro code   0x800'c2b8     0x68  lwip.o [1]
  .text                  ro code   0x800'c320    0x448  api_lib.o [1]
  .text                  ro code   0x800'c768     0x22  netbuf.o [1]
  .text                  ro code   0x800'c78c    0x6e2  stm32f7xx_hal_can.o [1]
  .text                  ro code   0x800'ce70    0x5ac  stm32f7xx_hal_rcc.o [1]
  .text                  ro code   0x800'd41c     0x2c  stm32f7xx_hal.o [1]
  .text                  ro code   0x800'd448      0x2  stm32f7xx_hal_eth.o [1]
  .text                  ro code   0x800'd44a      0x2  stm32f7xx_hal_eth.o [1]
  .text                  ro code   0x800'd44c    0x2f2  usbd_core.o [1]
  .text                  ro code   0x800'd740    0x5f0  main.o [1]
  .text                  ro code   0x800'dd30    0x33a  usbd_cdc.o [1]
  .text                  ro code   0x800'e06c    0xaec  api_msg.o [1]
  .text                  ro code   0x800'eb58    0x28c  stm32f7xx_hal_msp.o [1]
  .text                  ro code   0x800'ede4      0x2  stm32f7xx_hal_can.o [1]
  .text                  ro code   0x800'ede6      0x2  stm32f7xx_hal_can.o [1]
  .text                  ro code   0x800'ede8      0x2  stm32f7xx_hal_can.o [1]
  .text                  ro code   0x800'edea      0x2  stm32f7xx_hal_can.o [1]
  .text                  ro code   0x800'edec      0x2  stm32f7xx_hal_can.o [1]
  .text                  ro code   0x800'edee      0x2  stm32f7xx_hal_can.o [1]
  .text                  ro code   0x800'edf0      0x2  stm32f7xx_hal_can.o [1]
  .text                  ro code   0x800'edf2      0x2  stm32f7xx_hal_can.o [1]
  .text                  ro code   0x800'edf4      0x2  stm32f7xx_hal_can.o [1]
  .text                  ro code   0x800'edf6      0x2  stm32f7xx_hal_can.o [1]
  .text                  ro code   0x800'edf8      0x2  stm32f7xx_hal_can.o [1]
  .text                  ro code   0x800'edfa      0x2  stm32f7xx_hal_can.o [1]
  .text                  ro code   0x800'edfc     0x7c  stm32f7xx_hal_timebase_tim.o [1]
  .text                  ro code   0x800'ee78    0x230  I64DivMod.o [5]
  .text                  ro code   0x800'f0a8    0x340  usbd_conf.o [1]
  .text                  ro code   0x800'f3e8    0x602  usbd_ctlreq.o [1]
  .text                  ro code   0x800'f9ea     0x9c  usbd_ioreq.o [1]
  .text                  ro code   0x800'fa88     0x30  stm32f7xx_hal.o [1]
  .text                  ro code   0x800'fab8    0x498  stm32f7xx_hal_uart.o [1]
  .text                  ro code   0x800'ff50     0x78  stm32f7xx_hal_crc.o [1]
  .text                  ro code   0x800'ffc8     0xb2  stm32f7xx_hal_i2c.o [1]
  .text                  ro code   0x801'007c     0xbc  stm32f7xx_hal_i2c_ex.o [1]
  .text                  ro code   0x801'0138     0x10  stm32f7xx_hal_pwr.o [1]
  .text                  ro code   0x801'0148     0x78  stm32f7xx_hal_pwr_ex.o [1]
  .text                  ro code   0x801'01c0    0x56c  stm32f7xx_hal_rcc_ex.o [1]
  .text                  ro code   0x801'072c     0x10  stm32f7xx_hal.o [1]
  .text                  ro code   0x801'073c      0x4  heaptramp0.o [2]
  .text                  ro code   0x801'0740    0x2b2  stm32f7xx_hal_tim.o [1]
  .text                  ro code   0x801'09f4      0x2  I64DivZer.o [5]
  .text                  ro code   0x801'09f8    0x9f8  stm32f7xx_hal_pcd.o [1]
  .text                  ro code   0x801'13f0     0x9e  stm32f7xx_hal_pcd_ex.o [1]
  .text                  ro code   0x801'148e     0x54  stm32f7xx_hal_crc_ex.o [1]
  .text                  ro code   0x801'14e2      0x2  stm32f7xx_hal_tim.o [1]
  .text                  ro code   0x801'14e4      0x2  stm32f7xx_hal_tim.o [1]
  .text                  ro code   0x801'14e6      0x2  stm32f7xx_hal_tim.o [1]
  .text                  ro code   0x801'14e8      0x2  stm32f7xx_hal_tim_ex.o [1]
  .text                  ro code   0x801'14ea      0x2  stm32f7xx_hal_tim_ex.o [1]
  .text                  ro code   0x801'14ec      0x2  stm32f7xx_hal_tim.o [1]
  .text                  ro code   0x801'14ee      0x2  stm32f7xx_hal_tim_ex.o [1]
  .text                  ro code   0x801'14f0    0xa18  stm32f7xx_ll_usb.o [1]
  .text                  ro code   0x801'1f08    0xf7a  xprintffull.o [2]
  .text                  ro code   0x801'2e84     0x16  strchr.o [5]
  .text                  ro code   0x801'2e9c     0x40  xfail_s.o [2]
  .text                  ro code   0x801'2edc     0x58  memchr.o [5]
  .text                  ro code   0x801'2f34      0xa  xmbcurmax.o [2]
  .text                  ro code   0x801'2f3e     0x12  DblMul.o [4]
  .text                  ro code   0x801'2f50     0x88  frexp.o [4]
  .text                  ro code   0x801'2fd8     0x2e  DblCmpLe.o [4]
  .text                  ro code   0x801'3008     0x2e  DblCmpGe.o [4]
  .text                  ro code   0x801'3038    0x104  ldexp.o [4]
  .text                  ro code   0x801'313c      0xe  DblToS32.o [4]
  .text                  ro code   0x801'314a      0xe  S32ToDbl.o [4]
  .text                  ro code   0x801'3158     0x12  DblSub.o [4]
  .text                  ro code   0x801'316a     0x12  DblDiv.o [4]
  .text                  ro code   0x801'317c      0xe  DblToU32.o [4]
  .text                  ro code   0x801'318a      0xe  U32ToDbl.o [4]
  .text                  ro code   0x801'3198    0xeb8  xscanffull.o [2]
  .text                  ro code   0x801'4050     0x3c  wctob.o [2]
  .text                  ro code   0x801'408c     0x9e  iar_Stollx.o [2]
  .text                  ro code   0x801'412c    0x1bc  iar_Stoullx.o [2]
  .text                  ro code   0x801'42e8      0xe  math_wrappers64.o [4]
  .text                  ro code   0x801'42f6     0x14  isalpha.o [2]
  .text                  ro code   0x801'430a      0xe  DblToFlt.o [4]
  .text                  ro code   0x801'4318     0x14  tolower.o [2]
  .rodata                const     0x801'432c     0x3c  main.o [1]
  .text                  ro code   0x801'4368    0x478  strto64.o [4]
  .text                  ro code   0x801'47e0    0x122  iar_Stopfx.o [2]
  .text                  ro code   0x801'4904    0x1c4  iar_Stoflt.o [2]
  .text                  ro code   0x801'4ac8    0x21c  iar_Stoxflt.o [2]
  .rodata                const     0x801'4ce4    0x360  cli_port.o [1]
  .text                  ro code   0x801'5044    0x298  cli_port.o [1]
  .text                  ro code   0x801'52dc     0x88  cli_port.o [1]
  .text                  ro code   0x801'5364     0x74  usbd_cdc_if.o [1]
  .text                  ro code   0x801'53d8     0x34  vsprintf.o [2]
  .text                  ro code   0x801'540c     0x20  vsscanf.o [2]
  .text                  ro code   0x801'542c    0x1e8  cli_cmd.o [1]
  .text                  ro code   0x801'5614    0x10e  cli.o [1]
  .text                  ro code   0x801'5724    0x154  usbd_desc.o [1]
  .rodata                const     0x801'5878     0xa8  memp.o [1]
  .text                  ro code   0x801'5920     0x34  stm32f7xx_it.o [1]
  .text                  ro code   0x801'5954     0x2c  system_stm32f7xx.o [1]
  .text                  ro code   0x801'5980     0x28  data_init.o [5]
  .text                  ro code   0x801'59a8     0x22  fpinit_M.o [4]
  .iar.init_table        const     0x801'59cc     0x24  - Linker created -
  .text                  ro code   0x801'59f0     0x20  cmain_call_ctors.o [5]
  .text                  ro code   0x801'5a10     0x18  cppinit.o [2]
  .text                  ro code   0x801'5a28     0x1e  cmain.o [5]
  .text                  ro code   0x801'5a46      0x4  low_level_init.o [2]
  .text                  ro code   0x801'5a4a      0x4  exit.o [2]
  .text                  ro code   0x801'5a50      0xa  cexit.o [5]
  .text                  ro code   0x801'5a5c     0x10  startup_stm32f767xx.o [1]
  .text                  ro code   0x801'5a6c      0xc  cstartup_M.o [5]
  .rodata                const     0x801'5a78      0x8  ethernet.o [1]
  .rodata                const     0x801'5a80      0x8  ethernetif.o [1]
  .rodata                const     0x801'5a88      0x8  ip4_addr.o [1]
  .rodata                const     0x801'5a90      0x8  system_stm32f7xx.o [1]
  .rodata                const     0x801'5a98      0x6  xlocale_c.o [2]
  .text                  ro code   0x801'5a9e      0x4  startup_stm32f767xx.o [1]
  .text                  ro code   0x801'5aa2      0x4  startup_stm32f767xx.o [1]
  .text                  ro code   0x801'5aa6      0x4  startup_stm32f767xx.o [1]
  .text                  ro code   0x801'5aaa      0x4  startup_stm32f767xx.o [1]
  .text                  ro code   0x801'5aae      0x4  startup_stm32f767xx.o [1]
  .text                  ro code   0x801'5ab2      0x4  startup_stm32f767xx.o [1]
  .text                  ro code   0x801'5ab6      0x4  startup_stm32f767xx.o [1]
  .text                  ro code   0x801'5aba      0x4  startup_stm32f767xx.o [1]
  .text                  ro code   0x801'5abe      0x4  startup_stm32f767xx.o [1]
  .text                  ro code   0x801'5ac2      0x4  startup_stm32f767xx.o [1]
  .text                  ro code   0x801'5ac6      0x4  startup_stm32f767xx.o [1]
  .text                  ro code   0x801'5aca      0x4  startup_stm32f767xx.o [1]
  .text                  ro code   0x801'5ace      0x4  startup_stm32f767xx.o [1]
  .text                  ro code   0x801'5ad2      0x4  startup_stm32f767xx.o [1]
  .text                  ro code   0x801'5ad6      0x4  startup_stm32f767xx.o [1]
  .text                  ro code   0x801'5ada      0x4  startup_stm32f767xx.o [1]
  .text                  ro code   0x801'5ade      0x4  startup_stm32f767xx.o [1]
  .text                  ro code   0x801'5ae2      0x4  startup_stm32f767xx.o [1]
  .text                  ro code   0x801'5ae6      0x4  startup_stm32f767xx.o [1]
  .text                  ro code   0x801'5aea      0x4  startup_stm32f767xx.o [1]
  .text                  ro code   0x801'5aee      0x4  startup_stm32f767xx.o [1]
  .text                  ro code   0x801'5af2      0x4  startup_stm32f767xx.o [1]
  .text                  ro code   0x801'5af6      0x4  startup_stm32f767xx.o [1]
  .text                  ro code   0x801'5afa      0x4  startup_stm32f767xx.o [1]
  .text                  ro code   0x801'5afe      0x4  startup_stm32f767xx.o [1]
  .text                  ro code   0x801'5b02      0x4  startup_stm32f767xx.o [1]
  .text                  ro code   0x801'5b06      0x4  startup_stm32f767xx.o [1]
  .text                  ro code   0x801'5b0a      0x4  startup_stm32f767xx.o [1]
  .text                  ro code   0x801'5b0e      0x4  startup_stm32f767xx.o [1]
  .text                  ro code   0x801'5b12      0x4  startup_stm32f767xx.o [1]
  .text                  ro code   0x801'5b16      0x4  startup_stm32f767xx.o [1]
  .text                  ro code   0x801'5b1a      0x4  startup_stm32f767xx.o [1]
  .text                  ro code   0x801'5b1e      0x4  startup_stm32f767xx.o [1]
  .text                  ro code   0x801'5b22      0x4  startup_stm32f767xx.o [1]
  .text                  ro code   0x801'5b26      0x4  startup_stm32f767xx.o [1]
  .text                  ro code   0x801'5b2a      0x4  startup_stm32f767xx.o [1]
  .text                  ro code   0x801'5b2e      0x4  startup_stm32f767xx.o [1]
  .text                  ro code   0x801'5b32      0x4  startup_stm32f767xx.o [1]
  .text                  ro code   0x801'5b36      0x4  startup_stm32f767xx.o [1]
  .text                  ro code   0x801'5b3a      0x4  startup_stm32f767xx.o [1]
  .text                  ro code   0x801'5b3e      0x4  startup_stm32f767xx.o [1]
  .text                  ro code   0x801'5b42      0x4  startup_stm32f767xx.o [1]
  .text                  ro code   0x801'5b46      0x4  startup_stm32f767xx.o [1]
  .text                  ro code   0x801'5b4a      0x4  startup_stm32f767xx.o [1]
  .text                  ro code   0x801'5b4e      0x4  startup_stm32f767xx.o [1]
  .text                  ro code   0x801'5b52      0x4  startup_stm32f767xx.o [1]
  .text                  ro code   0x801'5b56      0x4  startup_stm32f767xx.o [1]
  .text                  ro code   0x801'5b5a      0x4  startup_stm32f767xx.o [1]
  .text                  ro code   0x801'5b5e      0x4  startup_stm32f767xx.o [1]
  .text                  ro code   0x801'5b62      0x4  startup_stm32f767xx.o [1]
  .text                  ro code   0x801'5b66      0x4  startup_stm32f767xx.o [1]
  .text                  ro code   0x801'5b6a      0x4  startup_stm32f767xx.o [1]
  .text                  ro code   0x801'5b6e      0x4  startup_stm32f767xx.o [1]
  .text                  ro code   0x801'5b72      0x4  startup_stm32f767xx.o [1]
  .text                  ro code   0x801'5b76      0x4  startup_stm32f767xx.o [1]
  .text                  ro code   0x801'5b7a      0x4  startup_stm32f767xx.o [1]
  .text                  ro code   0x801'5b7e      0x4  startup_stm32f767xx.o [1]
  .text                  ro code   0x801'5b82      0x4  startup_stm32f767xx.o [1]
  .text                  ro code   0x801'5b86      0x4  startup_stm32f767xx.o [1]
  .text                  ro code   0x801'5b8a      0x4  startup_stm32f767xx.o [1]
  .text                  ro code   0x801'5b8e      0x4  startup_stm32f767xx.o [1]
  .text                  ro code   0x801'5b92      0x4  startup_stm32f767xx.o [1]
  .text                  ro code   0x801'5b96      0x4  startup_stm32f767xx.o [1]
  .text                  ro code   0x801'5b9a      0x4  startup_stm32f767xx.o [1]
  .text                  ro code   0x801'5b9e      0x4  startup_stm32f767xx.o [1]
  .text                  ro code   0x801'5ba2      0x4  startup_stm32f767xx.o [1]
  .text                  ro code   0x801'5ba6      0x4  startup_stm32f767xx.o [1]
  .text                  ro code   0x801'5baa      0x4  startup_stm32f767xx.o [1]
  .text                  ro code   0x801'5bae      0x4  startup_stm32f767xx.o [1]
  .text                  ro code   0x801'5bb2      0x4  startup_stm32f767xx.o [1]
  .text                  ro code   0x801'5bb6      0x4  startup_stm32f767xx.o [1]
  .text                  ro code   0x801'5bba      0x4  startup_stm32f767xx.o [1]
  .text                  ro code   0x801'5bbe      0x4  startup_stm32f767xx.o [1]
  .text                  ro code   0x801'5bc2      0x4  startup_stm32f767xx.o [1]
  .text                  ro code   0x801'5bc6      0x4  startup_stm32f767xx.o [1]
  .text                  ro code   0x801'5bca      0x4  startup_stm32f767xx.o [1]
  .text                  ro code   0x801'5bce      0x4  startup_stm32f767xx.o [1]
  .text                  ro code   0x801'5bd2      0x4  startup_stm32f767xx.o [1]
  .text                  ro code   0x801'5bd6      0x4  startup_stm32f767xx.o [1]
  .text                  ro code   0x801'5bda      0x4  startup_stm32f767xx.o [1]
  .text                  ro code   0x801'5bde      0x4  startup_stm32f767xx.o [1]
  .text                  ro code   0x801'5be2      0x4  startup_stm32f767xx.o [1]
  .text                  ro code   0x801'5be6      0x4  startup_stm32f767xx.o [1]
  .text                  ro code   0x801'5bea      0x4  startup_stm32f767xx.o [1]
  .text                  ro code   0x801'5bee      0x4  startup_stm32f767xx.o [1]
  .text                  ro code   0x801'5bf2      0x4  startup_stm32f767xx.o [1]
  .text                  ro code   0x801'5bf6      0x4  startup_stm32f767xx.o [1]
  .text                  ro code   0x801'5bfa      0x4  startup_stm32f767xx.o [1]
  .text                  ro code   0x801'5bfe      0x4  startup_stm32f767xx.o [1]
  .text                  ro code   0x801'5c02      0x4  startup_stm32f767xx.o [1]
  .text                  ro code   0x801'5c06      0x4  startup_stm32f767xx.o [1]
  .text                  ro code   0x801'5c0a      0x4  startup_stm32f767xx.o [1]
  .text                  ro code   0x801'5c0e      0x4  startup_stm32f767xx.o [1]
  .text                  ro code   0x801'5c12      0x4  startup_stm32f767xx.o [1]
  .text                  ro code   0x801'5c16      0x4  startup_stm32f767xx.o [1]
  .text                  ro code   0x801'5c1a      0x4  startup_stm32f767xx.o [1]
  .text                  ro code   0x801'5c1e      0x4  startup_stm32f767xx.o [1]
  .text                  ro code   0x801'5c22      0x4  startup_stm32f767xx.o [1]
  .text                  ro code   0x801'5c26      0x4  startup_stm32f767xx.o [1]
  .text                  ro code   0x801'5c2a      0x4  startup_stm32f767xx.o [1]
  .text                  ro code   0x801'5c2e      0x4  startup_stm32f767xx.o [1]
  .text                  ro code   0x801'5c32      0x4  startup_stm32f767xx.o [1]
  .text                  ro code   0x801'5c36      0x4  startup_stm32f767xx.o [1]
  .text                  ro code   0x801'5c3a      0x4  startup_stm32f767xx.o [1]
  SHT$$PREINIT_ARRAY               0x801'5c40      0x0  <Block>
  SHT$$INIT_ARRAY                  0x801'5c40      0x4  <Block>
    .init_array          const     0x801'5c40      0x4  cli_port.o [1]
  __iar_tls$$INIT_ARRAY            0x801'5c44      0x0  <Block>
  .rodata                const     0x801'5c44      0x0  zero_init3.o [5]
  .rodata                const     0x801'5c44      0x0  lz77_init_single.o [5]
  Initializer bytes      const     0x801'5c44    0x13f  <for P2-1>
                                 - 0x801'5d83  0x15b8b

"P2", part 1 of 3:                               0x25e
  P2-1                            0x2000'0000    0x25e  <Init block>
    .data                inited   0x2000'0000     0x10  dhcp.o [1]
    .data                inited   0x2000'0010      0xc  port.o [1]
    .data                inited   0x2000'001c      0xc  stm32f7xx_hal.o [1]
    .data                inited   0x2000'0028      0x4  system_stm32f7xx.o [1]
    .data                inited   0x2000'002c     0x1c  tcp.o [1]
    .data                inited   0x2000'0048      0x8  udp.o [1]
    .data                inited   0x2000'0050      0xc  usbd_cdc.o [1]
    .data                inited   0x2000'005c     0x38  usbd_cdc.o [1]
    .data                inited   0x2000'0094     0x44  usbd_cdc.o [1]
    .data                inited   0x2000'00d8     0x44  usbd_cdc.o [1]
    .data                inited   0x2000'011c     0x44  usbd_cdc.o [1]
    .data                inited   0x2000'0160     0x14  usbd_cdc_if.o [1]
    .data                inited   0x2000'0174     0x20  usbd_desc.o [1]
    .data                inited   0x2000'0194     0x14  usbd_desc.o [1]
    .data                inited   0x2000'01a8      0xc  usbd_desc.o [1]
    .data                inited   0x2000'01b4      0x4  usbd_desc.o [1]
    .data                inited   0x2000'01b8     0x1c  usbd_desc.o [1]
    .data                inited   0x2000'01d4      0x8  rand.o [2]
    .data                inited   0x2000'01dc     0x38  xlocale_c.o [2]
    .data                inited   0x2000'0214     0x48  xlocale_c.o [2]
    .data                inited   0x2000'025c      0x2  tcp.o [1]
                                - 0x2000'025e    0x25e

"P2", part 2 of 3:                             0x4a190
  .bss                   zero     0x2000'0260  0x40018  heap_4.o [1]
  .bss                   zero     0x2004'0278   0x30ec  ethernetif.o [1]
  .bss                   zero     0x2004'3364   0x2604  memp.o [1]
  .bss                   zero     0x2004'5968   0x1000  usbd_cdc_if.o [1]
  .bss                   zero     0x2004'6968    0xba0  cli_port.o [1]
  .bss                   zero     0x2004'7508    0x664  mem.o [1]
  .bss                   zero     0x2004'7b6c    0x48a  dns.o [1]
  .bss                   zero     0x2004'7ff6      0x2  ip4.o [1]
  .bss                   zero     0x2004'7ff8    0x404  usbd_conf.o [1]
  .bss                   zero     0x2004'83fc    0x400  cli_port.o [1]
  .bss                   zero     0x2004'87fc    0x310  memp.o [1]
  .bss                   zero     0x2004'8b0c    0x2d0  usb_device.o [1]
  .bss                   zero     0x2004'8ddc    0x254  freertos.o [1]
  .bss                   zero     0x2004'9030    0x22c  main.o [1]
  .bss                   zero     0x2004'925c    0x200  usbd_desc.o [1]
  .bss                   zero     0x2004'945c    0x1d8  dlmalloc.o [2]
  .bss                   zero     0x2004'9634    0x16c  memp.o [1]
  .bss                   zero     0x2004'97a0    0x138  memp.o [1]
  .bss                   zero     0x2004'98d8    0x128  tasks.o [1]
  .bss                   zero     0x2004'9a00    0x104  memp.o [1]
  .bss                   zero     0x2004'9b04    0x104  memp.o [1]
  .bss                   zero     0x2004'9c08     0xf1  etharp.o [1]
  .bss                   zero     0x2004'9cf9      0x1  pbuf.o [1]
  .bss                   zero     0x2004'9cfa      0x1  tcp.o [1]
  .bss                   zero     0x2004'9cfb      0x1  usbd_ctlreq.o [1]
  .bss                   zero     0x2004'9cfc     0xe4  memp.o [1]
  .bss                   zero     0x2004'9de0     0xa4  memp.o [1]
  .bss                   zero     0x2004'9e84     0xa4  memp.o [1]
  .bss                   zero     0x2004'9f28     0x84  memp.o [1]
  .bss                   zero     0x2004'9fac     0x84  memp.o [1]
  .bss                   zero     0x2004'a030     0x84  memp.o [1]
  .bss                   zero     0x2004'a0b4     0x84  rand.o [2]
  .bss                   zero     0x2004'a138     0x64  memp.o [1]
  .bss                   zero     0x2004'a19c     0x40  cli_port.o [1]
  .bss                   zero     0x2004'a1dc     0x40  lwip.o [1]
  .bss                   zero     0x2004'a21c     0x40  queue.o [1]
  .bss                   zero     0x2004'a25c     0x40  stm32f7xx_hal_timebase_tim.o [1]
  .bss                   zero     0x2004'a29c     0x34  dhcp.o [1]
  .bss                   zero     0x2004'a2d0     0x34  tcp_in.o [1]
  .bss                   zero     0x2004'a304     0x24  freertos.o [1]
  .bss                   zero     0x2004'a328     0x24  memp.o [1]
  .bss                   zero     0x2004'a34c     0x18  ip.o [1]
  .bss                   zero     0x2004'a364     0x18  dlmalloc.o [2]
  .bss                   zero     0x2004'a37c     0x10  tcpip.o [1]
  .bss                   zero     0x2004'a38c      0xc  netif.o [1]
  .bss                   zero     0x2004'a398      0x8  ip4_frag.o [1]
  .bss                   zero     0x2004'a3a0      0x8  timeouts.o [1]
  .bss                   zero     0x2004'a3a8      0x4  memp.o [1]
  .bss                   zero     0x2004'a3ac      0x4  memp.o [1]
  .bss                   zero     0x2004'a3b0      0x4  memp.o [1]
  .bss                   zero     0x2004'a3b4      0x4  memp.o [1]
  .bss                   zero     0x2004'a3b8      0x4  memp.o [1]
  .bss                   zero     0x2004'a3bc      0x4  memp.o [1]
  .bss                   zero     0x2004'a3c0      0x4  memp.o [1]
  .bss                   zero     0x2004'a3c4      0x4  memp.o [1]
  .bss                   zero     0x2004'a3c8      0x4  memp.o [1]
  .bss                   zero     0x2004'a3cc      0x4  memp.o [1]
  .bss                   zero     0x2004'a3d0      0x4  memp.o [1]
  .bss                   zero     0x2004'a3d4      0x4  memp.o [1]
  .bss                   zero     0x2004'a3d8      0x4  memp.o [1]
  .bss                   zero     0x2004'a3dc      0x4  memp.o [1]
  .bss                   zero     0x2004'a3e0      0x4  sys_arch.o [1]
  .bss                   zero     0x2004'a3e4      0x4  timeouts.o [1]
  .bss                   zero     0x2004'a3e8      0x4  xfail_s.o [2]
  .bss                   zero     0x2004'a3ec      0x4  xgetmemchunk.o [2]
                                - 0x2004'a3f0  0x4a190

"P2", part 3 of 3:                               0x600
  CSTACK                          0x2004'a3f0    0x400  <Block>
    CSTACK               uninit   0x2004'a3f0    0x400  <Block tail>
  HEAP                            0x2004'a7f0    0x200  <Block>
    HEAP                 uninit   0x2004'a7f0    0x200  <Block tail>
                                - 0x2004'a9f0    0x600

Unused ranges:

         From           To       Size
         ----           --       ----
   0x801'5d83   0x81f'ffff  0x1e'a27d
  0x2000'025e  0x2000'025f        0x2
  0x2004'a9f0  0x2007'ffff   0x3'5610


*******************************************************************************
*** INIT TABLE
***

          Address      Size
          -------      ----
Zero (__iar_zero_init3)
    1 destination range, total size 0x4a190:
          0x2000'0260  0x4a190

Copy/lz77 (__iar_lz77_init_single3)
    1 source range, total size 0x13f (52% of destination):
           0x801'5c44    0x13f
    1 destination range, total size 0x25e:
          0x2000'0000    0x25e

Extra (__iar_cstart_call_ctors)



*******************************************************************************
*** MODULE SUMMARY
***

    Module                        ro code  ro data  rw data
    ------                        -------  -------  -------
command line/config:
    -------------------------------------------------------
    Total:

C:\Users\Чистое небо\Desktop\Э.01.00.00 Беспилотный мотодельтаплан\Полетный контроллер\firmware\FlyController\EWARM\FlyController\Obj: [1]
    api_lib.o                       1 096
    api_msg.o                       2 796
    cli.o                             270
    cli_cmd.o                         488
    cli_port.o                        800      868    4 064
    cmsis_os.o                        910
    def.o                              38
    dhcp.o                          4 726        8       68
    dns.o                             932             1 162
    etharp.o                        1 588               241
    ethernet.o                        252        8
    ethernetif.o                    1 228        8   12 524
    freertos.o                      1 120               632
    heap_4.o                          564           262 168
    icmp.o                            456
    init.o                             42
    ip.o                                                 24
    ip4.o                             744                 2
    ip4_addr.o                        360        8
    ip4_frag.o                      1 504                 8
    list.o                            190
    lwip.o                            104                64
    main.o                          1 520       60      556
    mem.o                             772             1 636
    memp.o                            236      168   12 856
    netbuf.o                           34
    netif.o                           588                12
    pbuf.o                          1 722                 1
    port.o                            584        6       12
    portasm.o                         180
    queue.o                         2 708                64
    startup_stm32f767xx.o             936
    stm32f7xx_hal.o                   120        7       12
    stm32f7xx_hal_can.o             1 786
    stm32f7xx_hal_cortex.o            152
    stm32f7xx_hal_crc.o               120
    stm32f7xx_hal_crc_ex.o             84
    stm32f7xx_hal_eth.o             2 644
    stm32f7xx_hal_gpio.o              556
    stm32f7xx_hal_i2c.o               178
    stm32f7xx_hal_i2c_ex.o            188
    stm32f7xx_hal_msp.o               652
    stm32f7xx_hal_pcd.o             2 552
    stm32f7xx_hal_pcd_ex.o            158
    stm32f7xx_hal_pwr.o                16
    stm32f7xx_hal_pwr_ex.o            120
    stm32f7xx_hal_rcc.o             1 452
    stm32f7xx_hal_rcc_ex.o          1 388
    stm32f7xx_hal_tim.o               698
    stm32f7xx_hal_tim_ex.o              6
    stm32f7xx_hal_timebase_tim.o      124                64
    stm32f7xx_hal_uart.o            1 176
    stm32f7xx_it.o                     52
    stm32f7xx_ll_usb.o              2 584
    sys_arch.o                        548                 4
    system_stm32f7xx.o                 44       10        4
    tasks.o                         2 864               296
    tcp.o                           3 672       16       31
    tcp_in.o                        4 528                52
    tcp_out.o                       3 994
    tcpip.o                           468                16
    timeouts.o                        488                12
    udp.o                           1 260        5        8
    usb_device.o                       84               720
    usbd_cdc.o                        826      143      272
    usbd_cdc_if.o                     116       10    4 116
    usbd_conf.o                       832             1 028
    usbd_core.o                       754
    usbd_ctlreq.o                   1 538                 1
    usbd_desc.o                       340       51      608
    usbd_ioreq.o                      156
    -------------------------------------------------------
    Total:                         68 806    1 376  303 338

dl7M_tlf.a: [2]
    abort.o                             6
    cppinit.o                          24
    dlmalloc.o                      5 344               496
    exit.o                              4
    heaptramp0.o                        4
    iar_Stoflt.o                      452
    iar_Stollx.o                      158
    iar_Stopfx.o                      290
    iar_Stoullx.o                     444
    iar_Stoxflt.o                     540
    isalpha.o                          20
    islower.o                          20
    isspace.o                          20
    low_level_init.o                    4
    rand.o                            164        4      140
    tolower.o                          20
    vsprintf.o                         52
    vsscanf.o                          32
    wctob.o                            60
    xencoding_8859_1.o                 38
    xfail_s.o                          64                 4
    xgetmemchunk.o                     44                 4
    xlocale_c.o                       260       73      128
    xmbcurmax.o                        10
    xprintffull.o                   3 962
    xscanffull.o                    3 768
    xsprout.o                          10
    xsscin.o                           30
    -------------------------------------------------------
    Total:                         15 844       77      772

dlpp7M_tl_fc.a: [3]
    -------------------------------------------------------
    Total:

m7M_tlv.a: [4]
    DblCmpGe.o                         46
    DblCmpLe.o                         46
    DblDiv.o                           18
    DblMul.o                           18
    DblSub.o                           18
    DblToFlt.o                         14
    DblToS32.o                         14
    DblToU32.o                         14
    S32ToDbl.o                         14
    U32ToDbl.o                         14
    fpinit_M.o                         34
    frexp.o                           136
    ldexp.o                           260
    math_wrappers64.o                  14
    strto64.o                       1 144
    -------------------------------------------------------
    Total:                          1 804

rt7M_tl.a: [5]
    ABImemclr.o                         6
    ABImemclr4.o                        6
    ABImemcpy.o                       166
    ABImemset.o                        94
    ABImemset48.o                      50
    I64DivMod.o                       560
    I64DivZer.o                         2
    cexit.o                            10
    cmain.o                            30
    cmain_call_ctors.o                 32
    cstartup_M.o                       12
    data_init.o                        40
    lz77_init_single.o                122
    memchr.o                           88
    memcmp.o                          104
    strchr.o                           22
    strlen.o                           54
    zero_init3.o                       58
    -------------------------------------------------------
    Total:                          1 456

shb_l.a: [6]
    exit.o                             20
    unwind_debug.o                               1
    -------------------------------------------------------
    Total:                             20        1

    Gaps                               51        2
    Linker created                              36    1 536
-----------------------------------------------------------
    Grand Total:                   87 981    1 492  305 646


*******************************************************************************
*** ENTRY LIST
***

Entry                       Address     Size  Type      Object
-----                       -------     ----  ----      ------
.iar.init_table$$Base    0x801'59cc            --   Gb  - Linker created -
.iar.init_table$$Limit   0x801'59f0            --   Gb  - Linker created -
?main                    0x801'5a29           Code  Gb  cmain.o [5]
AHBPrescTable            0x801'5970     0x10  Data  Gb  system_stm32f7xx.o [1]
APBPrescTable            0x801'5a90      0x8  Data  Gb  system_stm32f7xx.o [1]
BusFault_Handler         0x801'5927      0x2  Code  Gb  stm32f7xx_it.o [1]
CAN1_RX0_IRQHandler      0x801'592d      0x6  Code  Gb  stm32f7xx_it.o [1]
CANTaskHandle           0x2004'9254      0x4  Data  Gb  main.o [1]
CDC_Control_FS           0x801'538b      0x4  Code  Lc  usbd_cdc_if.o [1]
CDC_DeInit_FS            0x801'5387      0x4  Code  Lc  usbd_cdc_if.o [1]
CDC_Init_FS              0x801'5365     0x22  Code  Lc  usbd_cdc_if.o [1]
CDC_Receive_FS           0x801'538f     0x16  Code  Lc  usbd_cdc_if.o [1]
CDC_TransmitCplt_FS      0x801'53d5      0x4  Code  Lc  usbd_cdc_if.o [1]
CDC_Transmit_FS          0x801'53a5     0x26  Code  Gb  usbd_cdc_if.o [1]
CLI_CommandsParser       0x801'542d    0x122  Code  Gb  cli_cmd.o [1]
CLI_STR_INVALID_KEYWORD
                         0x801'55f4     0x20  Data  Lc  cli_cmd.o [1]
CLI_STR_UNKNOWN_COMMAND
                         0x801'55d4     0x20  Data  Lc  cli_cmd.o [1]
CSTACK$$Base            0x2004'a3f0            --   Gb  - Linker created -
CSTACK$$Limit           0x2004'a7f0            --   Gb  - Linker created -
CacheMore                0x800'8fa1     0x24  Code  Lc  xlocale_c.o [2]
CalibrationHandler       0x800'b3eb     0x66  Code  Gb  freertos.o [1]
CliTaskHandle           0x2004'9258      0x4  Data  Gb  main.o [1]
ConGndStatTaskHandle    0x2004'924c      0x4  Data  Gb  main.o [1]
DBG_CLI_IOStruct         0x801'52cc     0x10  Data  Lc  cli_port.o [1]
DBG_CLI_UART            0x2004'6f38    0x5d0  Data  Gb  cli_port.o [1]
DBG_CLI_USB             0x2004'6968    0x5d0  Data  Gb  cli_port.o [1]
DMARxDscrTab            0x2004'02c4     0x80  Data  Gb  ethernetif.o [1]
DMATxDscrTab            0x2004'0344     0x80  Data  Gb  ethernetif.o [1]
DbgPrintf                0x801'5099     0x90  Code  Gb  cli_port.o [1]
DbgPrintf::USB_printf_buff
                        0x2004'83fc    0x400  Data  Lc  cli_port.o [1]
DbgScanf                 0x801'515d     0xc4  Code  Gb  cli_port.o [1]
DbgScanf::USB_scanf_buff
                        0x2004'a19c     0x40  Data  Lc  cli_port.o [1]
DbgUSBPutChar            0x801'5073     0x24  Code  Gb  cli_port.o [1]
DbgUSBReadChar           0x801'5129     0x34  Code  Gb  cli_port.o [1]
DebugMon_Handler         0x801'592b      0x2  Code  Gb  stm32f7xx_it.o [1]
Dtentox                  0x801'44c1    0x14e  Code  Lc  strto64.o [4]
ETH_FlushTransmitFIFO    0x800'c179     0x2c  Code  Lc  stm32f7xx_hal_eth.o [1]
ETH_IRQHandler           0x801'5939      0x6  Code  Gb  stm32f7xx_it.o [1]
ETH_MACDMAConfig         0x800'c045     0xf6  Code  Lc  stm32f7xx_hal_eth.o [1]
ElMotorCANQueueHandle   0x2004'a31c      0x4  Data  Gb  freertos.o [1]
ElMotorUnitParameters   0x2004'a304     0x10  Data  Gb  freertos.o [1]
Error_Handler            0x800'dbf5     0x6e  Code  Gb  main.o [1]
FS_Desc                 0x2000'0174     0x20  Data  Gb  usbd_desc.o [1]
GroundStationDataQueueHandle
                        0x2004'a318      0x4  Data  Gb  freertos.o [1]
HAL_CAN_ActivateNotification
                         0x800'cc4b     0x24  Code  Gb  stm32f7xx_hal_can.o [1]
HAL_CAN_AddTxMessage     0x800'ca49     0xdc  Code  Gb  stm32f7xx_hal_can.o [1]
HAL_CAN_ConfigFilter     0x800'c8b9    0x12a  Code  Gb  stm32f7xx_hal_can.o [1]
HAL_CAN_GetRxMessage     0x800'cb25    0x126  Code  Gb  stm32f7xx_hal_can.o [1]
HAL_CAN_IRQHandler       0x800'cc6f    0x200  Code  Gb  stm32f7xx_hal_can.o [1]
HAL_CAN_Init             0x800'c78d    0x12c  Code  Gb  stm32f7xx_hal_can.o [1]
HAL_CAN_MspInit          0x800'eb8f     0x6a  Code  Gb  stm32f7xx_hal_msp.o [1]
HAL_CAN_RxFifo0MsgPendingCallback
                         0x800'b31d     0x32  Code  Gb  freertos.o [1]
HAL_CAN_Start            0x800'c9e3     0x5e  Code  Gb  stm32f7xx_hal_can.o [1]
HAL_CRCEx_Polynomial_Set
                         0x801'148f     0x54  Code  Gb  stm32f7xx_hal_crc_ex.o [1]
HAL_CRC_Init             0x800'ff51     0x74  Code  Gb  stm32f7xx_hal_crc.o [1]
HAL_CRC_MspInit          0x800'ebf9     0x22  Code  Gb  stm32f7xx_hal_msp.o [1]
HAL_Delay                0x800'd41d     0x2c  Code  Wk  stm32f7xx_hal.o [1]
HAL_ETH_DMARxDescListInit
                         0x800'bc05     0xc2  Code  Gb  stm32f7xx_hal_eth.o [1]
HAL_ETH_DMATxDescListInit
                         0x800'bb35     0xce  Code  Gb  stm32f7xx_hal_eth.o [1]
HAL_ETH_GetReceivedFrame_IT
                         0x800'bdcb     0x8e  Code  Gb  stm32f7xx_hal_eth.o [1]
HAL_ETH_IRQHandler       0x800'be59     0x6c  Code  Gb  stm32f7xx_hal_eth.o [1]
HAL_ETH_Init             0x800'b755    0x3e0  Code  Gb  stm32f7xx_hal_eth.o [1]
HAL_ETH_MspInit          0x800'a629    0x148  Code  Gb  ethernetif.o [1]
HAL_ETH_ReadPHYRegister
                         0x800'bec5     0x7e  Code  Gb  stm32f7xx_hal_eth.o [1]
HAL_ETH_RxCpltCallback   0x800'a771      0x8  Code  Gb  ethernetif.o [1]
HAL_ETH_Start            0x800'bfb7     0x8e  Code  Gb  stm32f7xx_hal_eth.o [1]
HAL_ETH_TransmitFrame    0x800'bcc7    0x104  Code  Gb  stm32f7xx_hal_eth.o [1]
HAL_ETH_WritePHYRegister
                         0x800'bf43     0x74  Code  Gb  stm32f7xx_hal_eth.o [1]
HAL_GPIO_Init            0x800'b491    0x1e2  Code  Gb  stm32f7xx_hal_gpio.o [1]
HAL_GPIO_TogglePin       0x800'b67d      0xc  Code  Gb  stm32f7xx_hal_gpio.o [1]
HAL_GPIO_WritePin        0x800'b675      0x8  Code  Gb  stm32f7xx_hal_gpio.o [1]
HAL_GetTick              0x800'c1a5      0xc  Code  Wk  stm32f7xx_hal.o [1]
HAL_I2CEx_ConfigAnalogFilter
                         0x801'007d     0x62  Code  Gb  stm32f7xx_hal_i2c_ex.o [1]
HAL_I2CEx_ConfigDigitalFilter
                         0x801'00df     0x5a  Code  Gb  stm32f7xx_hal_i2c_ex.o [1]
HAL_I2C_Init             0x800'ffc9     0xb2  Code  Gb  stm32f7xx_hal_i2c.o [1]
HAL_I2C_MspInit          0x800'ec1b     0x60  Code  Gb  stm32f7xx_hal_msp.o [1]
HAL_IncTick              0x801'072d     0x10  Code  Wk  stm32f7xx_hal.o [1]
HAL_Init                 0x800'fa89     0x2c  Code  Gb  stm32f7xx_hal.o [1]
HAL_InitTick             0x800'edfd     0x6c  Code  Gb  stm32f7xx_hal_timebase_tim.o [1]
HAL_MspInit              0x800'eb59     0x36  Code  Gb  stm32f7xx_hal_msp.o [1]
HAL_NVIC_EnableIRQ       0x800'b729     0x16  Code  Gb  stm32f7xx_hal_cortex.o [1]
HAL_NVIC_SetPriority     0x800'b6d7     0x52  Code  Gb  stm32f7xx_hal_cortex.o [1]
HAL_NVIC_SetPriorityGrouping
                         0x800'b6bd     0x1a  Code  Gb  stm32f7xx_hal_cortex.o [1]
HAL_PCDEx_ActivateLPM    0x801'1469     0x26  Code  Gb  stm32f7xx_hal_pcd_ex.o [1]
HAL_PCDEx_LPM_Callback   0x800'f379     0x5e  Code  Gb  usbd_conf.o [1]
HAL_PCDEx_SetRxFiFo      0x801'1461      0x8  Code  Gb  stm32f7xx_hal_pcd_ex.o [1]
HAL_PCDEx_SetTxFiFo      0x801'13f1     0x70  Code  Gb  stm32f7xx_hal_pcd_ex.o [1]
HAL_PCD_ConnectCallback
                         0x800'f1f1      0x8  Code  Gb  usbd_conf.o [1]
HAL_PCD_DataInStageCallback
                         0x800'f165     0x12  Code  Gb  usbd_conf.o [1]
HAL_PCD_DataOutStageCallback
                         0x800'f151     0x14  Code  Gb  usbd_conf.o [1]
HAL_PCD_DisconnectCallback
                         0x800'f1f9      0x8  Code  Gb  usbd_conf.o [1]
HAL_PCD_EP_Close         0x801'10ab     0x50  Code  Gb  stm32f7xx_hal_pcd.o [1]
HAL_PCD_EP_ClrStall      0x801'1221     0x5e  Code  Gb  stm32f7xx_hal_pcd.o [1]
HAL_PCD_EP_GetRxCount    0x801'114b     0x12  Code  Gb  stm32f7xx_hal_pcd.o [1]
HAL_PCD_EP_Open          0x801'1043     0x68  Code  Gb  stm32f7xx_hal_pcd.o [1]
HAL_PCD_EP_Receive       0x801'10fb     0x50  Code  Gb  stm32f7xx_hal_pcd.o [1]
HAL_PCD_EP_SetStall      0x801'11ab     0x76  Code  Gb  stm32f7xx_hal_pcd.o [1]
HAL_PCD_EP_Transmit      0x801'115d     0x4e  Code  Gb  stm32f7xx_hal_pcd.o [1]
HAL_PCD_IRQHandler       0x801'0bd9    0x442  Code  Gb  stm32f7xx_hal_pcd.o [1]
HAL_PCD_ISOINIncompleteCallback
                         0x800'f1e9      0x8  Code  Gb  usbd_conf.o [1]
HAL_PCD_ISOOUTIncompleteCallback
                         0x800'f1e1      0x8  Code  Gb  usbd_conf.o [1]
HAL_PCD_Init             0x801'09f9    0x1b6  Code  Gb  stm32f7xx_hal_pcd.o [1]
HAL_PCD_MspInit          0x800'f0a9     0x9c  Code  Gb  usbd_conf.o [1]
HAL_PCD_ResetCallback    0x800'f17f     0x30  Code  Gb  usbd_conf.o [1]
HAL_PCD_ResumeCallback   0x800'f1d9      0x8  Code  Gb  usbd_conf.o [1]
HAL_PCD_SOFCallback      0x800'f177      0x8  Code  Gb  usbd_conf.o [1]
HAL_PCD_SetAddress       0x801'101b     0x28  Code  Gb  stm32f7xx_hal_pcd.o [1]
HAL_PCD_SetupStageCallback
                         0x800'f145      0xc  Code  Gb  usbd_conf.o [1]
HAL_PCD_Start            0x801'0baf     0x2a  Code  Gb  stm32f7xx_hal_pcd.o [1]
HAL_PCD_SuspendCallback
                         0x800'f1af     0x2a  Code  Gb  usbd_conf.o [1]
HAL_PWREx_EnableOverDrive
                         0x801'0149     0x6e  Code  Gb  stm32f7xx_hal_pwr_ex.o [1]
HAL_PWR_EnableBkUpAccess
                         0x801'0139      0xc  Code  Gb  stm32f7xx_hal_pwr.o [1]
HAL_RCCEx_PeriphCLKConfig
                         0x801'01c1    0x560  Code  Gb  stm32f7xx_hal_rcc_ex.o [1]
HAL_RCC_ClockConfig      0x800'd20f    0x12e  Code  Gb  stm32f7xx_hal_rcc.o [1]
HAL_RCC_GetClockConfig   0x800'd3b5     0x3e  Code  Gb  stm32f7xx_hal_rcc.o [1]
HAL_RCC_GetHCLKFreq      0x800'd387      0x6  Code  Gb  stm32f7xx_hal_rcc.o [1]
HAL_RCC_GetPCLK1Freq     0x800'd38d     0x14  Code  Gb  stm32f7xx_hal_rcc.o [1]
HAL_RCC_GetPCLK2Freq     0x800'd3a1     0x14  Code  Gb  stm32f7xx_hal_rcc.o [1]
HAL_RCC_GetSysClockFreq
                         0x800'd33d     0x4a  Code  Gb  stm32f7xx_hal_rcc.o [1]
HAL_RCC_OscConfig        0x800'ce71    0x39e  Code  Gb  stm32f7xx_hal_rcc.o [1]
HAL_TIMEx_Break2Callback
                         0x801'14eb      0x2  Code  Wk  stm32f7xx_hal_tim_ex.o [1]
HAL_TIMEx_BreakCallback
                         0x801'14e9      0x2  Code  Wk  stm32f7xx_hal_tim_ex.o [1]
HAL_TIMEx_CommutCallback
                         0x801'14ef      0x2  Code  Wk  stm32f7xx_hal_tim_ex.o [1]
HAL_TIM_Base_Init        0x801'0741     0x34  Code  Gb  stm32f7xx_hal_tim.o [1]
HAL_TIM_Base_Start_IT    0x801'0775     0x28  Code  Gb  stm32f7xx_hal_tim.o [1]
HAL_TIM_IRQHandler       0x801'07a1    0x164  Code  Gb  stm32f7xx_hal_tim.o [1]
HAL_TIM_PeriodElapsedCallback
                         0x800'dbe7      0xe  Code  Gb  main.o [1]
HAL_UART_Init            0x800'fab9     0x62  Code  Gb  stm32f7xx_hal_uart.o [1]
HAL_UART_MspInit         0x800'ec7b    0x13a  Code  Gb  stm32f7xx_hal_msp.o [1]
HEAP$$Base              0x2004'a7f0            --   Gb  - Linker created -
HEAP$$Limit             0x2004'a9f0            --   Gb  - Linker created -
HardFault_Handler        0x801'5923      0x2  Code  Gb  stm32f7xx_it.o [1]
LoadInt                  0x801'20cb     0x7a  Code  Lc  xprintffull.o [2]
MX_GPIO_Init             0x800'da9d    0x14a  Code  Lc  main.o [1]
MX_LWIP_Init             0x800'c2b9     0x68  Code  Gb  lwip.o [1]
MX_USB_DEVICE_Init       0x800'c265     0x54  Code  Gb  usb_device.o [1]
MemManage_Handler        0x801'5925      0x2  Code  Gb  stm32f7xx_it.o [1]
NMI_Handler              0x801'5921      0x2  Code  Gb  stm32f7xx_it.o [1]
OTG_FS_IRQHandler        0x801'593f      0x6  Code  Gb  stm32f7xx_it.o [1]
PCD_EP_OutXfrComplete_int
                         0x801'1325     0xc2  Code  Lc  stm32f7xx_hal_pcd.o [1]
PCD_WriteEmptyTxFifo     0x801'127f     0xa6  Code  Lc  stm32f7xx_hal_pcd.o [1]
ParsGndStTaskHandle     0x2004'9250      0x4  Data  Gb  main.o [1]
PendSV_Handler           0x800'c1b1           Code  Gb  portasm.o [1]
PilotCommandHandler      0x800'b35b     0x90  Code  Gb  freertos.o [1]
Region$$Table$$Base      0x801'59cc            --   Gb  - Linker created -
Region$$Table$$Limit     0x801'59f0            --   Gb  - Linker created -
Rx_Buff                 0x2004'03c4   0x17d0  Data  Gb  ethernetif.o [1]
SHT$$INIT_ARRAY$$Base    0x801'5c40            --   Gb  - Linker created -
SHT$$INIT_ARRAY$$Limit   0x801'5c44            --   Gb  - Linker created -
SHT$$PREINIT_ARRAY$$Base
                         0x801'5c40            --   Gb  - Linker created -
SHT$$PREINIT_ARRAY$$Limit
                         0x801'5c40            --   Gb  - Linker created -
SVC_Handler              0x800'c20d           Code  Gb  portasm.o [1]
StartCANTask             0x800'b24d     0xd0  Code  Gb  freertos.o [1]
StartCANTask::calibbuf   0x800'b484      0xc  Data  Lc  freertos.o [1]
StartCANTask::testbuf    0x800'b478      0xc  Data  Lc  freertos.o [1]
StartCliTask             0x800'b34f      0xc  Code  Gb  freertos.o [1]
StartConGroundStation    0x800'b0a1     0xec  Code  Gb  freertos.o [1]
StartDefaultTask         0x800'b045     0x5c  Code  Gb  freertos.o [1]
StartParserGroundStation
                         0x800'b18d     0xbe  Code  Gb  freertos.o [1]
SysTick_Handler          0x800'ad3d     0x2e  Code  Gb  port.o [1]
SystemClock_Config       0x800'd9c7     0xd6  Code  Gb  main.o [1]
SystemCoreClock         0x2000'0028      0x4  Data  Gb  system_stm32f7xx.o [1]
SystemInit               0x801'5955     0x16  Code  Gb  system_stm32f7xx.o [1]
TIM8_TRG_COM_TIM14_IRQHandler
                         0x801'5933      0x6  Code  Gb  stm32f7xx_it.o [1]
TIM_Base_SetConfig       0x801'0905     0xbe  Code  Gb  stm32f7xx_hal_tim.o [1]
Tx_Buff                 0x2004'1b94   0x17d0  Data  Gb  ethernetif.o [1]
UART_AdvFeatureConfig    0x800'fdbd     0xcc  Code  Gb  stm32f7xx_hal_uart.o [1]
UART_CheckIdleState      0x800'fe89     0xc8  Code  Gb  stm32f7xx_hal_uart.o [1]
UART_SetConfig           0x800'fb1d    0x26e  Code  Gb  stm32f7xx_hal_uart.o [1]
USBD_CDC                0x2000'005c     0x38  Data  Gb  usbd_cdc.o [1]
USBD_CDC_CfgFSDesc      0x2000'00d8     0x44  Data  Lc  usbd_cdc.o [1]
USBD_CDC_CfgHSDesc      0x2000'0094     0x44  Data  Lc  usbd_cdc.o [1]
USBD_CDC_DataIn          0x800'def1     0x5e  Code  Lc  usbd_cdc.o [1]
USBD_CDC_DataOut         0x800'df4f     0x30  Code  Lc  usbd_cdc.o [1]
USBD_CDC_DeInit          0x800'ddd5     0x4e  Code  Lc  usbd_cdc.o [1]
USBD_CDC_DeviceQualifierDesc
                        0x2000'0050      0xc  Data  Lc  usbd_cdc.o [1]
USBD_CDC_EP0_RxReady     0x800'df7f     0x2e  Code  Lc  usbd_cdc.o [1]
USBD_CDC_GetDeviceQualifierDescriptor
                         0x800'dfc5      0x8  Code  Gb  usbd_cdc.o [1]
USBD_CDC_GetFSCfgDesc    0x800'dfad      0x8  Code  Lc  usbd_cdc.o [1]
USBD_CDC_GetHSCfgDesc    0x800'dfb5      0x8  Code  Lc  usbd_cdc.o [1]
USBD_CDC_GetOtherSpeedCfgDesc
                         0x800'dfbd      0x8  Code  Lc  usbd_cdc.o [1]
USBD_CDC_Init            0x800'dd31     0xa4  Code  Lc  usbd_cdc.o [1]
USBD_CDC_OtherSpeedCfgDesc
                        0x2000'011c     0x44  Data  Lc  usbd_cdc.o [1]
USBD_CDC_ReceivePacket   0x800'e03f     0x2c  Code  Gb  usbd_cdc.o [1]
USBD_CDC_RegisterInterface
                         0x800'dfdd      0xe  Code  Gb  usbd_cdc.o [1]
USBD_CDC_SetRxBuffer     0x800'dffb      0xc  Code  Gb  usbd_cdc.o [1]
USBD_CDC_SetTxBuffer     0x800'dfeb     0x10  Code  Gb  usbd_cdc.o [1]
USBD_CDC_Setup           0x800'de25     0xcc  Code  Lc  usbd_cdc.o [1]
USBD_CDC_TransmitPacket
                         0x800'e007     0x38  Code  Gb  usbd_cdc.o [1]
USBD_ClrClassConfig      0x800'd4cd     0x14  Code  Gb  usbd_core.o [1]
USBD_CtlContinueRx       0x800'fa3f     0x14  Code  Gb  usbd_ioreq.o [1]
USBD_CtlContinueSendData
                         0x800'fa09     0x14  Code  Gb  usbd_ioreq.o [1]
USBD_CtlError            0x800'f943     0x16  Code  Gb  usbd_ctlreq.o [1]
USBD_CtlPrepareRx        0x800'fa1d     0x22  Code  Gb  usbd_ioreq.o [1]
USBD_CtlReceiveStatus    0x800'fa6d     0x1a  Code  Gb  usbd_ioreq.o [1]
USBD_CtlSendData         0x800'f9eb     0x1e  Code  Gb  usbd_ioreq.o [1]
USBD_CtlSendStatus       0x800'fa53     0x1a  Code  Gb  usbd_ioreq.o [1]
USBD_FS_BOSDesc         0x2000'01a8      0xc  Data  Gb  usbd_desc.o [1]
USBD_FS_ConfigStrDescriptor
                         0x801'57e9     0x14  Code  Gb  usbd_desc.o [1]
USBD_FS_DeviceDesc      0x2000'0194     0x14  Data  Gb  usbd_desc.o [1]
USBD_FS_DeviceDescriptor
[...]
pbuf_copy                0x800'39d9     0x92  Code  Gb  pbuf.o [1]
pbuf_copy_partial        0x800'3a6b     0x6c  Code  Gb  pbuf.o [1]
pbuf_free                0x800'3875     0x60  Code  Gb  pbuf.o [1]
pbuf_free_ooseq_callback
                         0x800'3569     0x48  Code  Lc  pbuf.o [1]
pbuf_free_ooseq_pending
                        0x2004'9cf9      0x1  Data  Gb  pbuf.o [1]
pbuf_header_force        0x800'3871      0x4  Code  Gb  pbuf.o [1]
pbuf_header_impl         0x800'3863      0xe  Code  Lc  pbuf.o [1]
pbuf_put_at              0x800'3bd9     0x4a  Code  Gb  pbuf.o [1]
pbuf_realloc             0x800'372d     0x78  Code  Gb  pbuf.o [1]
pbuf_ref                 0x800'38fb     0x1a  Code  Gb  pbuf.o [1]
pbuf_remove_header       0x800'3833     0x30  Code  Gb  pbuf.o [1]
pbuf_take                0x800'3ad7     0x50  Code  Gb  pbuf.o [1]
pbuf_take_at             0x800'3b27     0x90  Code  Gb  pbuf.o [1]
poll_tcp                 0x800'e16d     0x60  Code  Lc  api_msg.o [1]
pows                     0x801'4798     0x48  Data  Lc  strto64.o [4]
prepend_alloc            0x800'027b    0x346  Code  Lc  dlmalloc.o [2]
prvAddNewTaskToReadyList
                         0x800'9253    0x106  Code  Lc  tasks.o [1]
prvCopyDataFromQueue     0x800'a543     0x26  Code  Lc  queue.o [1]
prvCopyDataToQueue       0x800'a4c7     0x7c  Code  Lc  queue.o [1]
prvDeleteTCB             0x800'98fd     0x38  Code  Lc  tasks.o [1]
prvIdleTask              0x800'98a1     0x56  Code  Lc  tasks.o [1]
prvInitialiseMutex       0x800'9d05     0x12  Code  Lc  queue.o [1]
prvInsertBlockIntoFreeList
                         0x800'afc7     0x64  Code  Lc  heap_4.o [1]
prvTaskExitError         0x800'abdd     0x20  Code  Lc  port.o [1]
prvUnlockQueue           0x800'a569     0x60  Code  Lc  queue.o [1]
pvPortMalloc             0x800'adfd    0x15c  Code  Gb  heap_4.o [1]
pvTaskIncrementMutexHeldCount
                         0x800'9b75     0x1a  Code  Gb  tasks.o [1]
pxCurrentTCB            0x2004'998c      0x4  Data  Gb  tasks.o [1]
pxDelayedTaskList       0x2004'9990      0x4  Data  Lc  tasks.o [1]
pxEnd                   0x2000'0268      0x4  Data  Lc  heap_4.o [1]
pxOverflowDelayedTaskList
                        0x2004'9994      0x4  Data  Lc  tasks.o [1]
pxPortInitialiseStack    0x800'abb5     0x28  Code  Gb  port.o [1]
pxReadyTasksLists       0x2004'9900     0x8c  Data  Lc  tasks.o [1]
ram                     0x2004'7508      0x4  Data  Lc  mem.o [1]
ram_end                 0x2004'750c      0x4  Data  Lc  mem.o [1]
ram_heap                0x2004'7514    0x654  Data  Gb  mem.o [1]
rand                     0x800'3c49     0x94  Code  Gb  rand.o [2]
ranmatch                 0x801'3505     0x44  Code  Lc  xscanffull.o [2]
reassdatagrams          0x2004'a39c      0x4  Data  Lc  ip4_frag.o [1]
recv_acked              0x2004'a2e6      0x2  Data  Lc  tcp_in.o [1]
recv_data               0x2004'a2fc      0x4  Data  Lc  tcp_in.o [1]
recv_flags              0x2004'a2e1      0x1  Data  Lc  tcp_in.o [1]
recv_tcp                 0x800'e111     0x5c  Code  Lc  api_msg.o [1]
recv_udp                 0x800'e0a3     0x6e  Code  Lc  api_msg.o [1]
s_xSemaphore            0x2004'02c0      0x4  Data  Gb  ethernetif.o [1]
scalbln                  0x801'304d           Code  Gb  ldexp.o [4]
scalblnl                 0x801'304d           Code  Gb  ldexp.o [4]
scalbn                   0x801'304d           Code  Gb  ldexp.o [4]
scalbnl                  0x801'304d           Code  Gb  ldexp.o [4]
scale                    0x801'26eb     0x46  Code  Lc  xprintffull.o [2]
sec_hand                0x2004'a3e8      0x4  Data  Lc  xfail_s.o [2]
segment_holding          0x800'01f9     0x1a  Code  Lc  dlmalloc.o [2]
sent_tcp                 0x800'e1cd     0x56  Code  Lc  api_msg.o [1]
seqno                   0x2004'a2f4      0x4  Data  Lc  tcp_in.o [1]
setup_tcp                0x800'e2fd     0x3a  Code  Lc  api_msg.o [1]
strchr                   0x801'2e85           Code  Gb  strchr.o [5]
strlen                   0x800'6195           Code  Gb  strlen.o [5]
strtoll                  0x801'4125      0x2  Code  Gb  iar_Stollx.o [2]
strtoull                 0x801'4291      0x2  Code  Gb  iar_Stoullx.o [2]
sys_alloc                0x800'07b9    0x164  Code  Lc  dlmalloc.o [2]
sys_arch_mbox_fetch      0x800'4f3b     0x48  Code  Gb  sys_arch.o [1]
sys_arch_mbox_tryfetch   0x800'4f83     0x24  Code  Gb  sys_arch.o [1]
sys_arch_protect         0x800'50bb     0x16  Code  Gb  sys_arch.o [1]
sys_arch_sem_wait        0x800'4fef     0x34  Code  Gb  sys_arch.o [1]
sys_arch_unprotect       0x800'50d1      0x8  Code  Gb  sys_arch.o [1]
sys_check_timeouts       0x800'8e93     0x38  Code  Gb  timeouts.o [1]
sys_init                 0x800'503d     0x12  Code  Gb  sys_arch.o [1]
sys_mbox_free            0x800'4f11     0x14  Code  Gb  sys_arch.o [1]
sys_mbox_new             0x800'4ee5     0x2c  Code  Gb  sys_arch.o [1]
sys_mbox_set_invalid     0x800'4faf      0x6  Code  Gb  sys_arch.o [1]
sys_mbox_trypost         0x800'4f25     0x16  Code  Gb  sys_arch.o [1]
sys_mbox_valid           0x800'4fa7      0x8  Code  Gb  sys_arch.o [1]
sys_mutex_lock           0x800'5079      0xa  Code  Gb  sys_arch.o [1]
sys_mutex_new            0x800'5051     0x28  Code  Gb  sys_arch.o [1]
sys_mutex_unlock         0x800'5083      0x6  Code  Gb  sys_arch.o [1]
sys_now                  0x800'aacd      0x4  Code  Gb  ethernetif.o [1]
sys_sem_free             0x800'5029      0x6  Code  Gb  sys_arch.o [1]
sys_sem_new              0x800'4fb9     0x36  Code  Gb  sys_arch.o [1]
sys_sem_set_invalid      0x800'5037      0x6  Code  Gb  sys_arch.o [1]
sys_sem_signal           0x800'5023      0x6  Code  Gb  sys_arch.o [1]
sys_sem_valid            0x800'502f      0x8  Code  Gb  sys_arch.o [1]
sys_thread_new           0x800'5089     0x32  Code  Gb  sys_arch.o [1]
sys_timeout_abs          0x800'8db1     0x4a  Code  Lc  timeouts.o [1]
sys_timeouts_init        0x800'8e29     0x6a  Code  Gb  timeouts.o [1]
sys_timeouts_sleeptime   0x800'8ecb     0x22  Code  Gb  timeouts.o [1]
sys_trim                 0x800'091d     0x64  Code  Lc  dlmalloc.o [2]
tcp_abandon              0x800'5373    0x126  Code  Gb  tcp.o [1]
tcp_abort                0x800'5499      0x4  Code  Gb  tcp.o [1]
tcp_accept               0x800'5d73      0xc  Code  Gb  tcp.o [1]
tcp_active_pcbs         0x2000'003c      0x4  Data  Gb  tcp.o [1]
tcp_active_pcbs_changed
                        0x2000'002c      0x1  Data  Gb  tcp.o [1]
tcp_alloc                0x800'5c1d    0x12a  Code  Gb  tcp.o [1]
tcp_arg                  0x800'5d55      0x6  Code  Gb  tcp.o [1]
tcp_backoff              0x800'5f48     0x10  Data  Lc  tcp.o [1]
tcp_bind                 0x800'549d     0x8e  Code  Gb  tcp.o [1]
tcp_bound_pcbs          0x2000'0034      0x4  Data  Gb  tcp.o [1]
tcp_close                0x800'530d     0x1a  Code  Gb  tcp.o [1]
tcp_close_shutdown       0x800'514d    0x15a  Code  Lc  tcp.o [1]
tcp_close_shutdown_fin   0x800'52a7     0x66  Code  Lc  tcp.o [1]
tcp_connect              0x800'562d    0x10e  Code  Gb  tcp.o [1]
tcp_create_segment       0x800'7db1     0x9e  Code  Lc  tcp_out.o [1]
tcp_eff_send_mss_netif   0x800'5e87     0x1c  Code  Gb  tcp.o [1]
tcp_enqueue_flags        0x800'850f     0xa0  Code  Gb  tcp_out.o [1]
tcp_err                  0x800'5d6b      0x8  Code  Gb  tcp.o [1]
tcp_fasttmr              0x800'5a43     0x6a  Code  Gb  tcp.o [1]
tcp_free                 0x800'5123      0x8  Code  Gb  tcp.o [1]
tcp_free_acked_segments
                         0x800'71a1     0x62  Code  Lc  tcp_in.o [1]
tcp_free_ooseq           0x800'5f21     0x24  Code  Gb  tcp.o [1]
tcp_init                 0x800'5109     0x1a  Code  Gb  tcp.o [1]
tcp_input                0x800'6809    0x3fe  Code  Gb  tcp_in.o [1]
tcp_input_pcb           0x2004'a300      0x4  Data  Gb  tcp_in.o [1]
tcp_keepalive            0x800'8c1f     0x88  Code  Gb  tcp_out.o [1]
tcp_kill_state           0x800'5bd3     0x3e  Code  Lc  tcp.o [1]
tcp_listen_input         0x800'6c07    0x10c  Code  Lc  tcp_in.o [1]
tcp_listen_pcbs         0x2000'0038      0x4  Data  Gb  tcp.o [1]
tcp_netif_ip_addr_changed
                         0x800'5ec5     0x40  Code  Gb  tcp.o [1]
tcp_netif_ip_addr_changed_pcblist
                         0x800'5ea3     0x22  Code  Lc  tcp.o [1]
tcp_new_ip_type          0x800'5d51      0x4  Code  Gb  tcp.o [1]
tcp_new_port             0x800'55a1     0x7a  Code  Lc  tcp.o [1]
tcp_next_iss             0x800'5e7b      0xc  Code  Gb  tcp.o [1]
tcp_next_iss::iss       0x2000'0044      0x4  Data  Lc  tcp.o [1]
tcp_oos_insert_segment   0x800'7135     0x6c  Code  Lc  tcp_in.o [1]
tcp_output               0x800'85af    0x22c  Code  Gb  tcp_out.o [1]
tcp_output_alloc_header
                         0x800'8a2f     0x84  Code  Lc  tcp_out.o [1]
tcp_output_control_segment
                         0x800'8ab3     0x54  Code  Lc  tcp_out.o [1]
tcp_output_segment       0x800'87db     0xa6  Code  Lc  tcp_out.o [1]
tcp_parseopt             0x800'78b5     0xe0  Code  Lc  tcp_in.o [1]
tcp_pcb_lists            0x800'561c     0x10  Data  Gb  tcp.o [1]
tcp_pcb_purge            0x800'5d89     0x84  Code  Gb  tcp.o [1]
tcp_pcb_remove           0x800'5e0d     0x6e  Code  Gb  tcp.o [1]
tcp_persist_backoff      0x800'5f58      0x8  Data  Lc  tcp.o [1]
tcp_poll                 0x800'5d7f      0xa  Code  Gb  tcp.o [1]
tcp_port                0x2000'025c      0x2  Data  Lc  tcp.o [1]
tcp_process              0x800'6d15    0x420  Code  Lc  tcp_in.o [1]
tcp_process_refused_data
                         0x800'5ab5     0x8c  Code  Gb  tcp.o [1]
tcp_receive              0x800'721d    0x692  Code  Lc  tcp_in.o [1]
tcp_recv                 0x800'5d5b      0x8  Code  Gb  tcp.o [1]
tcp_recv_null            0x800'5ba7     0x2c  Code  Gb  tcp.o [1]
tcp_recved               0x800'5561     0x3e  Code  Gb  tcp.o [1]
tcp_rexmit               0x800'8923     0x66  Code  Gb  tcp_out.o [1]
tcp_rexmit_fast          0x800'8989     0xa6  Code  Gb  tcp_out.o [1]
tcp_rexmit_rto           0x800'8901     0x22  Code  Gb  tcp_out.o [1]
tcp_rexmit_rto_commit    0x800'88f1     0x10  Code  Gb  tcp_out.o [1]
tcp_rexmit_rto_prepare   0x800'8889     0x68  Code  Gb  tcp_out.o [1]
tcp_rst                  0x800'8b07     0x76  Code  Gb  tcp_out.o [1]
tcp_seg_copy             0x800'5b7f     0x28  Code  Gb  tcp.o [1]
tcp_seg_free             0x800'5b63     0x1c  Code  Gb  tcp.o [1]
tcp_segs_free            0x800'5b41     0x22  Code  Gb  tcp.o [1]
tcp_send_empty_ack       0x800'8b7d     0xa2  Code  Gb  tcp_out.o [1]
tcp_send_fin             0x800'8435     0xda  Code  Gb  tcp_out.o [1]
tcp_sent                 0x800'5d63      0x8  Code  Gb  tcp.o [1]
tcp_shutdown             0x800'5327     0x4c  Code  Gb  tcp.o [1]
tcp_slowtmr              0x800'573b    0x308  Code  Gb  tcp.o [1]
tcp_split_unsent_seg     0x800'8311    0x124  Code  Gb  tcp_out.o [1]
tcp_ticks               0x2000'0030      0x4  Data  Gb  tcp.o [1]
tcp_timer               0x2004'9cfa      0x1  Data  Lc  tcp.o [1]
tcp_timer_ctr           0x2000'002d      0x1  Data  Lc  tcp.o [1]
tcp_timer_needed         0x800'8d7f     0x32  Code  Gb  timeouts.o [1]
tcp_tmr                  0x800'512b     0x22  Code  Gb  tcp.o [1]
tcp_trigger_input_pcb_close
                         0x800'7995      0xc  Code  Gb  tcp_in.o [1]
tcp_tw_pcbs             0x2000'0040      0x4  Data  Gb  tcp.o [1]
tcp_update_rcv_ann_wnd   0x800'552b     0x36  Code  Gb  tcp.o [1]
tcp_write                0x800'7e51    0x4c0  Code  Gb  tcp_out.o [1]
tcp_zero_window_probe    0x800'8ca7     0xa4  Code  Gb  tcp_out.o [1]
tcphdr                  0x2004'a2ec      0x4  Data  Lc  tcp_in.o [1]
tcphdr_opt1len          0x2004'a2e4      0x2  Data  Lc  tcp_in.o [1]
tcphdr_opt2             0x2004'a2f0      0x4  Data  Lc  tcp_in.o [1]
tcphdr_optlen           0x2004'a2e2      0x2  Data  Lc  tcp_in.o [1]
tcpip_init               0x800'60d9     0x3a  Code  Gb  tcpip.o [1]
tcpip_init_done         0x2004'a37c      0x4  Data  Lc  tcpip.o [1]
tcpip_init_done_arg     0x2004'a380      0x4  Data  Lc  tcpip.o [1]
tcpip_input              0x800'6011     0x68  Code  Gb  tcpip.o [1]
tcpip_mbox              0x2004'a384      0x4  Data  Lc  tcpip.o [1]
tcpip_send_msg_wait_sem
                         0x800'60b9     0x20  Code  Gb  tcpip.o [1]
tcpip_tcp_timer          0x800'8d4d     0x32  Code  Lc  timeouts.o [1]
tcpip_tcp_timer_active  0x2004'a3e4      0x4  Data  Lc  timeouts.o [1]
tcpip_thread             0x800'5f61     0xb0  Code  Lc  tcpip.o [1]
tcpip_try_callback       0x800'6079     0x40  Code  Gb  tcpip.o [1]
tcplen                  0x2004'a2e8      0x2  Data  Lc  tcp_in.o [1]
tmalloc_large            0x800'098d    0x386  Code  Lc  dlmalloc.o [2]
tmalloc_small            0x800'0d13    0x200  Code  Lc  dlmalloc.o [2]
tolower                  0x801'4319     0x14  Code  Gb  tolower.o [2]
ucHeap                  0x2000'0278  0x40000  Data  Lc  heap_4.o [1]
ucMaxSysCallPriority    0x2000'0010      0x1  Data  Lc  port.o [1]
udp_bind                 0x800'2d19    0x10a  Code  Gb  udp.o [1]
udp_connect              0x800'2e23     0x66  Code  Gb  udp.o [1]
udp_init                 0x800'2a49     0x1a  Code  Gb  udp.o [1]
udp_input                0x800'2a65    0x150  Code  Gb  udp.o [1]
udp_netif_ip_addr_changed
                         0x800'2ef1     0x36  Code  Gb  udp.o [1]
udp_new                  0x800'2ebd     0x1a  Code  Gb  udp.o [1]
udp_new_ip_type          0x800'2ed7     0x1a  Code  Gb  udp.o [1]
udp_pcbs                0x2000'004c      0x4  Data  Gb  udp.o [1]
udp_port                0x2000'0048      0x2  Data  Lc  udp.o [1]
udp_recv                 0x800'2e89      0x8  Code  Gb  udp.o [1]
udp_remove               0x800'2e91     0x2c  Code  Gb  udp.o [1]
udp_sendto               0x800'2bb5     0x48  Code  Gb  udp.o [1]
udp_sendto_if            0x800'2bfd     0x48  Code  Gb  udp.o [1]
udp_sendto_if_src        0x800'2c45     0xd2  Code  Gb  udp.o [1]
ulMaxPRIGROUPValue      0x2000'0018      0x4  Data  Lc  port.o [1]
uwTick                  0x2000'0020      0x4  Data  Gb  stm32f7xx_hal.o [1]
uwTickFreq              0x2000'001c      0x1  Data  Gb  stm32f7xx_hal.o [1]
uwTickPrio              0x2000'0024      0x4  Data  Gb  stm32f7xx_hal.o [1]
uxCriticalNesting       0x2000'0014      0x4  Data  Lc  port.o [1]
uxCurrentNumberOfTasks  0x2004'99b0      0x4  Data  Lc  tasks.o [1]
uxDeletedTasksWaitingCleanUp
                        0x2004'9998      0x4  Data  Lc  tasks.o [1]
uxListRemove             0x800'ab89     0x2a  Code  Gb  list.o [1]
uxPendedTicks           0x2004'99c0      0x4  Data  Lc  tasks.o [1]
uxQueueMessagesWaiting   0x800'a455     0x28  Code  Gb  queue.o [1]
uxQueueMessagesWaitingFromISR
                         0x800'a47d     0x1a  Code  Gb  queue.o [1]
uxSchedulerSuspended    0x2004'99d4      0x4  Data  Lc  tasks.o [1]
uxTaskNumber            0x2004'99cc      0x4  Data  Lc  tasks.o [1]
uxTopReadyPriority      0x2004'99b8      0x4  Data  Lc  tasks.o [1]
vApplicationGetIdleTaskMemory
                         0x800'b031     0x12  Code  Gb  freertos.o [1]
vListInitialise          0x800'aaf5     0x1a  Code  Gb  list.o [1]
vListInitialiseItem      0x800'ab0f      0x6  Code  Gb  list.o [1]
vListInsert              0x800'ab31     0x58  Code  Gb  list.o [1]
vListInsertEnd           0x800'ab15     0x1c  Code  Gb  list.o [1]
vPortEnableVFP           0x800'c249           Code  Gb  portasm.o [1]
vPortEnterCritical       0x800'acdd     0x3a  Code  Gb  port.o [1]
vPortExitCritical        0x800'ad17     0x26  Code  Gb  port.o [1]
vPortFree                0x800'af59     0x6e  Code  Gb  heap_4.o [1]
vPortStartFirstTask      0x800'c229           Code  Gb  portasm.o [1]
vPortValidateInterruptPriority
                         0x800'ad6d     0x4c  Code  Gb  port.o [1]
vQueueDelete             0x800'a497     0x30  Code  Gb  queue.o [1]
vQueueUnregisterQueue    0x800'a5c9     0x58  Code  Gb  queue.o [1]
vTaskDelay               0x800'9359     0x9e  Code  Gb  tasks.o [1]
vTaskInternalSetTimeOutState
                         0x800'97ff     0x12  Code  Gb  tasks.o [1]
vTaskMissedYield         0x800'9895      0xc  Code  Gb  tasks.o [1]
vTaskPlaceOnEventList    0x800'96ed     0x9c  Code  Gb  tasks.o [1]
vTaskPriorityDisinheritAfterTimeout
                         0x800'9ab3     0xc2  Code  Gb  tasks.o [1]
vTaskStartScheduler      0x800'93f9     0x62  Code  Gb  tasks.o [1]
vTaskSuspendAll          0x800'9465     0x10  Code  Gb  tasks.o [1]
vTaskSwitchContext       0x800'968f     0x5e  Code  Gb  tasks.o [1]
vsprintf                 0x801'53d9     0x34  Code  Gb  vsprintf.o [2]
vsscanf                  0x801'540d     0x20  Code  Gb  vsscanf.o [2]
wctob                    0x801'4051     0x32  Code  Gb  wctob.o [2]
xBlockAllocatedBit      0x2000'0274      0x4  Data  Lc  heap_4.o [1]
xDelayedTaskList1       0x2004'99d8     0x14  Data  Lc  tasks.o [1]
xDelayedTaskList2       0x2004'99ec     0x14  Data  Lc  tasks.o [1]
xFreeBytesRemaining     0x2000'026c      0x4  Data  Lc  heap_4.o [1]
xIdleStack              0x2004'8e30    0x200  Data  Lc  freertos.o [1]
xIdleTaskTCBBuffer      0x2004'8ddc     0x54  Data  Lc  freertos.o [1]
xMinimumEverFreeBytesRemaining
                        0x2000'0270      0x4  Data  Lc  heap_4.o [1]
xNextTaskUnblockTime    0x2004'99d0      0x4  Data  Lc  tasks.o [1]
xNumOfOverflows         0x2004'99c8      0x4  Data  Lc  tasks.o [1]
xPendingReadyList       0x2004'98d8     0x14  Data  Lc  tasks.o [1]
xPortStartScheduler      0x800'abfd     0xe0  Code  Gb  port.o [1]
xQueueCreateMutex        0x800'9d17     0x6a  Code  Gb  queue.o [1]
xQueueCreateMutexStatic
                         0x800'9d81     0x1e  Code  Gb  queue.o [1]
xQueueGenericCreate      0x800'9c75     0x90  Code  Gb  queue.o [1]
xQueueGenericCreateStatic
                         0x800'9b95     0xe0  Code  Gb  queue.o [1]
xQueueGenericSend        0x800'9da1    0x17c  Code  Gb  queue.o [1]
xQueueGenericSendFromISR
                         0x800'9f1d     0xda  Code  Gb  queue.o [1]
xQueueGiveFromISR        0x800'9ff7     0xb6  Code  Gb  queue.o [1]
xQueueReceive            0x800'a0ad    0x154  Code  Gb  queue.o [1]
xQueueReceiveFromISR     0x800'a3a1     0xb4  Code  Gb  queue.o [1]
xQueueRegistry          0x2004'a21c     0x40  Data  Gb  queue.o [1]
xQueueSemaphoreTake      0x800'a201    0x19a  Code  Gb  queue.o [1]
xSchedulerRunning       0x2004'99bc      0x4  Data  Lc  tasks.o [1]
xStart                  0x2000'0260      0x8  Data  Lc  heap_4.o [1]
xSuspendedTaskList      0x2004'999c     0x14  Data  Lc  tasks.o [1]
xTaskCheckForTimeOut     0x800'9811     0x84  Code  Gb  tasks.o [1]
xTaskCreate              0x800'916d     0xe6  Code  Gb  tasks.o [1]
xTaskCreateStatic        0x800'9065    0x108  Code  Gb  tasks.o [1]
xTaskGetSchedulerState   0x800'9935     0x1c  Code  Gb  tasks.o [1]
xTaskGetTickCount        0x800'955f      0xa  Code  Gb  tasks.o [1]
xTaskGetTickCountFromISR
                         0x800'9569     0x14  Code  Gb  tasks.o [1]
xTaskIncrementTick       0x800'957d    0x112  Code  Gb  tasks.o [1]
xTaskPriorityDisinherit
                         0x800'9a05     0xae  Code  Gb  tasks.o [1]
xTaskPriorityInherit     0x800'9951     0xac  Code  Gb  tasks.o [1]
xTaskRemoveFromEventList
                         0x800'9789     0x76  Code  Gb  tasks.o [1]
xTaskResumeAll           0x800'9475     0xea  Code  Gb  tasks.o [1]
xTasksWaitingTermination
                        0x2004'98ec     0x14  Data  Lc  tasks.o [1]
xTickCount              0x2004'99b4      0x4  Data  Lc  tasks.o [1]
xYieldPending           0x2004'99c4      0x4  Data  Lc  tasks.o [1]


[1] = C:\Users\Чистое небо\Desktop\Э.01.00.00 Беспилотный мотодельтаплан\Полетный контроллер\firmware\FlyController\EWARM\FlyController\Obj
[2] = dl7M_tlf.a
[3] = dlpp7M_tl_fc.a
[4] = m7M_tlv.a
[5] = rt7M_tl.a
[6] = shb_l.a

   87 981 bytes of readonly  code memory
    1 492 bytes of readonly  data memory
  305 646 bytes of readwrite data memory

Errors: none
Warnings: none
