###############################################################################
#
# IAR ELF Linker V8.30.1.114/W32 for ARM                  16/May/2020  12:19:55
# Copyright 2007-2018 IAR Systems AB.
#
#    Output file  =  
#        C:\Users\Чистое небо\Desktop\Э.01.00.00
#        Беспилотный мотодельтаплан\Полетный
#        контроллер\firmware\FlyController\EWARM\FlyController\Exe\FlyController.out
#    Map file     =  
#        C:\Users\Чистое небо\Desktop\Э.01.00.00
#        Беспилотный мотодельтаплан\Полетный
#        контроллер\firmware\FlyController\EWARM\FlyController\List\FlyController.map
#    Command line =  
#        -f C:\Users\A146~1\AppData\Local\Temp\EWB3D5.tmp
#        ("C:\Users\Чистое небо\Desktop\Э.01.00.00
#        Беспилотный мотодельтаплан\Полетный
#        контроллер\firmware\FlyController\EWARM\FlyController\Obj\altcp.o"
#        "C:\Users\Чистое небо\Desktop\Э.01.00.00
#        Беспилотный мотодельтаплан\Полетный
#        контроллер\firmware\FlyController\EWARM\FlyController\Obj\altcp_alloc.o"
#        "C:\Users\Чистое небо\Desktop\Э.01.00.00
#        Беспилотный мотодельтаплан\Полетный
#        контроллер\firmware\FlyController\EWARM\FlyController\Obj\altcp_tcp.o"
#        "C:\Users\Чистое небо\Desktop\Э.01.00.00
#        Беспилотный мотодельтаплан\Полетный
#        контроллер\firmware\FlyController\EWARM\FlyController\Obj\api_lib.o"
#        "C:\Users\Чистое небо\Desktop\Э.01.00.00
#        Беспилотный мотодельтаплан\Полетный
#        контроллер\firmware\FlyController\EWARM\FlyController\Obj\api_msg.o"
#        "C:\Users\Чистое небо\Desktop\Э.01.00.00
#        Беспилотный мотодельтаплан\Полетный
#        контроллер\firmware\FlyController\EWARM\FlyController\Obj\auth.o"
#        "C:\Users\Чистое небо\Desktop\Э.01.00.00
#        Беспилотный мотодельтаплан\Полетный
#        контроллер\firmware\FlyController\EWARM\FlyController\Obj\autoip.o"
#        "C:\Users\Чистое небо\Desktop\Э.01.00.00
#        Беспилотный мотодельтаплан\Полетный
#        контроллер\firmware\FlyController\EWARM\FlyController\Obj\bridgeif.o"
#        "C:\Users\Чистое небо\Desktop\Э.01.00.00
#        Беспилотный мотодельтаплан\Полетный
#        контроллер\firmware\FlyController\EWARM\FlyController\Obj\bridgeif_fdb.o"
#        "C:\Users\Чистое небо\Desktop\Э.01.00.00
#        Беспилотный мотодельтаплан\Полетный
#        контроллер\firmware\FlyController\EWARM\FlyController\Obj\ccp.o"
#        "C:\Users\Чистое небо\Desktop\Э.01.00.00
#        Беспилотный мотодельтаплан\Полетный
#        контроллер\firmware\FlyController\EWARM\FlyController\Obj\chap-md5.o"
#        "C:\Users\Чистое небо\Desktop\Э.01.00.00
#        Беспилотный мотодельтаплан\Полетный
#        контроллер\firmware\FlyController\EWARM\FlyController\Obj\chap-new.o"
#        "C:\Users\Чистое небо\Desktop\Э.01.00.00
#        Беспилотный мотодельтаплан\Полетный
#        контроллер\firmware\FlyController\EWARM\FlyController\Obj\chap_ms.o"
#        "C:\Users\Чистое небо\Desktop\Э.01.00.00
#        Беспилотный мотодельтаплан\Полетный
#        контроллер\firmware\FlyController\EWARM\FlyController\Obj\cli.o"
#        "C:\Users\Чистое небо\Desktop\Э.01.00.00
#        Беспилотный мотодельтаплан\Полетный
#        контроллер\firmware\FlyController\EWARM\FlyController\Obj\cli_cmd.o"
#        "C:\Users\Чистое небо\Desktop\Э.01.00.00
#        Беспилотный мотодельтаплан\Полетный
#        контроллер\firmware\FlyController\EWARM\FlyController\Obj\cli_port.o"
#        "C:\Users\Чистое небо\Desktop\Э.01.00.00
#        Беспилотный мотодельтаплан\Полетный
#        контроллер\firmware\FlyController\EWARM\FlyController\Obj\cmsis_os.o"
#        "C:\Users\Чистое небо\Desktop\Э.01.00.00
#        Беспилотный мотодельтаплан\Полетный
#        контроллер\firmware\FlyController\EWARM\FlyController\Obj\croutine.o"
#        "C:\Users\Чистое небо\Desktop\Э.01.00.00
#        Беспилотный мотодельтаплан\Полетный
#        контроллер\firmware\FlyController\EWARM\FlyController\Obj\def.o"
#        "C:\Users\Чистое небо\Desktop\Э.01.00.00
#        Беспилотный мотодельтаплан\Полетный
#        контроллер\firmware\FlyController\EWARM\FlyController\Obj\demand.o"
#        "C:\Users\Чистое небо\Desktop\Э.01.00.00
#        Беспилотный мотодельтаплан\Полетный
#        контроллер\firmware\FlyController\EWARM\FlyController\Obj\dhcp.o"
#        "C:\Users\Чистое небо\Desktop\Э.01.00.00
#        Беспилотный мотодельтаплан\Полетный
#        контроллер\firmware\FlyController\EWARM\FlyController\Obj\dhcp6.o"
#        "C:\Users\Чистое небо\Desktop\Э.01.00.00
#        Беспилотный мотодельтаплан\Полетный
#        контроллер\firmware\FlyController\EWARM\FlyController\Obj\dns.o"
#        "C:\Users\Чистое небо\Desktop\Э.01.00.00
#        Беспилотный мотодельтаплан\Полетный
#        контроллер\firmware\FlyController\EWARM\FlyController\Obj\eap.o"
#        "C:\Users\Чистое небо\Desktop\Э.01.00.00
#        Беспилотный мотодельтаплан\Полетный
#        контроллер\firmware\FlyController\EWARM\FlyController\Obj\ecp.o"
#        "C:\Users\Чистое небо\Desktop\Э.01.00.00
#        Беспилотный мотодельтаплан\Полетный
#        контроллер\firmware\FlyController\EWARM\FlyController\Obj\err.o"
#        "C:\Users\Чистое небо\Desktop\Э.01.00.00
#        Беспилотный мотодельтаплан\Полетный
#        контроллер\firmware\FlyController\EWARM\FlyController\Obj\etharp.o"
#        "C:\Users\Чистое небо\Desktop\Э.01.00.00
#        Беспилотный мотодельтаплан\Полетный
#        контроллер\firmware\FlyController\EWARM\FlyController\Obj\ethernet.o"
#        "C:\Users\Чистое небо\Desktop\Э.01.00.00
#        Беспилотный мотодельтаплан\Полетный
#        контроллер\firmware\FlyController\EWARM\FlyController\Obj\ethernetif.o"
#        "C:\Users\Чистое небо\Desktop\Э.01.00.00
#        Беспилотный мотодельтаплан\Полетный
#        контроллер\firmware\FlyController\EWARM\FlyController\Obj\ethip6.o"
#        "C:\Users\Чистое небо\Desktop\Э.01.00.00
#        Беспилотный мотодельтаплан\Полетный
#        контроллер\firmware\FlyController\EWARM\FlyController\Obj\eui64.o"
#        "C:\Users\Чистое небо\Desktop\Э.01.00.00
#        Беспилотный мотодельтаплан\Полетный
#        контроллер\firmware\FlyController\EWARM\FlyController\Obj\event_groups.o"
#        "C:\Users\Чистое небо\Desktop\Э.01.00.00
#        Беспилотный мотодельтаплан\Полетный
#        контроллер\firmware\FlyController\EWARM\FlyController\Obj\freertos.o"
#        "C:\Users\Чистое небо\Desktop\Э.01.00.00
#        Беспилотный мотодельтаплан\Полетный
#        контроллер\firmware\FlyController\EWARM\FlyController\Obj\fsm.o"
#        "C:\Users\Чистое небо\Desktop\Э.01.00.00
#        Беспилотный мотодельтаплан\Полетный
#        контроллер\firmware\FlyController\EWARM\FlyController\Obj\heap_4.o"
#        "C:\Users\Чистое небо\Desktop\Э.01.00.00
#        Беспилотный мотодельтаплан\Полетный
#        контроллер\firmware\FlyController\EWARM\FlyController\Obj\icmp.o"
#        "C:\Users\Чистое небо\Desktop\Э.01.00.00
#        Беспилотный мотодельтаплан\Полетный
#        контроллер\firmware\FlyController\EWARM\FlyController\Obj\icmp6.o"
#        "C:\Users\Чистое небо\Desktop\Э.01.00.00
#        Беспилотный мотодельтаплан\Полетный
#        контроллер\firmware\FlyController\EWARM\FlyController\Obj\if_api.o"
#        "C:\Users\Чистое небо\Desktop\Э.01.00.00
#        Беспилотный мотодельтаплан\Полетный
#        контроллер\firmware\FlyController\EWARM\FlyController\Obj\igmp.o"
#        "C:\Users\Чистое небо\Desktop\Э.01.00.00
#        Беспилотный мотодельтаплан\Полетный
#        контроллер\firmware\FlyController\EWARM\FlyController\Obj\inet6.o"
#        "C:\Users\Чистое небо\Desktop\Э.01.00.00
#        Беспилотный мотодельтаплан\Полетный
#        контроллер\firmware\FlyController\EWARM\FlyController\Obj\inet_chksum.o"
#        "C:\Users\Чистое небо\Desktop\Э.01.00.00
#        Беспилотный мотодельтаплан\Полетный
#        контроллер\firmware\FlyController\EWARM\FlyController\Obj\init.o"
#        "C:\Users\Чистое небо\Desktop\Э.01.00.00
#        Беспилотный мотодельтаплан\Полетный
#        контроллер\firmware\FlyController\EWARM\FlyController\Obj\ip.o"
#        "C:\Users\Чистое небо\Desktop\Э.01.00.00
#        Беспилотный мотодельтаплан\Полетный
#        контроллер\firmware\FlyController\EWARM\FlyController\Obj\ip4.o"
#        "C:\Users\Чистое небо\Desktop\Э.01.00.00
#        Беспилотный мотодельтаплан\Полетный
#        контроллер\firmware\FlyController\EWARM\FlyController\Obj\ip4_addr.o"
#        "C:\Users\Чистое небо\Desktop\Э.01.00.00
#        Беспилотный мотодельтаплан\Полетный
#        контроллер\firmware\FlyController\EWARM\FlyController\Obj\ip4_frag.o"
#        "C:\Users\Чистое небо\Desktop\Э.01.00.00
#        Беспилотный мотодельтаплан\Полетный
#        контроллер\firmware\FlyController\EWARM\FlyController\Obj\ip6.o"
#        "C:\Users\Чистое небо\Desktop\Э.01.00.00
#        Беспилотный мотодельтаплан\Полетный
#        контроллер\firmware\FlyController\EWARM\FlyController\Obj\ip6_addr.o"
#        "C:\Users\Чистое небо\Desktop\Э.01.00.00
#        Беспилотный мотодельтаплан\Полетный
#        контроллер\firmware\FlyController\EWARM\FlyController\Obj\ip6_frag.o"
#        "C:\Users\Чистое небо\Desktop\Э.01.00.00
#        Беспилотный мотодельтаплан\Полетный
#        контроллер\firmware\FlyController\EWARM\FlyController\Obj\ipcp.o"
#        "C:\Users\Чистое небо\Desktop\Э.01.00.00
#        Беспилотный мотодельтаплан\Полетный
#        контроллер\firmware\FlyController\EWARM\FlyController\Obj\ipv6cp.o"
#        "C:\Users\Чистое небо\Desktop\Э.01.00.00
#        Беспилотный мотодельтаплан\Полетный
#        контроллер\firmware\FlyController\EWARM\FlyController\Obj\lcp.o"
#        "C:\Users\Чистое небо\Desktop\Э.01.00.00
#        Беспилотный мотодельтаплан\Полетный
#        контроллер\firmware\FlyController\EWARM\FlyController\Obj\list.o"
#        "C:\Users\Чистое небо\Desktop\Э.01.00.00
#        Беспилотный мотодельтаплан\Полетный
#        контроллер\firmware\FlyController\EWARM\FlyController\Obj\lowpan6.o"
#        "C:\Users\Чистое небо\Desktop\Э.01.00.00
#        Беспилотный мотодельтаплан\Полетный
#        контроллер\firmware\FlyController\EWARM\FlyController\Obj\lowpan6_ble.o"
#        "C:\Users\Чистое небо\Desktop\Э.01.00.00
#        Беспилотный мотодельтаплан\Полетный
#        контроллер\firmware\FlyController\EWARM\FlyController\Obj\lowpan6_common.o"
#        "C:\Users\Чистое небо\Desktop\Э.01.00.00
#        Беспилотный мотодельтаплан\Полетный
#        контроллер\firmware\FlyController\EWARM\FlyController\Obj\lwip.o"
#        "C:\Users\Чистое небо\Desktop\Э.01.00.00
#        Беспилотный мотодельтаплан\Полетный
#        контроллер\firmware\FlyController\EWARM\FlyController\Obj\magic.o"
#        "C:\Users\Чистое небо\Desktop\Э.01.00.00
#        Беспилотный мотодельтаплан\Полетный
#        контроллер\firmware\FlyController\EWARM\FlyController\Obj\main.o"
#        "C:\Users\Чистое небо\Desktop\Э.01.00.00
#        Беспилотный мотодельтаплан\Полетный
#        контроллер\firmware\FlyController\EWARM\FlyController\Obj\mem.o"
#        "C:\Users\Чистое небо\Desktop\Э.01.00.00
#        Беспилотный мотодельтаплан\Полетный
#        контроллер\firmware\FlyController\EWARM\FlyController\Obj\memp.o"
#        "C:\Users\Чистое небо\Desktop\Э.01.00.00
#        Беспилотный мотодельтаплан\Полетный
#        контроллер\firmware\FlyController\EWARM\FlyController\Obj\mld6.o"
#        "C:\Users\Чистое небо\Desktop\Э.01.00.00
#        Беспилотный мотодельтаплан\Полетный
#        контроллер\firmware\FlyController\EWARM\FlyController\Obj\mppe.o"
#        "C:\Users\Чистое небо\Desktop\Э.01.00.00
#        Беспилотный мотодельтаплан\Полетный
#        контроллер\firmware\FlyController\EWARM\FlyController\Obj\mqtt.o"
#        "C:\Users\Чистое небо\Desktop\Э.01.00.00
#        Беспилотный мотодельтаплан\Полетный
#        контроллер\firmware\FlyController\EWARM\FlyController\Obj\multilink.o"
#        "C:\Users\Чистое небо\Desktop\Э.01.00.00
#        Беспилотный мотодельтаплан\Полетный
#        контроллер\firmware\FlyController\EWARM\FlyController\Obj\nd6.o"
#        "C:\Users\Чистое небо\Desktop\Э.01.00.00
#        Беспилотный мотодельтаплан\Полетный
#        контроллер\firmware\FlyController\EWARM\FlyController\Obj\netbuf.o"
#        "C:\Users\Чистое небо\Desktop\Э.01.00.00
#        Беспилотный мотодельтаплан\Полетный
#        контроллер\firmware\FlyController\EWARM\FlyController\Obj\netdb.o"
#        "C:\Users\Чистое небо\Desktop\Э.01.00.00
#        Беспилотный мотодельтаплан\Полетный
#        контроллер\firmware\FlyController\EWARM\FlyController\Obj\netif.o"
#        "C:\Users\Чистое небо\Desktop\Э.01.00.00
#        Беспилотный мотодельтаплан\Полетный
#        контроллер\firmware\FlyController\EWARM\FlyController\Obj\netifapi.o"
#        "C:\Users\Чистое небо\Desktop\Э.01.00.00
#        Беспилотный мотодельтаплан\Полетный
#        контроллер\firmware\FlyController\EWARM\FlyController\Obj\pbuf.o"
#        "C:\Users\Чистое небо\Desktop\Э.01.00.00
#        Беспилотный мотодельтаплан\Полетный
#        контроллер\firmware\FlyController\EWARM\FlyController\Obj\port.o"
#        "C:\Users\Чистое небо\Desktop\Э.01.00.00
#        Беспилотный мотодельтаплан\Полетный
#        контроллер\firmware\FlyController\EWARM\FlyController\Obj\portasm.o"
#        "C:\Users\Чистое небо\Desktop\Э.01.00.00
#        Беспилотный мотодельтаплан\Полетный
#        контроллер\firmware\FlyController\EWARM\FlyController\Obj\ppp.o"
#        "C:\Users\Чистое небо\Desktop\Э.01.00.00
#        Беспилотный мотодельтаплан\Полетный
#        контроллер\firmware\FlyController\EWARM\FlyController\Obj\pppapi.o"
#        "C:\Users\Чистое небо\Desktop\Э.01.00.00
#        Беспилотный мотодельтаплан\Полетный
#        контроллер\firmware\FlyController\EWARM\FlyController\Obj\pppcrypt.o"
#        "C:\Users\Чистое небо\Desktop\Э.01.00.00
#        Беспилотный мотодельтаплан\Полетный
#        контроллер\firmware\FlyController\EWARM\FlyController\Obj\pppoe.o"
#        "C:\Users\Чистое небо\Desktop\Э.01.00.00
#        Беспилотный мотодельтаплан\Полетный
#        контроллер\firmware\FlyController\EWARM\FlyController\Obj\pppol2tp.o"
#        "C:\Users\Чистое небо\Desktop\Э.01.00.00
#        Беспилотный мотодельтаплан\Полетный
#        контроллер\firmware\FlyController\EWARM\FlyController\Obj\pppos.o"
#        "C:\Users\Чистое небо\Desktop\Э.01.00.00
#        Беспилотный мотодельтаплан\Полетный
#        контроллер\firmware\FlyController\EWARM\FlyController\Obj\queue.o"
#        "C:\Users\Чистое небо\Desktop\Э.01.00.00
#        Беспилотный мотодельтаплан\Полетный
#        контроллер\firmware\FlyController\EWARM\FlyController\Obj\raw.o"
#        "C:\Users\Чистое небо\Desktop\Э.01.00.00
#        Беспилотный мотодельтаплан\Полетный
#        контроллер\firmware\FlyController\EWARM\FlyController\Obj\slipif.o"
#        "C:\Users\Чистое небо\Desktop\Э.01.00.00
#        Беспилотный мотодельтаплан\Полетный
#        контроллер\firmware\FlyController\EWARM\FlyController\Obj\sockets.o"
#        "C:\Users\Чистое небо\Desktop\Э.01.00.00
#        Беспилотный мотодельтаплан\Полетный
#        контроллер\firmware\FlyController\EWARM\FlyController\Obj\startup_stm32f767xx.o"
#        "C:\Users\Чистое небо\Desktop\Э.01.00.00
#        Беспилотный мотодельтаплан\Полетный
#        контроллер\firmware\FlyController\EWARM\FlyController\Obj\stats.o"
#        "C:\Users\Чистое небо\Desktop\Э.01.00.00
#        Беспилотный мотодельтаплан\Полетный
#        контроллер\firmware\FlyController\EWARM\FlyController\Obj\stm32f7xx_hal.o"
#        "C:\Users\Чистое небо\Desktop\Э.01.00.00
#        Беспилотный мотодельтаплан\Полетный
#        контроллер\firmware\FlyController\EWARM\FlyController\Obj\stm32f7xx_hal_cortex.o"
#        "C:\Users\Чистое небо\Desktop\Э.01.00.00
#        Беспилотный мотодельтаплан\Полетный
#        контроллер\firmware\FlyController\EWARM\FlyController\Obj\stm32f7xx_hal_crc.o"
#        "C:\Users\Чистое небо\Desktop\Э.01.00.00
#        Беспилотный мотодельтаплан\Полетный
#        контроллер\firmware\FlyController\EWARM\FlyController\Obj\stm32f7xx_hal_crc_ex.o"
#        "C:\Users\Чистое небо\Desktop\Э.01.00.00
#        Беспилотный мотодельтаплан\Полетный
#        контроллер\firmware\FlyController\EWARM\FlyController\Obj\stm32f7xx_hal_dma.o"
#        "C:\Users\Чистое небо\Desktop\Э.01.00.00
#        Беспилотный мотодельтаплан\Полетный
#        контроллер\firmware\FlyController\EWARM\FlyController\Obj\stm32f7xx_hal_dma_ex.o"
#        "C:\Users\Чистое небо\Desktop\Э.01.00.00
#        Беспилотный мотодельтаплан\Полетный
#        контроллер\firmware\FlyController\EWARM\FlyController\Obj\stm32f7xx_hal_eth.o"
#        "C:\Users\Чистое небо\Desktop\Э.01.00.00
#        Беспилотный мотодельтаплан\Полетный
#        контроллер\firmware\FlyController\EWARM\FlyController\Obj\stm32f7xx_hal_exti.o"
#        "C:\Users\Чистое небо\Desktop\Э.01.00.00
#        Беспилотный мотодельтаплан\Полетный
#        контроллер\firmware\FlyController\EWARM\FlyController\Obj\stm32f7xx_hal_flash.o"
#        "C:\Users\Чистое небо\Desktop\Э.01.00.00
#        Беспилотный мотодельтаплан\Полетный
#        контроллер\firmware\FlyController\EWARM\FlyController\Obj\stm32f7xx_hal_flash_ex.o"
#        "C:\Users\Чистое небо\Desktop\Э.01.00.00
#        Беспилотный мотодельтаплан\Полетный
#        контроллер\firmware\FlyController\EWARM\FlyController\Obj\stm32f7xx_hal_gpio.o"
#        "C:\Users\Чистое небо\Desktop\Э.01.00.00
#        Беспилотный мотодельтаплан\Полетный
#        контроллер\firmware\FlyController\EWARM\FlyController\Obj\stm32f7xx_hal_i2c.o"
#        "C:\Users\Чистое небо\Desktop\Э.01.00.00
#        Беспилотный мотодельтаплан\Полетный
#        контроллер\firmware\FlyController\EWARM\FlyController\Obj\stm32f7xx_hal_i2c_ex.o"
#        "C:\Users\Чистое небо\Desktop\Э.01.00.00
#        Беспилотный мотодельтаплан\Полетный
#        контроллер\firmware\FlyController\EWARM\FlyController\Obj\stm32f7xx_hal_msp.o"
#        "C:\Users\Чистое небо\Desktop\Э.01.00.00
#        Беспилотный мотодельтаплан\Полетный
#        контроллер\firmware\FlyController\EWARM\FlyController\Obj\stm32f7xx_hal_pcd.o"
#        "C:\Users\Чистое небо\Desktop\Э.01.00.00
#        Беспилотный мотодельтаплан\Полетный
#        контроллер\firmware\FlyController\EWARM\FlyController\Obj\stm32f7xx_hal_pcd_ex.o"
#        "C:\Users\Чистое небо\Desktop\Э.01.00.00
#        Беспилотный мотодельтаплан\Полетный
#        контроллер\firmware\FlyController\EWARM\FlyController\Obj\stm32f7xx_hal_pwr.o"
#        "C:\Users\Чистое небо\Desktop\Э.01.00.00
#        Беспилотный мотодельтаплан\Полетный
#        контроллер\firmware\FlyController\EWARM\FlyController\Obj\stm32f7xx_hal_pwr_ex.o"
#        "C:\Users\Чистое небо\Desktop\Э.01.00.00
#        Беспилотный мотодельтаплан\Полетный
#        контроллер\firmware\FlyController\EWARM\FlyController\Obj\stm32f7xx_hal_rcc.o"
#        "C:\Users\Чистое небо\Desktop\Э.01.00.00
#        Беспилотный мотодельтаплан\Полетный
#        контроллер\firmware\FlyController\EWARM\FlyController\Obj\stm32f7xx_hal_rcc_ex.o"
#        "C:\Users\Чистое небо\Desktop\Э.01.00.00
#        Беспилотный мотодельтаплан\Полетный
#        контроллер\firmware\FlyController\EWARM\FlyController\Obj\stm32f7xx_hal_tim.o"
#        "C:\Users\Чистое небо\Desktop\Э.01.00.00
#        Беспилотный мотодельтаплан\Полетный
#        контроллер\firmware\FlyController\EWARM\FlyController\Obj\stm32f7xx_hal_tim_ex.o"
#        "C:\Users\Чистое небо\Desktop\Э.01.00.00
#        Беспилотный мотодельтаплан\Полетный
#        контроллер\firmware\FlyController\EWARM\FlyController\Obj\stm32f7xx_hal_timebase_tim.o"
#        "C:\Users\Чистое небо\Desktop\Э.01.00.00
#        Беспилотный мотодельтаплан\Полетный
#        контроллер\firmware\FlyController\EWARM\FlyController\Obj\stm32f7xx_hal_uart.o"
#        "C:\Users\Чистое небо\Desktop\Э.01.00.00
#        Беспилотный мотодельтаплан\Полетный
#        контроллер\firmware\FlyController\EWARM\FlyController\Obj\stm32f7xx_hal_uart_ex.o"
#        "C:\Users\Чистое небо\Desktop\Э.01.00.00
#        Беспилотный мотодельтаплан\Полетный
#        контроллер\firmware\FlyController\EWARM\FlyController\Obj\stm32f7xx_it.o"
#        "C:\Users\Чистое небо\Desktop\Э.01.00.00
#        Беспилотный мотодельтаплан\Полетный
#        контроллер\firmware\FlyController\EWARM\FlyController\Obj\stm32f7xx_ll_usb.o"
#        "C:\Users\Чистое небо\Desktop\Э.01.00.00
#        Беспилотный мотодельтаплан\Полетный
#        контроллер\firmware\FlyController\EWARM\FlyController\Obj\stream_buffer.o"
#        "C:\Users\Чистое небо\Desktop\Э.01.00.00
#        Беспилотный мотодельтаплан\Полетный
#        контроллер\firmware\FlyController\EWARM\FlyController\Obj\sys.o"
#        "C:\Users\Чистое небо\Desktop\Э.01.00.00
#        Беспилотный мотодельтаплан\Полетный
#        контроллер\firmware\FlyController\EWARM\FlyController\Obj\sys_arch.o"
#        "C:\Users\Чистое небо\Desktop\Э.01.00.00
#        Беспилотный мотодельтаплан\Полетный
#        контроллер\firmware\FlyController\EWARM\FlyController\Obj\system_stm32f7xx.o"
#        "C:\Users\Чистое небо\Desktop\Э.01.00.00
#        Беспилотный мотодельтаплан\Полетный
#        контроллер\firmware\FlyController\EWARM\FlyController\Obj\tasks.o"
#        "C:\Users\Чистое небо\Desktop\Э.01.00.00
#        Беспилотный мотодельтаплан\Полетный
#        контроллер\firmware\FlyController\EWARM\FlyController\Obj\tcp.o"
#        "C:\Users\Чистое небо\Desktop\Э.01.00.00
#        Беспилотный мотодельтаплан\Полетный
#        контроллер\firmware\FlyController\EWARM\FlyController\Obj\tcp_in.o"
#        "C:\Users\Чистое небо\Desktop\Э.01.00.00
#        Беспилотный мотодельтаплан\Полетный
#        контроллер\firmware\FlyController\EWARM\FlyController\Obj\tcp_out.o"
#        "C:\Users\Чистое небо\Desktop\Э.01.00.00
#        Беспилотный мотодельтаплан\Полетный
#        контроллер\firmware\FlyController\EWARM\FlyController\Obj\tcpip.o"
#        "C:\Users\Чистое небо\Desktop\Э.01.00.00
#        Беспилотный мотодельтаплан\Полетный
#        контроллер\firmware\FlyController\EWARM\FlyController\Obj\timeouts.o"
#        "C:\Users\Чистое небо\Desktop\Э.01.00.00
#        Беспилотный мотодельтаплан\Полетный
#        контроллер\firmware\FlyController\EWARM\FlyController\Obj\timers.o"
#        "C:\Users\Чистое небо\Desktop\Э.01.00.00
#        Беспилотный мотодельтаплан\Полетный
#        контроллер\firmware\FlyController\EWARM\FlyController\Obj\udp.o"
#        "C:\Users\Чистое небо\Desktop\Э.01.00.00
#        Беспилотный мотодельтаплан\Полетный
#        контроллер\firmware\FlyController\EWARM\FlyController\Obj\upap.o"
#        "C:\Users\Чистое небо\Desktop\Э.01.00.00
#        Беспилотный мотодельтаплан\Полетный
#        контроллер\firmware\FlyController\EWARM\FlyController\Obj\usb_device.o"
#        "C:\Users\Чистое небо\Desktop\Э.01.00.00
#        Беспилотный мотодельтаплан\Полетный
#        контроллер\firmware\FlyController\EWARM\FlyController\Obj\usbd_cdc.o"
#        "C:\Users\Чистое небо\Desktop\Э.01.00.00
#        Беспилотный мотодельтаплан\Полетный
#        контроллер\firmware\FlyController\EWARM\FlyController\Obj\usbd_cdc_if.o"
#        "C:\Users\Чистое небо\Desktop\Э.01.00.00
#        Беспилотный мотодельтаплан\Полетный
#        контроллер\firmware\FlyController\EWARM\FlyController\Obj\usbd_conf.o"
#        "C:\Users\Чистое небо\Desktop\Э.01.00.00
#        Беспилотный мотодельтаплан\Полетный
#        контроллер\firmware\FlyController\EWARM\FlyController\Obj\usbd_core.o"
#        "C:\Users\Чистое небо\Desktop\Э.01.00.00
#        Беспилотный мотодельтаплан\Полетный
#        контроллер\firmware\FlyController\EWARM\FlyController\Obj\usbd_ctlreq.o"
#        "C:\Users\Чистое небо\Desktop\Э.01.00.00
#        Беспилотный мотодельтаплан\Полетный
#        контроллер\firmware\FlyController\EWARM\FlyController\Obj\usbd_desc.o"
#        "C:\Users\Чистое небо\Desktop\Э.01.00.00
#        Беспилотный мотодельтаплан\Полетный
#        контроллер\firmware\FlyController\EWARM\FlyController\Obj\usbd_ioreq.o"
#        "C:\Users\Чистое небо\Desktop\Э.01.00.00
#        Беспилотный мотодельтаплан\Полетный
#        контроллер\firmware\FlyController\EWARM\FlyController\Obj\utils.o"
#        "C:\Users\Чистое небо\Desktop\Э.01.00.00
#        Беспилотный мотодельтаплан\Полетный
#        контроллер\firmware\FlyController\EWARM\FlyController\Obj\vj.o"
#        "C:\Users\Чистое небо\Desktop\Э.01.00.00
#        Беспилотный мотодельтаплан\Полетный
#        контроллер\firmware\FlyController\EWARM\FlyController\Obj\zepif.o"
#        --redirect _Printf=_PrintfFull --redirect _Scanf=_ScanfFull
#        --no_out_extension -o "C:\Users\Чистое
#        небо\Desktop\Э.01.00.00 Беспилотный
#        мотодельтаплан\Полетный
#        контроллер\firmware\FlyController\EWARM\FlyController\Exe\FlyController.out"
#        --map "C:\Users\Чистое небо\Desktop\Э.01.00.00
#        Беспилотный мотодельтаплан\Полетный
#        контроллер\firmware\FlyController\EWARM\FlyController\List\FlyController.map"
#        --config "C:\Users\Чистое небо\Desktop\Э.01.00.00
#        Беспилотный мотодельтаплан\Полетный
#        контроллер\firmware\FlyController\EWARM/stm32f767xx_flash.icf"
#        --semihosting --entry __iar_program_start --vfe --text_out locale)
#
###############################################################################

*******************************************************************************
*** RUNTIME MODEL ATTRIBUTES
***

CppFlavor                     = *
__CPP_Exceptions              = Disabled
__CPP_Language                = C++14
__Heap_Handler                = DLMalloc
__SystemLibrary               = DLib
__dlib_dynamic_initialization = normal
__dlib_version                = 6


*******************************************************************************
*** HEAP SELECTION
***

The advanced heap was selected because the application calls memory
allocation functions outside of system library functions, and there
are calls to deallocation functions in the application.


*******************************************************************************
*** PLACEMENT SUMMARY
***

"A0":  place at 0x800'0000 { ro section .intvec };
"P1":  place in [from 0x800'0000 to 0x81f'ffff] { ro };
define block CSTACK with size = 1K, alignment = 8 { };
define block HEAP with size = 512, alignment = 8 { };
"P2":  place in [from 0x2000'0000 to 0x2007'ffff] {
          rw, block CSTACK, block HEAP };
initialize by copy { rw };

  Section                Kind         Address     Size  Object
  -------                ----         -------     ----  ------
"A0":                                            0x1f8
  .intvec                ro code   0x800'0000    0x1f8  startup_stm32f767xx.o [1]
                                 - 0x800'01f8    0x1f8

"P1":                                          0x18140
  .text                  ro code   0x800'01f8   0x1a90  tcp_in.o [1]
  .text                  ro code   0x800'1c88     0x28  printf.o [2]
  .text                  ro code   0x800'1cb0    0x928  pbuf.o [1]
  .text                  ro code   0x800'25d8     0x4c  ip4_addr.o [1]
  .text                  ro code   0x800'2624     0x2c  def.o [1]
  .text                  ro code   0x800'2650   0x10da  tcp.o [1]
  .text                  ro code   0x800'372a     0x7a  lz77_init_single.o [5]
  .text                  ro code   0x800'37a4   0x108c  tcp_out.o [1]
  .text                  ro code   0x800'4830    0x208  timeouts.o [1]
  .text                  ro code   0x800'4a38    0x3ac  ip4.o [1]
  .text                  ro code   0x800'4de4    0xf7a  xprintffull.o [2]
  .text                  ro code   0x800'5d5e     0x3a  zero_init3.o [5]
  .text                  ro code   0x800'5d98    0x158  sys_arch.o [1]
  .text                  ro code   0x800'5ef0    0x254  tcpip.o [1]
  .text                  ro code   0x800'6144    0x130  memp.o [1]
  .text                  ro code   0x800'6274    0x640  mem.o [1]
  .text                  ro code   0x800'68b4     0xa6  ABImemcpy.o [5]
  .text                  ro code   0x800'695a     0x26  xencoding_8859_1.o [2]
  .text                  ro code   0x800'6980     0xa4  rand.o [2]
  .text                  ro code   0x800'6a24     0x66  ABImemset.o [5]
  .text                  ro code   0x800'6a8a     0x1e  xsscin.o [2]
  .text                  ro code   0x800'6aa8    0x360  netif.o [1]
  .text                  ro code   0x800'6e08    0x4e4  ethernetif.o [1]
  .text                  ro code   0x800'72ec    0x964  ip4_frag.o [1]
  .text                  ro code   0x800'7c50    0x26c  icmp.o [1]
  .text                  ro code   0x800'7ebc    0x104  xlocale_c.o [2]
  .text                  ro code   0x800'7fc0     0x16  strchr.o [5]
  .text                  ro code   0x800'7fd6      0xa  xsprout.o [2]
  .text                  ro code   0x800'7fe0     0x40  xfail_s.o [2]
  .text                  ro code   0x800'8020     0x36  strlen.o [5]
  .rodata                const     0x800'8056      0x1  unwind_debug.o [6]
  .text                  ro code   0x800'8058     0x58  memchr.o [5]
  .text                  ro code   0x800'80b0      0xa  xmbcurmax.o [2]
  .text                  ro code   0x800'80bc    0x230  I64DivMod.o [5]
  .text                  ro code   0x800'82ec     0x12  DblMul.o [4]
  .text                  ro code   0x800'8300     0x88  frexp.o [4]
  .text                  ro code   0x800'8388     0x2e  DblCmpLe.o [4]
  .text                  ro code   0x800'83b8     0x2e  DblCmpGe.o [4]
  .text                  ro code   0x800'83e8    0x104  ldexp.o [4]
  .text                  ro code   0x800'84ec      0xe  DblToS32.o [4]
  .text                  ro code   0x800'84fa      0xe  S32ToDbl.o [4]
  .text                  ro code   0x800'8508     0x12  DblSub.o [4]
  .text                  ro code   0x800'851a     0x12  DblDiv.o [4]
  .text                  ro code   0x800'852c      0xe  DblToU32.o [4]
  .text                  ro code   0x800'853a      0xe  U32ToDbl.o [4]
  .text                  ro code   0x800'8548    0x3e4  cmsis_os.o [1]
  .text                  ro code   0x800'892c      0x6  ABImemclr4.o [5]
  .text                  ro code   0x800'8934     0x44  init.o [1]
  .text                  ro code   0x800'8978    0xa88  etharp.o [1]
  .text                  ro code   0x800'9400    0x250  stm32f7xx_hal_gpio.o [1]
  .text                  ro code   0x800'9650     0xe8  stm32f7xx_hal_cortex.o [1]
  .text                  ro code   0x800'9738    0xa3c  stm32f7xx_hal_eth.o [1]
  .text                  ro code   0x800'a174      0xc  stm32f7xx_hal.o [1]
  .text                  ro code   0x800'a180      0x6  abort.o [2]
  .text                  ro code   0x800'a188      0x2  I64DivZer.o [5]
  .text                  ro code   0x800'a18c    0xb84  tasks.o [1]
  .text                  ro code   0x800'ad10    0xab2  queue.o [1]
  .text                  ro code   0x800'b7c4     0x32  ABImemset48.o [5]
  .text                  ro code   0x800'b7f8    0x12c  ethernet.o [1]
  .text                  ro code   0x800'b924    0x670  stm32f7xx_hal_rcc.o [1]
  .text                  ro code   0x800'bf94     0x28  stm32f7xx_hal.o [1]
  .text                  ro code   0x800'bfbc      0x2  stm32f7xx_hal_eth.o [1]
  .text                  ro code   0x800'bfbe      0x2  stm32f7xx_hal_eth.o [1]
  .text                  ro code   0x800'bfc0     0x14  exit.o [6]
  .text                  ro code   0x800'bfd4    0x274  heap_4.o [1]
  .text                  ro code   0x800'c248     0x98  list.o [1]
  .text                  ro code   0x800'c2e0    0x240  port.o [1]
  .text                  ro code   0x800'c520     0x18  freertos.o [1]
  .text                  ro code   0x800'c538     0x68  memcmp.o [5]
  .text                  ro code   0x800'c5a0     0x80  stm32f7xx_hal_timebase_tim.o [1]
  .text                  ro code   0x800'c620     0x80  iarttio.o [6]
  CODE                   ro code   0x800'c6a0     0xb4  portasm.o [1]
  .text                  ro code   0x800'c754    0x2f6  stm32f7xx_hal_tim.o [1]
  .text                  ro code   0x800'ca4c     0x3c  XShttio.o [2]
  .text                  ro code   0x800'ca88      0x2  stm32f7xx_hal_tim.o [1]
  .text                  ro code   0x800'ca8a      0x2  stm32f7xx_hal_tim.o [1]
  .text                  ro code   0x800'ca8c      0x2  stm32f7xx_hal_tim.o [1]
  .text                  ro code   0x800'ca90    0x4a6  main.o [1]
  .text                  ro code   0x800'cf36      0x2  stm32f7xx_hal_tim_ex.o [1]
  .text                  ro code   0x800'cf38      0x2  stm32f7xx_hal_tim_ex.o [1]
  .text                  ro code   0x800'cf3a      0x2  stm32f7xx_hal_tim.o [1]
  .text                  ro code   0x800'cf3c      0x2  stm32f7xx_hal_tim_ex.o [1]
  .text                  ro code   0x800'cf40     0x2c  stm32f7xx_hal.o [1]
  .text                  ro code   0x800'cf6c     0x10  stm32f7xx_hal_pwr.o [1]
  .text                  ro code   0x800'cf7c     0x78  stm32f7xx_hal_pwr_ex.o [1]
  .text                  ro code   0x800'cff4    0x598  stm32f7xx_hal_rcc_ex.o [1]
  .text                  ro code   0x800'd58c     0x8c  stm32f7xx_hal_crc.o [1]
  .text                  ro code   0x800'd618     0xcc  stm32f7xx_hal_i2c.o [1]
  .text                  ro code   0x800'd6e4     0xbe  stm32f7xx_hal_i2c_ex.o [1]
  .text                  ro code   0x800'd7a4    0x5fa  stm32f7xx_hal_uart.o [1]
  .text                  ro code   0x800'dda0     0x58  usb_device.o [1]
  .text                  ro code   0x800'ddf8     0xdc  lwip.o [1]
  .text                  ro code   0x800'ded4     0x18  stm32f7xx_hal.o [1]
  .text                  ro code   0x800'deec    0x248  stm32f7xx_hal_msp.o [1]
  .text                  ro code   0x800'e134     0x6c  stm32f7xx_hal_crc_ex.o [1]
  .text                  ro code   0x800'e1a0    0x364  usbd_core.o [1]
  .text                  ro code   0x800'e504    0x3e6  usbd_cdc.o [1]
  .text                  ro code   0x800'e8ec    0x3de  usbd_conf.o [1]
  .text                  ro code   0x800'eccc    0x834  usbd_ctlreq.o [1]
  .text                  ro code   0x800'f500     0x84  usbd_ioreq.o [1]
  .text                  ro code   0x800'f584   0x14e0  dlmalloc.o [2]
  .text                  ro code   0x801'0a64      0x4  heaptramp0.o [2]
  .text                  ro code   0x801'0a68    0xc18  stm32f7xx_hal_pcd.o [1]
  .text                  ro code   0x801'1680     0x90  stm32f7xx_hal_pcd_ex.o [1]
  .text                  ro code   0x801'1710     0x2c  xgetmemchunk.o [2]
  .text                  ro code   0x801'173c    0xeb4  stm32f7xx_ll_usb.o [1]
  .text                  ro code   0x801'25f0    0xeb8  xscanffull.o [2]
  .text                  ro code   0x801'34a8     0x3c  wctob.o [2]
  .text                  ro code   0x801'34e4     0x14  isspace.o [2]
  .text                  ro code   0x801'34f8     0x9e  iar_Stollx.o [2]
  .text                  ro code   0x801'3598    0x1bc  iar_Stoullx.o [2]
  .text                  ro code   0x801'3754      0xe  math_wrappers64.o [4]
  .text                  ro code   0x801'3762     0x14  isalpha.o [2]
  .text                  ro code   0x801'3776      0xe  DblToFlt.o [4]
  .text                  ro code   0x801'3784     0x14  tolower.o [2]
  .text                  ro code   0x801'3798    0x478  strto64.o [4]
  .text                  ro code   0x801'3c10    0x122  iar_Stopfx.o [2]
  .text                  ro code   0x801'3d34    0x1c4  iar_Stoflt.o [2]
  .text                  ro code   0x801'3ef8    0x21c  iar_Stoxflt.o [2]
  .rodata                const     0x801'4114    0x330  cli_port.o [1]
  .text                  ro code   0x801'4444    0x1b4  cli_port.o [1]
  .text                  ro code   0x801'45f8     0x34  cli_port.o [1]
  .text                  ro code   0x801'462c     0xb2  usbd_cdc_if.o [1]
  .text                  ro code   0x801'46e0     0x34  vsprintf.o [2]
  .text                  ro code   0x801'4714     0x20  vsscanf.o [2]
  .text                  ro code   0x801'4734      0x8  cli_port.o [1]
  .text                  ro code   0x801'473c      0x8  cli_port.o [1]
  .text                  ro code   0x801'4744      0x8  cli_port.o [1]
  .text                  ro code   0x801'474c     0x2c  cli_port.o [1]
  .text                  ro code   0x801'4778     0x34  cli_port.o [1]
  .text                  ro code   0x801'47ac      0xc  cli_port.o [1]
  .text                  ro code   0x801'47b8    0x164  cli_cmd.o [1]
  .text                  ro code   0x801'491c     0x68  cli.o [1]
  .text                  ro code   0x801'4984    0x142  usbd_desc.o [1]
  .rodata                const     0x801'4ac8     0xdc  ip4_frag.o [1]
  .rodata                const     0x801'4ba4     0xd8  etharp.o [1]
  .rodata                const     0x801'4c7c     0xd8  ethernet.o [1]
  .rodata                const     0x801'4d54     0xd8  icmp.o [1]
  .rodata                const     0x801'4e2c     0xd8  ip4.o [1]
  .rodata                const     0x801'4f04     0xd8  timeouts.o [1]
  .text                  ro code   0x801'4fdc     0xd8  xfspos.o [2]
  .text                  ro code   0x801'50b4     0xac  fflush.o [2]
  .text                  ro code   0x801'5160      0xc  xfgpos.o [2]
  .text                  ro code   0x801'516c     0x4a  lseek.o [6]
  .text                  ro code   0x801'51b6     0x10  write.o [6]
  .text                  ro code   0x801'51c8     0xcc  XShHandles.o [2]
  .text                  ro code   0x801'5294     0x1e  dwrite.o [6]
  .text                  ro code   0x801'52b2     0x20  iarwstd.o [6]
  .text                  ro code   0x801'52d2     0x22  iarwrite.o [6]
  .rodata                const     0x801'52f4     0xd4  init.o [1]
  .rodata                const     0x801'53c8     0xd4  memp.o [1]
  .rodata                const     0x801'549c     0xd4  netif.o [1]
  .rodata                const     0x801'5570     0xd4  pbuf.o [1]
  .rodata                const     0x801'5644     0xd4  tcp_in.o [1]
  .rodata                const     0x801'5718     0xd4  tcp_out.o [1]
  .rodata                const     0x801'57ec     0xd4  tcpip.o [1]
  .rodata                const     0x801'58c0     0xd0  mem.o [1]
  .rodata                const     0x801'5990     0xd0  tcp.o [1]
  .rodata                const     0x801'5a60     0xb8  ethernetif.o [1]
  .text                  ro code   0x801'5b18     0xb4  xfwprep.o [2]
  .text                  ro code   0x801'5bcc     0x24  fseek.o [2]
  .text                  ro code   0x801'5bf0     0x8c  xfofind.o [2]
  .text                  ro code   0x801'5c7c     0x7e  fclose.o [2]
  .text                  ro code   0x801'5cfa     0x18  close.o [6]
  .text                  ro code   0x801'5d12     0x14  remove.o [6]
  .rodata                const     0x801'5d28     0x58  tcp_out.o [1]
  .text                  ro code   0x801'5d80     0x54  fputc.o [2]
  .rodata                const     0x801'5dd4     0x48  cli_port.o [1]
  .rodata                const     0x801'5e1c     0x44  etharp.o [1]
  .rodata                const     0x801'5e60     0x44  init.o [1]
  .rodata                const     0x801'5ea4     0x40  etharp.o [1]
  .rodata                const     0x801'5ee4     0x40  timeouts.o [1]
  .rodata                const     0x801'5f24     0x3c  tcp_in.o [1]
  .rodata                const     0x801'5f60     0x3c  tcp_out.o [1]
  .text                  ro code   0x801'5f9c     0x3c  xcloseall.o [2]
  .rodata                const     0x801'5fd8     0x38  icmp.o [1]
  .rodata                const     0x801'6010     0x38  ip4_frag.o [1]
  .rodata                const     0x801'6048     0x38  pbuf.o [1]
  .rodata                const     0x801'6080     0x38  tcp.o [1]
  .rodata                const     0x801'60b8     0x38  tcp_in.o [1]
  .rodata                const     0x801'60f0     0x38  timeouts.o [1]
  .text                  ro code   0x801'6128     0x38  stm32f7xx_it.o [1]
  .rodata                const     0x801'6160     0x34  cli_port.o [1]
  .rodata                const     0x801'6194     0x34  etharp.o [1]
  .rodata                const     0x801'61c8     0x34  ethernet.o [1]
  .rodata                const     0x801'61fc     0x34  icmp.o [1]
  .rodata                const     0x801'6230     0x34  mem.o [1]
  .rodata                const     0x801'6264     0x34  pbuf.o [1]
  .rodata                const     0x801'6298     0x34  tcp.o [1]
  .rodata                const     0x801'62cc     0x34  tcp.o [1]
  .rodata                const     0x801'6300     0x34  tcp.o [1]
  .rodata                const     0x801'6334     0x30  etharp.o [1]
  .rodata                const     0x801'6364     0x30  ip4.o [1]
  .rodata                const     0x801'6394     0x30  mem.o [1]
  .rodata                const     0x801'63c4     0x30  mem.o [1]
  .rodata                const     0x801'63f4     0x30  memp.o [1]
  .rodata                const     0x801'6424     0x30  netif.o [1]
  .rodata                const     0x801'6454     0x30  pbuf.o [1]
  .rodata                const     0x801'6484     0x30  pbuf.o [1]
  .rodata                const     0x801'64b4     0x30  pbuf.o [1]
  .rodata                const     0x801'64e4     0x30  tcp.o [1]
  .rodata                const     0x801'6514     0x30  tcp.o [1]
  .rodata                const     0x801'6544     0x30  tcp_in.o [1]
  .rodata                const     0x801'6574     0x30  tcp_out.o [1]
  .rodata                const     0x801'65a4     0x2c  etharp.o [1]
  .rodata                const     0x801'65d0     0x2c  icmp.o [1]
  .rodata                const     0x801'65fc     0x2c  mem.o [1]
  .rodata                const     0x801'6628     0x2c  pbuf.o [1]
  .rodata                const     0x801'6654     0x2c  pbuf.o [1]
  .rodata                const     0x801'6680     0x2c  tcp.o [1]
  .rodata                const     0x801'66ac     0x2c  tcp.o [1]
  .rodata                const     0x801'66d8     0x2c  tcp.o [1]
  .rodata                const     0x801'6704     0x2c  tcp.o [1]
  .rodata                const     0x801'6730     0x2c  tcp_in.o [1]
  .rodata                const     0x801'675c     0x2c  tcp_in.o [1]
  .rodata                const     0x801'6788     0x2c  tcp_in.o [1]
  .rodata                const     0x801'67b4     0x2c  tcp_out.o [1]
  .rodata                const     0x801'67e0     0x2c  tcp_out.o [1]
  .rodata                const     0x801'680c     0x28  etharp.o [1]
  .rodata                const     0x801'6834     0x28  etharp.o [1]
  .rodata                const     0x801'685c     0x28  ethernet.o [1]
  .rodata                const     0x801'6884     0x28  ethernetif.o [1]
  .rodata                const     0x801'68ac     0x28  icmp.o [1]
  .rodata                const     0x801'68d4     0x28  init.o [1]
  .rodata                const     0x801'68fc     0x28  ip4.o [1]
  .rodata                const     0x801'6924     0x28  ip4_frag.o [1]
  .rodata                const     0x801'694c     0x28  mem.o [1]
  .rodata                const     0x801'6974     0x28  mem.o [1]
  .rodata                const     0x801'699c     0x28  memp.o [1]
  .rodata                const     0x801'69c4     0x28  netif.o [1]
  .rodata                const     0x801'69ec     0x28  pbuf.o [1]
  .rodata                const     0x801'6a14     0x28  tcp.o [1]
  .rodata                const     0x801'6a3c     0x28  tcp.o [1]
  .rodata                const     0x801'6a64     0x28  tcp.o [1]
  .rodata                const     0x801'6a8c     0x28  tcp.o [1]
  .rodata                const     0x801'6ab4     0x28  tcp.o [1]
  .rodata                const     0x801'6adc     0x28  tcp.o [1]
  .rodata                const     0x801'6b04     0x28  tcp.o [1]
  .rodata                const     0x801'6b2c     0x28  tcp_in.o [1]
  .rodata                const     0x801'6b54     0x28  tcp_in.o [1]
  .rodata                const     0x801'6b7c     0x28  tcp_in.o [1]
  .rodata                const     0x801'6ba4     0x28  tcp_in.o [1]
  .rodata                const     0x801'6bcc     0x28  tcp_in.o [1]
  .rodata                const     0x801'6bf4     0x28  tcp_in.o [1]
  .rodata                const     0x801'6c1c     0x28  tcp_in.o [1]
  .rodata                const     0x801'6c44     0x28  tcp_out.o [1]
  .rodata                const     0x801'6c6c     0x28  tcp_out.o [1]
  .rodata                const     0x801'6c94     0x28  tcp_out.o [1]
  .rodata                const     0x801'6cbc     0x28  tcp_out.o [1]
  .rodata                const     0x801'6ce4     0x28  tcp_out.o [1]
  .rodata                const     0x801'6d0c     0x28  tcp_out.o [1]
  .rodata                const     0x801'6d34     0x28  tcpip.o [1]
  .rodata                const     0x801'6d5c     0x28  timeouts.o [1]
  .text                  ro code   0x801'6d84     0x28  data_init.o [5]
  .rodata                const     0x801'6dac     0x24  etharp.o [1]
  .rodata                const     0x801'6dd0     0x24  ip4_frag.o [1]
  .rodata                const     0x801'6df4     0x24  ip4_frag.o [1]
  .rodata                const     0x801'6e18     0x24  mem.o [1]
  .rodata                const     0x801'6e3c     0x24  mem.o [1]
  .rodata                const     0x801'6e60     0x24  memp.o [1]
  .rodata                const     0x801'6e84     0x24  netif.o [1]
  .rodata                const     0x801'6ea8     0x24  netif.o [1]
  .rodata                const     0x801'6ecc     0x24  pbuf.o [1]
  .rodata                const     0x801'6ef0     0x24  pbuf.o [1]
  .rodata                const     0x801'6f14     0x24  tcp.o [1]
  .rodata                const     0x801'6f38     0x24  tcp_out.o [1]
  .rodata                const     0x801'6f5c     0x24  tcp_out.o [1]
  .rodata                const     0x801'6f80     0x24  tcp_out.o [1]
  .rodata                const     0x801'6fa4     0x24  tcp_out.o [1]
  .rodata                const     0x801'6fc8     0x24  tcp_out.o [1]
  .rodata                const     0x801'6fec     0x24  tcp_out.o [1]
  .rodata                const     0x801'7010     0x24  tcp_out.o [1]
  .rodata                const     0x801'7034     0x24  tcpip.o [1]
  .rodata                const     0x801'7058     0x24  tcpip.o [1]
  .text                  ro code   0x801'707c     0x22  fpinit_M.o [4]
  .iar.init_table        const     0x801'70a0     0x24  - Linker created -
  .rodata                const     0x801'70c4     0x20  cli_cmd.o [1]
  .rodata                const     0x801'70e4     0x20  cli_cmd.o [1]
  .rodata                const     0x801'7104     0x20  ip4_frag.o [1]
  .rodata                const     0x801'7124     0x20  ip4_frag.o [1]
  .rodata                const     0x801'7144     0x20  ip4_frag.o [1]
  .rodata                const     0x801'7164     0x20  ip4_frag.o [1]
  .rodata                const     0x801'7184     0x20  mem.o [1]
  .rodata                const     0x801'71a4     0x20  memp.o [1]
  .rodata                const     0x801'71c4     0x20  memp.o [1]
  .rodata                const     0x801'71e4     0x20  netif.o [1]
  .rodata                const     0x801'7204     0x20  pbuf.o [1]
  .rodata                const     0x801'7224     0x20  pbuf.o [1]
  .rodata                const     0x801'7244     0x20  tcp.o [1]
  .rodata                const     0x801'7264     0x20  tcp.o [1]
  .rodata                const     0x801'7284     0x20  tcp_in.o [1]
  .rodata                const     0x801'72a4     0x20  tcp_in.o [1]
  .rodata                const     0x801'72c4     0x20  tcp_in.o [1]
  .rodata                const     0x801'72e4     0x20  tcp_in.o [1]
  .rodata                const     0x801'7304     0x20  tcp_in.o [1]
  .rodata                const     0x801'7324     0x20  tcp_in.o [1]
  .rodata                const     0x801'7344     0x20  tcp_in.o [1]
  .rodata                const     0x801'7364     0x20  tcp_out.o [1]
  .rodata                const     0x801'7384     0x20  tcp_out.o [1]
  .rodata                const     0x801'73a4     0x20  tcp_out.o [1]
  .rodata                const     0x801'73c4     0x20  tcp_out.o [1]
  .rodata                const     0x801'73e4     0x20  tcp_out.o [1]
  .rodata                const     0x801'7404     0x20  tcp_out.o [1]
  .rodata                const     0x801'7424     0x20  tcpip.o [1]
  .text                  ro code   0x801'7444     0x20  cmain_call_ctors.o [5]
  .text                  ro code   0x801'7464     0x18  cppinit.o [2]
  .text                  ro code   0x801'747c     0x1e  cmain.o [5]
  .text                  ro code   0x801'749a      0x4  low_level_init.o [2]
  .text                  ro code   0x801'749e      0x4  exit.o [2]
  .text                  ro code   0x801'74a4      0xe  cexit.o [5]
  .rodata                const     0x801'74b4     0x1c  cli_cmd.o [1]
  .rodata                const     0x801'74d0     0x1c  cli_port.o [1]
  .rodata                const     0x801'74ec     0x1c  etharp.o [1]
  .rodata                const     0x801'7508     0x1c  ethernetif.o [1]
  .rodata                const     0x801'7524     0x1c  ip4_frag.o [1]
  .rodata                const     0x801'7540     0x1c  ip4_frag.o [1]
  .rodata                const     0x801'755c     0x1c  ip4_frag.o [1]
  .rodata                const     0x801'7578     0x1c  main.o [1]
  .rodata                const     0x801'7594     0x1c  main.o [1]
  .rodata                const     0x801'75b0     0x1c  mem.o [1]
  .rodata                const     0x801'75cc     0x1c  mem.o [1]
  .rodata                const     0x801'75e8     0x1c  mem.o [1]
  .rodata                const     0x801'7604     0x1c  mem.o [1]
  .rodata                const     0x801'7620     0x1c  mem.o [1]
  .rodata                const     0x801'763c     0x1c  memp.o [1]
  .rodata                const     0x801'7658     0x1c  netif.o [1]
  .rodata                const     0x801'7674     0x1c  netif.o [1]
  .rodata                const     0x801'7690     0x1c  pbuf.o [1]
  .rodata                const     0x801'76ac     0x1c  pbuf.o [1]
  .rodata                const     0x801'76c8     0x1c  pbuf.o [1]
  .rodata                const     0x801'76e4     0x1c  tcp.o [1]
  .rodata                const     0x801'7700     0x1c  tcp.o [1]
  .rodata                const     0x801'771c     0x1c  tcp.o [1]
  .rodata                const     0x801'7738     0x1c  tcp.o [1]
  .rodata                const     0x801'7754     0x1c  tcp.o [1]
  .rodata                const     0x801'7770     0x1c  tcp.o [1]
  .rodata                const     0x801'778c     0x1c  tcp.o [1]
  .rodata                const     0x801'77a8     0x1c  tcp.o [1]
  .rodata                const     0x801'77c4     0x1c  tcp.o [1]
  .rodata                const     0x801'77e0     0x1c  tcp.o [1]
  .rodata                const     0x801'77fc     0x1c  tcp_in.o [1]
  .rodata                const     0x801'7818     0x1c  tcp_in.o [1]
  .rodata                const     0x801'7834     0x1c  tcp_in.o [1]
  .rodata                const     0x801'7850     0x1c  tcp_in.o [1]
  .rodata                const     0x801'786c     0x1c  tcp_in.o [1]
  .rodata                const     0x801'7888     0x1c  tcp_out.o [1]
  .rodata                const     0x801'78a4     0x1c  tcp_out.o [1]
  .rodata                const     0x801'78c0     0x1c  tcp_out.o [1]
  .rodata                const     0x801'78dc     0x1c  tcp_out.o [1]
  .rodata                const     0x801'78f8     0x1c  tcp_out.o [1]
  .text                  ro code   0x801'7914     0x1c  system_stm32f7xx.o [1]
  .rodata                const     0x801'7930     0x18  etharp.o [1]
  .rodata                const     0x801'7948     0x18  mem.o [1]
  .rodata                const     0x801'7960     0x18  mem.o [1]
  .rodata                const     0x801'7978     0x18  pbuf.o [1]
  .rodata                const     0x801'7990     0x18  pbuf.o [1]
  .rodata                const     0x801'79a8     0x18  pbuf.o [1]
  .rodata                const     0x801'79c0     0x18  pbuf.o [1]
  .rodata                const     0x801'79d8     0x18  tcp.o [1]
  .rodata                const     0x801'79f0     0x18  tcp.o [1]
  .rodata                const     0x801'7a08     0x18  tcp.o [1]
  .rodata                const     0x801'7a20     0x18  tcp.o [1]
  .rodata                const     0x801'7a38     0x18  tcp.o [1]
  .rodata                const     0x801'7a50     0x18  tcp_in.o [1]
  .rodata                const     0x801'7a68     0x18  tcp_in.o [1]
  .rodata                const     0x801'7a80     0x18  tcp_out.o [1]
  .rodata                const     0x801'7a98     0x18  tcp_out.o [1]
  .rodata                const     0x801'7ab0     0x18  tcp_out.o [1]
  .rodata                const     0x801'7ac8     0x18  tcp_out.o [1]
  .rodata                const     0x801'7ae0     0x18  tcp_out.o [1]
  .rodata                const     0x801'7af8     0x18  timeouts.o [1]
  .text                  ro code   0x801'7b10     0x16  xprout.o [2]
  .text                  ro code   0x801'7b28      0xc  putchar.o [2]
  .rodata                const     0x801'7b34     0x14  etharp.o [1]
  .rodata                const     0x801'7b48     0x14  ip4_frag.o [1]
  .rodata                const     0x801'7b5c     0x14  mem.o [1]
  .rodata                const     0x801'7b70     0x14  netif.o [1]
  .rodata                const     0x801'7b84     0x14  pbuf.o [1]
  .rodata                const     0x801'7b98     0x14  pbuf.o [1]
  .rodata                const     0x801'7bac     0x14  pbuf.o [1]
  .rodata                const     0x801'7bc0     0x14  pbuf.o [1]
  .rodata                const     0x801'7bd4     0x14  tcp.o [1]
  .rodata                const     0x801'7be8     0x14  tcp_in.o [1]
  .rodata                const     0x801'7bfc     0x14  tcp_out.o [1]
  .rodata                const     0x801'7c10     0x14  timeouts.o [1]
  .rodata                const     0x801'7c24     0x14  usbd_desc.o [1]
  .rodata                const     0x801'7c38     0x10  cli_cmd.o [1]
  .rodata                const     0x801'7c48     0x10  cli_port.o [1]
  .rodata                const     0x801'7c58     0x10  etharp.o [1]
  .rodata                const     0x801'7c68     0x10  etharp.o [1]
  .rodata                const     0x801'7c78     0x10  etharp.o [1]
  .rodata                const     0x801'7c88     0x10  ethernetif.o [1]
  .rodata                const     0x801'7c98     0x10  ip4_frag.o [1]
  .rodata                const     0x801'7ca8     0x10  ip4_frag.o [1]
  .rodata                const     0x801'7cb8     0x10  netif.o [1]
  .rodata                const     0x801'7cc8     0x10  pbuf.o [1]
  .rodata                const     0x801'7cd8     0x10  pbuf.o [1]
  .rodata                const     0x801'7ce8     0x10  sys_arch.o [1]
  .rodata                const     0x801'7cf8     0x10  system_stm32f7xx.o [1]
  .rodata                const     0x801'7d08     0x10  tcp.o [1]
  .rodata                const     0x801'7d18     0x10  tcp.o [1]
  .rodata                const     0x801'7d28     0x10  tcp.o [1]
  .rodata                const     0x801'7d38     0x10  tcp_in.o [1]
  .rodata                const     0x801'7d48     0x10  tcp_in.o [1]
  .rodata                const     0x801'7d58     0x10  tcp_in.o [1]
  .rodata                const     0x801'7d68     0x10  tcp_in.o [1]
  .rodata                const     0x801'7d78     0x10  tcp_out.o [1]
  .rodata                const     0x801'7d88     0x10  tcp_out.o [1]
  .rodata                const     0x801'7d98     0x10  tcpip.o [1]
  .rodata                const     0x801'7da8     0x10  tcpip.o [1]
  .rodata                const     0x801'7db8     0x10  usbd_desc.o [1]
  .rodata                const     0x801'7dc8     0x10  usbd_desc.o [1]
  .text                  ro code   0x801'7dd8     0x10  startup_stm32f767xx.o [1]
  .rodata                const     0x801'7de8      0xc  cli_cmd.o [1]
  .rodata                const     0x801'7df4      0xc  cli_cmd.o [1]
  .rodata                const     0x801'7e00      0xc  cli_cmd.o [1]
  .rodata                const     0x801'7e0c      0xc  etharp.o [1]
  .rodata                const     0x801'7e18      0xc  ip4.o [1]
  .rodata                const     0x801'7e24      0xc  ip4_frag.o [1]
  .rodata                const     0x801'7e30      0xc  ip4_frag.o [1]
  .rodata                const     0x801'7e3c      0xc  ip4_frag.o [1]
  .rodata                const     0x801'7e48      0xc  ip4_frag.o [1]
  .rodata                const     0x801'7e54      0xc  ip4_frag.o [1]
  .rodata                const     0x801'7e60      0xc  main.o [1]
  .rodata                const     0x801'7e6c      0xc  memp.o [1]
  .rodata                const     0x801'7e78      0xc  memp.o [1]
  .rodata                const     0x801'7e84      0xc  memp.o [1]
  .rodata                const     0x801'7e90      0xc  memp.o [1]
  .rodata                const     0x801'7e9c      0xc  memp.o [1]
  .rodata                const     0x801'7ea8      0xc  memp.o [1]
  .rodata                const     0x801'7eb4      0xc  memp.o [1]
  .rodata                const     0x801'7ec0      0xc  memp.o [1]
  .rodata                const     0x801'7ecc      0xc  memp.o [1]
  .rodata                const     0x801'7ed8      0xc  memp.o [1]
  .rodata                const     0x801'7ee4      0xc  memp.o [1]
  .rodata                const     0x801'7ef0      0xc  memp.o [1]
  .rodata                const     0x801'7efc      0xc  pbuf.o [1]
  .rodata                const     0x801'7f08      0xc  tcp.o [1]
  .rodata                const     0x801'7f14      0xc  tcp_in.o [1]
  .rodata                const     0x801'7f20      0xc  tcp_out.o [1]
  .rodata                const     0x801'7f2c      0xc  usbd_desc.o [1]
  .text                  ro code   0x801'7f38      0xc  cstartup_M.o [5]
  .rodata                const     0x801'7f44      0x8  cli_cmd.o [1]
  .rodata                const     0x801'7f4c      0x8  cli_cmd.o [1]
  .rodata                const     0x801'7f54      0x8  cli_cmd.o [1]
  .rodata                const     0x801'7f5c      0x8  cli_cmd.o [1]
  .rodata                const     0x801'7f64      0x8  ethernet.o [1]
  .rodata                const     0x801'7f6c      0x8  ethernet.o [1]
  .rodata                const     0x801'7f74      0x8  ethernetif.o [1]
  .rodata                const     0x801'7f7c      0x8  ethernetif.o [1]
  .rodata                const     0x801'7f84      0x8  main.o [1]
  .rodata                const     0x801'7f8c      0x8  sys_arch.o [1]
  .rodata                const     0x801'7f94      0x8  sys_arch.o [1]
  .rodata                const     0x801'7f9c      0x8  system_stm32f7xx.o [1]
  .rodata                const     0x801'7fa4      0x8  tasks.o [1]
  .rodata                const     0x801'7fac      0x8  tcp.o [1]
  .rodata                const     0x801'7fb4      0x8  tcp_in.o [1]
  .rodata                const     0x801'7fbc      0x8  tcp_in.o [1]
  .rodata                const     0x801'7fc4      0x6  xlocale_c.o [2]
  .rodata                const     0x801'7fcc      0x4  cli_port.o [1]
  .rodata                const     0x801'7fd0      0x4  cli_port.o [1]
  .rodata                const     0x801'7fd4      0x4  cli_port.o [1]
  .rodata                const     0x801'7fd8      0x4  cli_port.o [1]
  .rodata                const     0x801'7fdc      0x4  cli_port.o [1]
  .rodata                const     0x801'7fe0      0x4  cli_port.o [1]
  .rodata                const     0x801'7fe4      0x4  cli_port.o [1]
  .rodata                const     0x801'7fe8      0x4  cli_port.o [1]
  .rodata                const     0x801'7fec      0x4  cli_port.o [1]
  .rodata                const     0x801'7ff0      0x4  cli_port.o [1]
  .rodata                const     0x801'7ff4      0x4  cli_port.o [1]
  .rodata                const     0x801'7ff8      0x4  cli_port.o [1]
  .rodata                const     0x801'7ffc      0x4  heap_4.o [1]
  .rodata                const     0x801'8000      0x4  ip4_addr.o [1]
  .rodata                const     0x801'8004      0x4  port.o [1]
  .text                  ro code   0x801'8008      0x4  startup_stm32f767xx.o [1]
  .text                  ro code   0x801'800c      0x4  startup_stm32f767xx.o [1]
  .text                  ro code   0x801'8010      0x4  startup_stm32f767xx.o [1]
  .text                  ro code   0x801'8014      0x4  startup_stm32f767xx.o [1]
  .text                  ro code   0x801'8018      0x4  startup_stm32f767xx.o [1]
  .text                  ro code   0x801'801c      0x4  startup_stm32f767xx.o [1]
  .text                  ro code   0x801'8020      0x4  startup_stm32f767xx.o [1]
  .text                  ro code   0x801'8024      0x4  startup_stm32f767xx.o [1]
  .text                  ro code   0x801'8028      0x4  startup_stm32f767xx.o [1]
  .text                  ro code   0x801'802c      0x4  startup_stm32f767xx.o [1]
  .text                  ro code   0x801'8030      0x4  startup_stm32f767xx.o [1]
  .text                  ro code   0x801'8034      0x4  startup_stm32f767xx.o [1]
  .text                  ro code   0x801'8038      0x4  startup_stm32f767xx.o [1]
  .text                  ro code   0x801'803c      0x4  startup_stm32f767xx.o [1]
  .text                  ro code   0x801'8040      0x4  startup_stm32f767xx.o [1]
  .text                  ro code   0x801'8044      0x4  startup_stm32f767xx.o [1]
  .text                  ro code   0x801'8048      0x4  startup_stm32f767xx.o [1]
  .text                  ro code   0x801'804c      0x4  startup_stm32f767xx.o [1]
  .text                  ro code   0x801'8050      0x4  startup_stm32f767xx.o [1]
  .text                  ro code   0x801'8054      0x4  startup_stm32f767xx.o [1]
  .text                  ro code   0x801'8058      0x4  startup_stm32f767xx.o [1]
  .text                  ro code   0x801'805c      0x4  startup_stm32f767xx.o [1]
  .text                  ro code   0x801'8060      0x4  startup_stm32f767xx.o [1]
  .text                  ro code   0x801'8064      0x4  startup_stm32f767xx.o [1]
  .text                  ro code   0x801'8068      0x4  startup_stm32f767xx.o [1]
  .text                  ro code   0x801'806c      0x4  startup_stm32f767xx.o [1]
  .text                  ro code   0x801'8070      0x4  startup_stm32f767xx.o [1]
  .text                  ro code   0x801'8074      0x4  startup_stm32f767xx.o [1]
  .text                  ro code   0x801'8078      0x4  startup_stm32f767xx.o [1]
  .text                  ro code   0x801'807c      0x4  startup_stm32f767xx.o [1]
  .text                  ro code   0x801'8080      0x4  startup_stm32f767xx.o [1]
  .text                  ro code   0x801'8084      0x4  startup_stm32f767xx.o [1]
  .text                  ro code   0x801'8088      0x4  startup_stm32f767xx.o [1]
  .text                  ro code   0x801'808c      0x4  startup_stm32f767xx.o [1]
  .text                  ro code   0x801'8090      0x4  startup_stm32f767xx.o [1]
  .text                  ro code   0x801'8094      0x4  startup_stm32f767xx.o [1]
  .text                  ro code   0x801'8098      0x4  startup_stm32f767xx.o [1]
  .text                  ro code   0x801'809c      0x4  startup_stm32f767xx.o [1]
  .text                  ro code   0x801'80a0      0x4  startup_stm32f767xx.o [1]
  .text                  ro code   0x801'80a4      0x4  startup_stm32f767xx.o [1]
  .text                  ro code   0x801'80a8      0x4  startup_stm32f767xx.o [1]
  .text                  ro code   0x801'80ac      0x4  startup_stm32f767xx.o [1]
  .text                  ro code   0x801'80b0      0x4  startup_stm32f767xx.o [1]
  .text                  ro code   0x801'80b4      0x4  startup_stm32f767xx.o [1]
  .text                  ro code   0x801'80b8      0x4  startup_stm32f767xx.o [1]
  .text                  ro code   0x801'80bc      0x4  startup_stm32f767xx.o [1]
  .text                  ro code   0x801'80c0      0x4  startup_stm32f767xx.o [1]
  .text                  ro code   0x801'80c4      0x4  startup_stm32f767xx.o [1]
  .text                  ro code   0x801'80c8      0x4  startup_stm32f767xx.o [1]
  .text                  ro code   0x801'80cc      0x4  startup_stm32f767xx.o [1]
  .text                  ro code   0x801'80d0      0x4  startup_stm32f767xx.o [1]
  .text                  ro code   0x801'80d4      0x4  startup_stm32f767xx.o [1]
  .text                  ro code   0x801'80d8      0x4  startup_stm32f767xx.o [1]
  .text                  ro code   0x801'80dc      0x4  startup_stm32f767xx.o [1]
  .text                  ro code   0x801'80e0      0x4  startup_stm32f767xx.o [1]
  .text                  ro code   0x801'80e4      0x4  startup_stm32f767xx.o [1]
  .text                  ro code   0x801'80e8      0x4  startup_stm32f767xx.o [1]
  .text                  ro code   0x801'80ec      0x4  startup_stm32f767xx.o [1]
  .text                  ro code   0x801'80f0      0x4  startup_stm32f767xx.o [1]
  .text                  ro code   0x801'80f4      0x4  startup_stm32f767xx.o [1]
  .text                  ro code   0x801'80f8      0x4  startup_stm32f767xx.o [1]
  .text                  ro code   0x801'80fc      0x4  startup_stm32f767xx.o [1]
  .text                  ro code   0x801'8100      0x4  startup_stm32f767xx.o [1]
  .text                  ro code   0x801'8104      0x4  startup_stm32f767xx.o [1]
  .text                  ro code   0x801'8108      0x4  startup_stm32f767xx.o [1]
  .text                  ro code   0x801'810c      0x4  startup_stm32f767xx.o [1]
  .text                  ro code   0x801'8110      0x4  startup_stm32f767xx.o [1]
  .text                  ro code   0x801'8114      0x4  startup_stm32f767xx.o [1]
  .text                  ro code   0x801'8118      0x4  startup_stm32f767xx.o [1]
  .text                  ro code   0x801'811c      0x4  startup_stm32f767xx.o [1]
  .text                  ro code   0x801'8120      0x4  startup_stm32f767xx.o [1]
  .text                  ro code   0x801'8124      0x4  startup_stm32f767xx.o [1]
  .text                  ro code   0x801'8128      0x4  startup_stm32f767xx.o [1]
  .text                  ro code   0x801'812c      0x4  startup_stm32f767xx.o [1]
  .text                  ro code   0x801'8130      0x4  startup_stm32f767xx.o [1]
  .text                  ro code   0x801'8134      0x4  startup_stm32f767xx.o [1]
  .text                  ro code   0x801'8138      0x4  startup_stm32f767xx.o [1]
  .text                  ro code   0x801'813c      0x4  startup_stm32f767xx.o [1]
  .text                  ro code   0x801'8140      0x4  startup_stm32f767xx.o [1]
  .text                  ro code   0x801'8144      0x4  startup_stm32f767xx.o [1]
  .text                  ro code   0x801'8148      0x4  startup_stm32f767xx.o [1]
  .text                  ro code   0x801'814c      0x4  startup_stm32f767xx.o [1]
  .text                  ro code   0x801'8150      0x4  startup_stm32f767xx.o [1]
  .text                  ro code   0x801'8154      0x4  startup_stm32f767xx.o [1]
  .text                  ro code   0x801'8158      0x4  startup_stm32f767xx.o [1]
  .text                  ro code   0x801'815c      0x4  startup_stm32f767xx.o [1]
  .text                  ro code   0x801'8160      0x4  startup_stm32f767xx.o [1]
  .text                  ro code   0x801'8164      0x4  startup_stm32f767xx.o [1]
  .text                  ro code   0x801'8168      0x4  startup_stm32f767xx.o [1]
  .text                  ro code   0x801'816c      0x4  startup_stm32f767xx.o [1]
  .text                  ro code   0x801'8170      0x4  startup_stm32f767xx.o [1]
  .text                  ro code   0x801'8174      0x4  startup_stm32f767xx.o [1]
  .text                  ro code   0x801'8178      0x4  startup_stm32f767xx.o [1]
  .text                  ro code   0x801'817c      0x4  startup_stm32f767xx.o [1]
  .text                  ro code   0x801'8180      0x4  startup_stm32f767xx.o [1]
  .text                  ro code   0x801'8184      0x4  startup_stm32f767xx.o [1]
  .text                  ro code   0x801'8188      0x4  startup_stm32f767xx.o [1]
  .text                  ro code   0x801'818c      0x4  startup_stm32f767xx.o [1]
  .text                  ro code   0x801'8190      0x4  startup_stm32f767xx.o [1]
  .text                  ro code   0x801'8194      0x4  startup_stm32f767xx.o [1]
  .text                  ro code   0x801'8198      0x4  startup_stm32f767xx.o [1]
  .text                  ro code   0x801'819c      0x4  startup_stm32f767xx.o [1]
  .text                  ro code   0x801'81a0      0x4  startup_stm32f767xx.o [1]
  .text                  ro code   0x801'81a4      0x4  startup_stm32f767xx.o [1]
  .text                  ro code   0x801'81a8      0x4  startup_stm32f767xx.o [1]
  SHT$$PREINIT_ARRAY               0x801'81ac      0x0  <Block>
  SHT$$INIT_ARRAY                  0x801'81ac      0x4  <Block>
    .init_array          const     0x801'81ac      0x4  cli_port.o [1]
  __iar_tls$$INIT_ARRAY            0x801'81b0      0x0  <Block>
  .text                  ro code   0x801'81b0      0x0  cstart_closeall.o [5]
  .rodata                const     0x801'81b0      0x0  zero_init3.o [5]
  .rodata                const     0x801'81b0      0x0  lz77_init_single.o [5]
  Initializer bytes      const     0x801'81b0    0x188  <for P2-1>
                                 - 0x801'8338  0x18140

"P2", part 1 of 3:                               0x31f
  P2-1                            0x2000'0000    0x31f  <Init block>
    .data                inited   0x2000'0000      0x4  port.o [1]
    .data                inited   0x2000'0004      0x4  stm32f7xx_hal.o [1]
    .data                inited   0x2000'0008      0x4  system_stm32f7xx.o [1]
    .data                inited   0x2000'000c      0x4  tcp.o [1]
    .data                inited   0x2000'0010      0xc  usbd_cdc.o [1]
    .data                inited   0x2000'001c     0x38  usbd_cdc.o [1]
    .data                inited   0x2000'0054     0x44  usbd_cdc.o [1]
    .data                inited   0x2000'0098     0x44  usbd_cdc.o [1]
    .data                inited   0x2000'00dc     0x44  usbd_cdc.o [1]
    .data                inited   0x2000'0120     0x14  usbd_cdc_if.o [1]
    .data                inited   0x2000'0134     0x20  usbd_desc.o [1]
    .data                inited   0x2000'0154     0x14  usbd_desc.o [1]
    .data                inited   0x2000'0168      0xc  usbd_desc.o [1]
    .data                inited   0x2000'0174      0x4  usbd_desc.o [1]
    .data                inited   0x2000'0178     0x1c  usbd_desc.o [1]
    .data                inited   0x2000'0194      0x8  rand.o [2]
    .data                inited   0x2000'019c     0x38  xlocale_c.o [2]
    .data                inited   0x2000'01d4     0x48  xlocale_c.o [2]
    .data                inited   0x2000'021c     0x48  xfiles.o [2]
    .data                inited   0x2000'0264     0x48  xfiles.o [2]
    .data                inited   0x2000'02ac     0x48  xfiles.o [2]
    .data                inited   0x2000'02f4     0x20  xfiles.o [2]
    .data                inited   0x2000'0314      0x8  XShttio.o [2]
    .data                inited   0x2000'031c      0x2  tcp.o [1]
    .data                inited   0x2000'031e      0x1  stm32f7xx_hal.o [1]
                                - 0x2000'031f    0x31f

"P2", part 2 of 3:                             0x49b94
  .bss                   zero     0x2000'0320  0x40000  heap_4.o [1]
  .bss                   zero     0x2004'0320   0x2604  memp.o [1]
  .bss                   zero     0x2004'2924   0x17d0  ethernetif.o [1]
  .bss                   zero     0x2004'40f4   0x17d0  ethernetif.o [1]
  .bss                   zero     0x2004'58c4    0x800  usbd_cdc_if.o [1]
  .bss                   zero     0x2004'60c4    0x800  usbd_cdc_if.o [1]
  .bss                   zero     0x2004'68c4    0x654  mem.o [1]
  .bss                   zero     0x2004'6f18    0x5d0  cli_port.o [1]
  .bss                   zero     0x2004'74e8    0x5d0  cli_port.o [1]
  .bss                   zero     0x2004'7ab8    0x404  usbd_conf.o [1]
  .bss                   zero     0x2004'7ebc    0x400  cli_port.o [1]
  .bss                   zero     0x2004'82bc    0x310  memp.o [1]
  .bss                   zero     0x2004'85cc    0x2d0  usb_device.o [1]
  .bss                   zero     0x2004'889c    0x200  freertos.o [1]
  .bss                   zero     0x2004'8a9c    0x200  usbd_desc.o [1]
  .bss                   zero     0x2004'8c9c    0x1d8  dlmalloc.o [2]
  .bss                   zero     0x2004'8e74    0x16c  memp.o [1]
  .bss                   zero     0x2004'8fe0    0x104  memp.o [1]
  .bss                   zero     0x2004'90e4    0x104  memp.o [1]
  .bss                   zero     0x2004'91e8     0xf0  etharp.o [1]
  .bss                   zero     0x2004'92d8     0xe4  memp.o [1]
  .bss                   zero     0x2004'93bc     0xa4  memp.o [1]
  .bss                   zero     0x2004'9460     0xa4  memp.o [1]
  .bss                   zero     0x2004'9504     0x8c  tasks.o [1]
  .bss                   zero     0x2004'9590     0x84  memp.o [1]
  .bss                   zero     0x2004'9614     0x84  memp.o [1]
  .bss                   zero     0x2004'9698     0x84  rand.o [2]
  .bss                   zero     0x2004'971c     0x80  ethernetif.o [1]
  .bss                   zero     0x2004'979c     0x80  ethernetif.o [1]
  .bss                   zero     0x2004'981c     0x80  main.o [1]
  .bss                   zero     0x2004'989c     0x80  main.o [1]
  .bss                   zero     0x2004'991c     0x80  main.o [1]
  .bss                   zero     0x2004'999c     0x80  XShHandles.o [2]
  .bss                   zero     0x2004'9a1c     0x54  freertos.o [1]
  .bss                   zero     0x2004'9a70     0x50  xfiles.o [2]
  .bss                   zero     0x2004'9ac0     0x50  xfiles.o [2]
  .bss                   zero     0x2004'9b10     0x4c  main.o [1]
  .bss                   zero     0x2004'9b5c     0x48  ethernetif.o [1]
  .bss                   zero     0x2004'9ba4     0x40  cli_port.o [1]
  .bss                   zero     0x2004'9be4     0x40  stm32f7xx_hal_timebase_tim.o [1]
  .bss                   zero     0x2004'9c24     0x34  memp.o [1]
  .bss                   zero     0x2004'9c58     0x30  lwip.o [1]
  .bss                   zero     0x2004'9c88     0x24  main.o [1]
  .bss                   zero     0x2004'9cac     0x24  memp.o [1]
  .bss                   zero     0x2004'9cd0     0x18  ip.o [1]
  .bss                   zero     0x2004'9ce8     0x18  dlmalloc.o [2]
  .bss                   zero     0x2004'9d00     0x14  tasks.o [1]
  .bss                   zero     0x2004'9d14     0x14  tasks.o [1]
  .bss                   zero     0x2004'9d28     0x14  tasks.o [1]
  .bss                   zero     0x2004'9d3c     0x14  tasks.o [1]
  .bss                   zero     0x2004'9d50     0x14  tasks.o [1]
  .bss                   zero     0x2004'9d64     0x10  tcp_in.o [1]
  .bss                   zero     0x2004'9d74      0x8  heap_4.o [1]
  .bss                   zero     0x2004'9d7c      0x4  cli_port.o [1]
  .bss                   zero     0x2004'9d80      0x4  ethernetif.o [1]
  .bss                   zero     0x2004'9d84      0x4  heap_4.o [1]
  .bss                   zero     0x2004'9d88      0x4  heap_4.o [1]
  .bss                   zero     0x2004'9d8c      0x4  heap_4.o [1]
  .bss                   zero     0x2004'9d90      0x4  heap_4.o [1]
  .bss                   zero     0x2004'9d94      0x4  ip4_frag.o [1]
  .bss                   zero     0x2004'9d98      0x4  lwip.o [1]
  .bss                   zero     0x2004'9d9c      0x4  lwip.o [1]
  .bss                   zero     0x2004'9da0      0x4  lwip.o [1]
  .bss                   zero     0x2004'9da4      0x4  lwip.o [1]
  .bss                   zero     0x2004'9da8      0x4  lwip.o [1]
  .bss                   zero     0x2004'9dac      0x4  lwip.o [1]
  .bss                   zero     0x2004'9db0      0x4  main.o [1]
  .bss                   zero     0x2004'9db4      0x4  main.o [1]
  .bss                   zero     0x2004'9db8      0x4  mem.o [1]
  .bss                   zero     0x2004'9dbc      0x4  mem.o [1]
  .bss                   zero     0x2004'9dc0      0x4  mem.o [1]
  .bss                   zero     0x2004'9dc4      0x4  mem.o [1]
  .bss                   zero     0x2004'9dc8      0x4  memp.o [1]
  .bss                   zero     0x2004'9dcc      0x4  memp.o [1]
  .bss                   zero     0x2004'9dd0      0x4  memp.o [1]
  .bss                   zero     0x2004'9dd4      0x4  memp.o [1]
  .bss                   zero     0x2004'9dd8      0x4  memp.o [1]
  .bss                   zero     0x2004'9ddc      0x4  memp.o [1]
  .bss                   zero     0x2004'9de0      0x4  memp.o [1]
  .bss                   zero     0x2004'9de4      0x4  memp.o [1]
  .bss                   zero     0x2004'9de8      0x4  memp.o [1]
  .bss                   zero     0x2004'9dec      0x4  memp.o [1]
  .bss                   zero     0x2004'9df0      0x4  memp.o [1]
  .bss                   zero     0x2004'9df4      0x4  memp.o [1]
  .bss                   zero     0x2004'9df8      0x4  netif.o [1]
  .bss                   zero     0x2004'9dfc      0x4  netif.o [1]
  .bss                   zero     0x2004'9e00      0x4  port.o [1]
  .bss                   zero     0x2004'9e04      0x4  stm32f7xx_hal.o [1]
  .bss                   zero     0x2004'9e08      0x4  sys_arch.o [1]
  .bss                   zero     0x2004'9e0c      0x4  tasks.o [1]
  .bss                   zero     0x2004'9e10      0x4  tasks.o [1]
  .bss                   zero     0x2004'9e14      0x4  tasks.o [1]
  .bss                   zero     0x2004'9e18      0x4  tasks.o [1]
  .bss                   zero     0x2004'9e1c      0x4  tasks.o [1]
  .bss                   zero     0x2004'9e20      0x4  tasks.o [1]
  .bss                   zero     0x2004'9e24      0x4  tasks.o [1]
  .bss                   zero     0x2004'9e28      0x4  tasks.o [1]
  .bss                   zero     0x2004'9e2c      0x4  tasks.o [1]
  .bss                   zero     0x2004'9e30      0x4  tasks.o [1]
  .bss                   zero     0x2004'9e34      0x4  tasks.o [1]
  .bss                   zero     0x2004'9e38      0x4  tasks.o [1]
  .bss                   zero     0x2004'9e3c      0x4  tasks.o [1]
  .bss                   zero     0x2004'9e40      0x4  tasks.o [1]
  .bss                   zero     0x2004'9e44      0x4  tasks.o [1]
  .bss                   zero     0x2004'9e48      0x4  tcp.o [1]
  .bss                   zero     0x2004'9e4c      0x4  tcp.o [1]
  .bss                   zero     0x2004'9e50      0x4  tcp.o [1]
  .bss                   zero     0x2004'9e54      0x4  tcp.o [1]
  .bss                   zero     0x2004'9e58      0x4  tcp.o [1]
  .bss                   zero     0x2004'9e5c      0x4  tcp_in.o [1]
  .bss                   zero     0x2004'9e60      0x4  tcp_in.o [1]
  .bss                   zero     0x2004'9e64      0x4  tcp_in.o [1]
  .bss                   zero     0x2004'9e68      0x4  tcp_in.o [1]
  .bss                   zero     0x2004'9e6c      0x4  tcp_in.o [1]
  .bss                   zero     0x2004'9e70      0x4  tcp_in.o [1]
  .bss                   zero     0x2004'9e74      0x4  tcpip.o [1]
  .bss                   zero     0x2004'9e78      0x4  tcpip.o [1]
  .bss                   zero     0x2004'9e7c      0x4  tcpip.o [1]
  .bss                   zero     0x2004'9e80      0x4  tcpip.o [1]
  .bss                   zero     0x2004'9e84      0x4  timeouts.o [1]
  .bss                   zero     0x2004'9e88      0x4  timeouts.o [1]
  .bss                   zero     0x2004'9e8c      0x4  timeouts.o [1]
  .bss                   zero     0x2004'9e90      0x4  xfail_s.o [2]
  .bss                   zero     0x2004'9e94      0x4  xgetmemchunk.o [2]
  .bss                   zero     0x2004'9e98      0x2  ip4.o [1]
  .bss                   zero     0x2004'9e9a      0x2  ip4_frag.o [1]
  .bss                   zero     0x2004'9e9c      0x2  tcp_in.o [1]
  .bss                   zero     0x2004'9e9e      0x2  tcp_in.o [1]
[...]
pbuf_cat                 0x800'22bd     0x78  Code  Gb  pbuf.o [1]
pbuf_clen                0x800'2279     0x12  Code  Gb  pbuf.o [1]
pbuf_clone               0x800'2529     0x3a  Code  Gb  pbuf.o [1]
pbuf_copy                0x800'2335    0x13c  Code  Gb  pbuf.o [1]
pbuf_copy_partial        0x800'2471     0xb4  Code  Gb  pbuf.o [1]
pbuf_free                0x800'2193     0xe6  Code  Gb  pbuf.o [1]
pbuf_free_ooseq          0x800'1cb1     0x2e  Code  Lc  pbuf.o [1]
pbuf_free_ooseq_callback
                         0x800'1cdf      0x8  Code  Lc  pbuf.o [1]
pbuf_free_ooseq_pending
                        0x2004'9ea8      0x1  Data  Gb  pbuf.o [1]
pbuf_header_force        0x800'2187      0xc  Code  Gb  pbuf.o [1]
pbuf_header_impl         0x800'2169     0x1e  Code  Lc  pbuf.o [1]
pbuf_init_alloced_pbuf   0x800'1d1d     0x22  Code  Lc  pbuf.o [1]
pbuf_pool_is_empty       0x800'1ce7     0x36  Code  Lc  pbuf.o [1]
pbuf_realloc             0x800'1fb7     0xb4  Code  Gb  pbuf.o [1]
pbuf_ref                 0x800'228b     0x32  Code  Gb  pbuf.o [1]
pbuf_remove_header       0x800'20f9     0x70  Code  Gb  pbuf.o [1]
pcInterruptPriorityRegisters
                         0x801'8004      0x4  Data  Lc  port.o [1]
plug_holes               0x800'628d     0xf4  Code  Lc  mem.o [1]
pows                     0x801'3bc8     0x48  Data  Lc  strto64.o [4]
prepend_alloc            0x800'f607    0x346  Code  Lc  dlmalloc.o [2]
printf                   0x800'1c89     0x28  Code  Gb  printf.o [2]
prvAddCurrentTaskToDelayedList
                         0x800'ac65     0x6e  Code  Lc  tasks.o [1]
prvAddNewTaskToReadyList
                         0x800'a34b     0x9a  Code  Lc  tasks.o [1]
prvCheckTasksWaitingTermination
                         0x800'a92d     0x3c  Code  Lc  tasks.o [1]
prvCopyDataFromQueue     0x800'b6f1     0x2a  Code  Lc  queue.o [1]
prvCopyDataToQueue       0x800'b66b     0x86  Code  Lc  queue.o [1]
prvDeleteTCB             0x800'a96d     0x46  Code  Lc  tasks.o [1]
prvGetDisinheritPriorityAfterTimeout
                         0x800'b657     0x14  Code  Lc  queue.o [1]
prvHeapInit              0x800'c16f     0x5e  Code  Lc  heap_4.o [1]
prvIdleTask              0x800'a8b5     0x22  Code  Lc  tasks.o [1]
prvInitialiseMutex       0x800'aed5     0x1e  Code  Lc  queue.o [1]
prvInitialiseNewQueue    0x800'aeb9     0x1c  Code  Lc  queue.o [1]
prvInitialiseNewTask     0x800'a291     0xba  Code  Lc  tasks.o [1]
prvInitialiseTaskLists   0x800'a8d7     0x52  Code  Lc  tasks.o [1]
prvInsertBlockIntoFreeList
                         0x800'c1cd     0x5e  Code  Lc  heap_4.o [1]
prvIsQueueEmpty          0x800'b789     0x1c  Code  Lc  queue.o [1]
prvIsQueueFull           0x800'b7a5     0x1e  Code  Lc  queue.o [1]
prvResetNextTaskUnblockTime
                         0x800'a9b3     0x28  Code  Lc  tasks.o [1]
prvTaskExitError         0x800'c309     0x32  Code  Lc  port.o [1]
prvUnlockQueue           0x800'b71b     0x6e  Code  Lc  queue.o [1]
ptr_to_mem               0x800'6275      0xc  Code  Lc  mem.o [1]
putchar                  0x801'7b29      0xc  Code  Gb  putchar.o [2]
pvPortMalloc             0x800'bfd5    0x120  Code  Gb  heap_4.o [1]
pvTaskIncrementMutexHeldCount
                         0x800'ac1d     0x16  Code  Gb  tasks.o [1]
pxCurrentTCB            0x2004'9e0c      0x4  Data  Gb  tasks.o [1]
pxDelayedTaskList       0x2004'9e10      0x4  Data  Lc  tasks.o [1]
pxEnd                   0x2004'9d84      0x4  Data  Lc  heap_4.o [1]
pxOverflowDelayedTaskList
                        0x2004'9e14      0x4  Data  Lc  tasks.o [1]
pxPortInitialiseStack    0x800'c2e1     0x28  Code  Gb  port.o [1]
pxReadyTasksLists       0x2004'9504     0x8c  Data  Lc  tasks.o [1]
ram                     0x2004'9db8      0x4  Data  Lc  mem.o [1]
ram_end                 0x2004'9dbc      0x4  Data  Lc  mem.o [1]
ram_heap                0x2004'68c4    0x654  Data  Gb  mem.o [1]
rand                     0x800'6981     0x94  Code  Gb  rand.o [2]
ranmatch                 0x801'295d     0x44  Code  Lc  xscanffull.o [2]
reassdatagrams          0x2004'9d94      0x4  Data  Lc  ip4_frag.o [1]
recv_acked              0x2004'9ea2      0x2  Data  Lc  tcp_in.o [1]
recv_data               0x2004'9e6c      0x4  Data  Lc  tcp_in.o [1]
recv_flags              0x2004'9eae      0x1  Data  Lc  tcp_in.o [1]
remove                   0x801'5d13     0x14  Code  Gb  remove.o [6]
sFileInfo               0x2004'999c     0x80  Data  Lc  XShHandles.o [2]
s_xSemaphore            0x2004'9d80      0x4  Data  Gb  ethernetif.o [1]
scalbln                  0x800'83fd           Code  Gb  ldexp.o [4]
scalblnl                 0x800'83fd           Code  Gb  ldexp.o [4]
scalbn                   0x800'83fd           Code  Gb  ldexp.o [4]
scalbnl                  0x800'83fd           Code  Gb  ldexp.o [4]
scale                    0x800'55c7     0x46  Code  Lc  xprintffull.o [2]
sec_hand                0x2004'9e90      0x4  Data  Lc  xfail_s.o [2]
segment_holding          0x800'f585     0x1a  Code  Lc  dlmalloc.o [2]
seqno                   0x2004'9e64      0x4  Data  Lc  tcp_in.o [1]
strchr                   0x800'7fc1           Code  Gb  strchr.o [5]
strlen                   0x800'8021           Code  Gb  strlen.o [5]
strtoll                  0x801'3591      0x2  Code  Gb  iar_Stollx.o [2]
strtoull                 0x801'36fd      0x2  Code  Gb  iar_Stoullx.o [2]
sys_alloc                0x800'fb45    0x164  Code  Lc  dlmalloc.o [2]
sys_arch_mbox_fetch      0x800'5de3     0x50  Code  Gb  sys_arch.o [1]
sys_arch_protect         0x800'5ebf     0x12  Code  Gb  sys_arch.o [1]
sys_arch_unprotect       0x800'5ed1      0xc  Code  Gb  sys_arch.o [1]
sys_check_timeouts       0x800'497f     0x3e  Code  Gb  timeouts.o [1]
sys_init                 0x800'5e41      0xe  Code  Gb  sys_arch.o [1]
sys_mbox_new             0x800'5d99     0x30  Code  Gb  sys_arch.o [1]
sys_mbox_trypost         0x800'5dc9     0x1a  Code  Gb  sys_arch.o [1]
sys_mbox_valid           0x800'5e33      0xe  Code  Gb  sys_arch.o [1]
sys_mutex_lock           0x800'5e75      0xe  Code  Gb  sys_arch.o [1]
sys_mutex_new            0x800'5e4f     0x26  Code  Gb  sys_arch.o [1]
sys_mutex_unlock         0x800'5e83      0xa  Code  Gb  sys_arch.o [1]
sys_now                  0x800'72e5      0x8  Code  Gb  ethernetif.o [1]
sys_thread_new           0x800'5e8d     0x32  Code  Gb  sys_arch.o [1]
sys_timeout              0x800'4951     0x2e  Code  Gb  timeouts.o [1]
sys_timeout_abs          0x800'4885     0x76  Code  Lc  timeouts.o [1]
sys_timeouts_init        0x800'4933     0x1e  Code  Gb  timeouts.o [1]
sys_timeouts_sleeptime   0x800'49bd     0x44  Code  Gb  timeouts.o [1]
sys_trim                 0x800'fca9     0x64  Code  Lc  dlmalloc.o [2]
tcp_abandon              0x800'2967    0x10e  Code  Gb  tcp.o [1]
tcp_abort                0x800'2a75      0xa  Code  Gb  tcp.o [1]
tcp_active_pcbs         0x2004'9e54      0x4  Data  Gb  tcp.o [1]
tcp_active_pcbs_changed
                        0x2004'9eaa      0x1  Data  Gb  tcp.o [1]
tcp_alloc                0x800'3381     0xc0  Code  Gb  tcp.o [1]
tcp_backoff              0x801'7d18     0x10  Data  Lc  tcp.o [1]
tcp_bound_pcbs          0x2004'9e4c      0x4  Data  Gb  tcp.o [1]
tcp_close                0x800'2931     0x36  Code  Gb  tcp.o [1]
tcp_close_shutdown       0x800'2751    0x144  Code  Lc  tcp.o [1]
tcp_close_shutdown_fin   0x800'2895     0x9c  Code  Lc  tcp.o [1]
tcp_create_segment       0x800'37c1    0x11e  Code  Lc  tcp_out.o [1]
tcp_eff_send_mss_netif   0x800'35b9     0x54  Code  Gb  tcp.o [1]
tcp_enqueue_flags        0x800'3b55    0x186  Code  Gb  tcp_out.o [1]
tcp_fasttmr              0x800'306d     0x7e  Code  Gb  tcp.o [1]
tcp_free                 0x800'2667     0x26  Code  Gb  tcp.o [1]
tcp_free_acked_segments
                         0x800'1069     0xae  Code  Lc  tcp_in.o [1]
tcp_free_listen          0x800'268d     0x26  Code  Lc  tcp.o [1]
tcp_free_ooseq           0x800'3715     0x16  Code  Gb  tcp.o [1]
tcp_get_next_optbyte     0x800'1b2d     0x3a  Code  Lc  tcp_in.o [1]
tcp_handle_closepend     0x800'334b     0x28  Code  Lc  tcp.o [1]
tcp_init                 0x800'2651     0x16  Code  Gb  tcp.o [1]
tcp_input                0x800'01f9    0x5b4  Code  Gb  tcp_in.o [1]
tcp_input_delayed_close
                         0x800'07ad     0x56  Code  Lc  tcp_in.o [1]
tcp_input_pcb           0x2004'9e70      0x4  Data  Gb  tcp_in.o [1]
tcp_keepalive            0x800'466d     0x5a  Code  Gb  tcp_out.o [1]
tcp_kill_prio            0x800'3253     0x60  Code  Lc  tcp.o [1]
tcp_kill_state           0x800'32b3     0x66  Code  Lc  tcp.o [1]
tcp_kill_timewait        0x800'3319     0x32  Code  Lc  tcp.o [1]
tcp_listen_closed        0x800'26ff     0x52  Code  Lc  tcp.o [1]
tcp_listen_input         0x800'0803    0x13c  Code  Lc  tcp_in.o [1]
tcp_listen_pcbs         0x2004'9e50      0x4  Data  Gb  tcp.o [1]
tcp_netif_ip_addr_changed
                         0x800'3655     0x48  Code  Gb  tcp.o [1]
tcp_netif_ip_addr_changed_pcblist
                         0x800'3615     0x36  Code  Lc  tcp.o [1]
tcp_next_iss             0x800'3585     0x24  Code  Gb  tcp.o [1]
tcp_next_iss::iss       0x2000'000c      0x4  Data  Lc  tcp.o [1]
tcp_oos_insert_segment   0x800'0fb9     0xa0  Code  Lc  tcp_in.o [1]
tcp_optidx              0x2004'9ea0      0x2  Data  Lc  tcp_in.o [1]
tcp_output               0x800'3cdd    0x2b8  Code  Gb  tcp_out.o [1]
tcp_output_alloc_header
                         0x800'43e3     0x50  Code  Lc  tcp_out.o [1]
tcp_output_alloc_header_common
                         0x800'4335     0xae  Code  Lc  tcp_out.o [1]
tcp_output_control_segment
                         0x800'44b9     0x62  Code  Lc  tcp_out.o [1]
tcp_output_fill_options
                         0x800'4445     0x6e  Code  Lc  tcp_out.o [1]
tcp_output_segment       0x800'3fc1    0x15c  Code  Lc  tcp_out.o [1]
tcp_output_segment_busy
                         0x800'3f95     0x2c  Code  Lc  tcp_out.o [1]
tcp_parseopt             0x800'1b6d     0x9c  Code  Lc  tcp_in.o [1]
tcp_pcb_lists            0x801'7d28     0x10  Data  Gb  tcp.o [1]
tcp_pcb_purge            0x800'3445     0x68  Code  Gb  tcp.o [1]
tcp_pcb_remove           0x800'34bd     0xc2  Code  Gb  tcp.o [1]
tcp_persist_backoff      0x801'7fac      0x8  Data  Lc  tcp.o [1]
tcp_port                0x2000'031c      0x2  Data  Lc  tcp.o [1]
tcp_process              0x800'0a11    0x58e  Code  Lc  tcp_in.o [1]
tcp_process_refused_data
                         0x800'30eb     0xb0  Code  Gb  tcp.o [1]
tcp_receive              0x800'1161    0x9cc  Code  Lc  tcp_in.o [1]
tcp_recv_null            0x800'320d     0x44  Code  Gb  tcp.o [1]
tcp_recved               0x800'2af9     0x76  Code  Gb  tcp.o [1]
tcp_remove_listener      0x800'26cf     0x30  Code  Lc  tcp.o [1]
tcp_rexmit               0x800'4219     0x92  Code  Gb  tcp_out.o [1]
tcp_rexmit_fast          0x800'42ad     0x86  Code  Gb  tcp_out.o [1]
tcp_rexmit_rto           0x800'41e9     0x2e  Code  Gb  tcp_out.o [1]
tcp_rexmit_rto_commit    0x800'41b3     0x36  Code  Gb  tcp_out.o [1]
tcp_rexmit_rto_prepare   0x800'411d     0x96  Code  Gb  tcp_out.o [1]
tcp_route                0x800'37a5     0x1c  Code  Lc  tcp_out.o [1]
tcp_rst                  0x800'451b     0x90  Code  Gb  tcp_out.o [1]
tcp_seg_copy             0x800'31cb     0x42  Code  Gb  tcp.o [1]
tcp_seg_free             0x800'31ad     0x1e  Code  Gb  tcp.o [1]
tcp_segs_free            0x800'319b     0x12  Code  Gb  tcp.o [1]
tcp_send_empty_ack       0x800'45b1     0xae  Code  Gb  tcp_out.o [1]
tcp_send_fin             0x800'3ae3     0x5e  Code  Gb  tcp_out.o [1]
tcp_slowtmr              0x800'2bb9    0x4a2  Code  Gb  tcp.o [1]
tcp_split_unsent_seg     0x800'38df    0x204  Code  Gb  tcp_out.o [1]
tcp_ticks               0x2004'9e48      0x4  Data  Gb  tcp.o [1]
tcp_timer               0x2004'9eab      0x1  Data  Lc  tcp.o [1]
tcp_timer_ctr           0x2004'9eac      0x1  Data  Lc  tcp.o [1]
tcp_timer_needed         0x800'485b     0x2a  Code  Gb  timeouts.o [1]
tcp_timewait_input       0x800'093f     0xa0  Code  Lc  tcp_in.o [1]
tcp_tmr                  0x800'26b3     0x1c  Code  Gb  tcp.o [1]
tcp_trigger_input_pcb_close
                         0x800'1c09      0xc  Code  Gb  tcp_in.o [1]
tcp_tw_pcbs             0x2004'9e58      0x4  Data  Gb  tcp.o [1]
tcp_update_rcv_ann_wnd   0x800'2a7f     0x7a  Code  Gb  tcp.o [1]
tcp_zero_window_probe    0x800'46d9     0xea  Code  Gb  tcp_out.o [1]
tcphdr                  0x2004'9e5c      0x4  Data  Lc  tcp_in.o [1]
tcphdr_opt1len          0x2004'9e9e      0x2  Data  Lc  tcp_in.o [1]
tcphdr_opt2             0x2004'9e60      0x4  Data  Lc  tcp_in.o [1]
tcphdr_optlen           0x2004'9e9c      0x2  Data  Lc  tcp_in.o [1]
tcpip_init               0x800'60b5     0x58  Code  Gb  tcpip.o [1]
tcpip_init_done         0x2004'9e74      0x4  Data  Lc  tcpip.o [1]
tcpip_init_done_arg     0x2004'9e78      0x4  Data  Lc  tcpip.o [1]
tcpip_inpkt              0x800'5fe1     0x60  Code  Gb  tcpip.o [1]
tcpip_input              0x800'6041     0x1c  Code  Gb  tcpip.o [1]
tcpip_mbox              0x2004'9e7c      0x4  Data  Lc  tcpip.o [1]
tcpip_tcp_timer          0x800'4831     0x2a  Code  Lc  timeouts.o [1]
tcpip_tcp_timer_active  0x2004'9e8c      0x4  Data  Lc  timeouts.o [1]
tcpip_thread             0x800'5f51     0x3c  Code  Lc  tcpip.o [1]
tcpip_thread_handle_msg
                         0x800'5f8d     0x54  Code  Lc  tcpip.o [1]
tcpip_timeouts_mbox_fetch
                         0x800'5ef1     0x60  Code  Lc  tcpip.o [1]
tcpip_try_callback       0x800'605d     0x58  Code  Gb  tcpip.o [1]
tcplen                  0x2004'9ea4      0x2  Data  Lc  tcp_in.o [1]
tmalloc_large            0x800'fd19    0x386  Code  Lc  dlmalloc.o [2]
tmalloc_small            0x801'009f    0x200  Code  Lc  dlmalloc.o [2]
tolower                  0x801'3785     0x14  Code  Gb  tolower.o [2]
ttio_guard              0x2004'9eb0      0x1  Data  Lc  XShttio.o [2]
ucHeap                  0x2000'0320  0x40000  Data  Lc  heap_4.o [1]
ucMaxSysCallPriority    0x2004'9ea9      0x1  Data  Lc  port.o [1]
ulMaxPRIGROUPValue      0x2004'9e00      0x4  Data  Lc  port.o [1]
uwTick                  0x2004'9e04      0x4  Data  Gb  stm32f7xx_hal.o [1]
uwTickFreq              0x2000'031e      0x1  Data  Gb  stm32f7xx_hal.o [1]
uwTickPrio              0x2000'0004      0x4  Data  Gb  stm32f7xx_hal.o [1]
uxCriticalNesting       0x2000'0000      0x4  Data  Lc  port.o [1]
uxCurrentNumberOfTasks  0x2004'9e1c      0x4  Data  Lc  tasks.o [1]
uxDeletedTasksWaitingCleanUp
                        0x2004'9e18      0x4  Data  Lc  tasks.o [1]
uxListRemove             0x800'c2bb     0x26  Code  Gb  list.o [1]
uxPendedTicks           0x2004'9e2c      0x4  Data  Lc  tasks.o [1]
uxSchedulerSuspended    0x2004'9e44      0x4  Data  Lc  tasks.o [1]
uxTaskNumber            0x2004'9e38      0x4  Data  Lc  tasks.o [1]
uxTopReadyPriority      0x2004'9e24      0x4  Data  Lc  tasks.o [1]
vApplicationGetIdleTaskMemory
                         0x800'c521     0x18  Code  Gb  freertos.o [1]
vListInitialise          0x800'c249     0x1e  Code  Gb  list.o [1]
vListInitialiseItem      0x800'c267      0x6  Code  Gb  list.o [1]
vListInsert              0x800'c285     0x36  Code  Gb  list.o [1]
vListInsertEnd           0x800'c26d     0x18  Code  Gb  list.o [1]
vPortEnableVFP           0x800'c739           Code  Gb  portasm.o [1]
vPortEnterCritical       0x800'c3db     0x3c  Code  Gb  port.o [1]
vPortExitCritical        0x800'c417     0x30  Code  Gb  port.o [1]
vPortFree                0x800'c0f5     0x7a  Code  Gb  heap_4.o [1]
vPortStartFirstTask      0x800'c719           Code  Gb  portasm.o [1]
vPortValidateInterruptPriority
                         0x800'c475     0x52  Code  Gb  port.o [1]
vTaskDelay               0x800'a3e5     0x50  Code  Gb  tasks.o [1]
vTaskInternalSetTimeOutState
                         0x800'a7f1     0x12  Code  Gb  tasks.o [1]
vTaskMissedYield         0x800'a89d      0xa  Code  Gb  tasks.o [1]
vTaskPlaceOnEventList    0x800'a741     0x32  Code  Gb  tasks.o [1]
vTaskPriorityDisinheritAfterTimeout
                         0x800'ab61     0xbc  Code  Gb  tasks.o [1]
vTaskStartScheduler      0x800'a435     0x96  Code  Gb  tasks.o [1]
vTaskSuspendAll          0x800'a4cb      0xc  Code  Gb  tasks.o [1]
vTaskSwitchContext       0x800'a6d1     0x70  Code  Gb  tasks.o [1]
vsprintf                 0x801'46e1     0x34  Code  Gb  vsprintf.o [2]
vsscanf                  0x801'4715     0x20  Code  Gb  vsscanf.o [2]
wctob                    0x801'34a9     0x32  Code  Gb  wctob.o [2]
xBlockAllocatedBit      0x2004'9d90      0x4  Data  Lc  heap_4.o [1]
xDelayedTaskList1       0x2004'9d00     0x14  Data  Lc  tasks.o [1]
xDelayedTaskList2       0x2004'9d14     0x14  Data  Lc  tasks.o [1]
xFreeBytesRemaining     0x2004'9d88      0x4  Data  Lc  heap_4.o [1]
xHeapStructSize          0x801'7ffc      0x4  Data  Lc  heap_4.o [1]
xIdleStack              0x2004'889c    0x200  Data  Lc  freertos.o [1]
xIdleTaskHandle         0x2004'9e40      0x4  Data  Lc  tasks.o [1]
xIdleTaskTCBBuffer      0x2004'9a1c     0x54  Data  Lc  freertos.o [1]
xMinimumEverFreeBytesRemaining
                        0x2004'9d8c      0x4  Data  Lc  heap_4.o [1]
xNextTaskUnblockTime    0x2004'9e3c      0x4  Data  Lc  tasks.o [1]
xNumOfOverflows         0x2004'9e34      0x4  Data  Lc  tasks.o [1]
xPendingReadyList       0x2004'9d28     0x14  Data  Lc  tasks.o [1]
xPortStartScheduler      0x800'c33b     0xa0  Code  Gb  port.o [1]
xQueueCreateMutex        0x800'aef3     0x1a  Code  Gb  queue.o [1]
xQueueCreateMutexStatic
                         0x800'af0d     0x20  Code  Gb  queue.o [1]
xQueueGenericCreate      0x800'ae63     0x56  Code  Gb  queue.o [1]
xQueueGenericCreateStatic
                         0x800'ada7     0xbc  Code  Gb  queue.o [1]
xQueueGenericReset       0x800'ad11     0x96  Code  Gb  queue.o [1]
xQueueGenericSend        0x800'af2d    0x1a6  Code  Gb  queue.o [1]
xQueueGenericSendFromISR
                         0x800'b0d3     0xee  Code  Gb  queue.o [1]
xQueueGiveFromISR        0x800'b1c1     0xc8  Code  Gb  queue.o [1]
xQueueReceive            0x800'b289    0x168  Code  Gb  queue.o [1]
xQueueReceiveFromISR     0x800'b59d     0xba  Code  Gb  queue.o [1]
xQueueSemaphoreTake      0x800'b3f1    0x1a6  Code  Gb  queue.o [1]
xSchedulerRunning       0x2004'9e28      0x4  Data  Lc  tasks.o [1]
xStart                  0x2004'9d74      0x8  Data  Lc  heap_4.o [1]
xSuspendedTaskList      0x2004'9d50     0x14  Data  Lc  tasks.o [1]
xTaskCheckForTimeOut     0x800'a80d     0x8a  Code  Gb  tasks.o [1]
xTaskCreate              0x800'a21d     0x74  Code  Gb  tasks.o [1]
xTaskCreateStatic        0x800'a18d     0x90  Code  Gb  tasks.o [1]
xTaskGetSchedulerState   0x800'a9db     0x20  Code  Gb  tasks.o [1]
xTaskGetTickCount        0x800'a5bf      0x8  Code  Gb  tasks.o [1]
xTaskGetTickCountFromISR
                         0x800'a5c7     0x10  Code  Gb  tasks.o [1]
xTaskIncrementTick       0x800'a5d7     0xfa  Code  Gb  tasks.o [1]
xTaskPriorityDisinherit
                         0x800'aaa1     0xb6  Code  Gb  tasks.o [1]
xTaskPriorityInherit     0x800'aa01     0xa0  Code  Gb  tasks.o [1]
xTaskRemoveFromEventList
                         0x800'a773     0x7e  Code  Gb  tasks.o [1]
xTaskResumeAll           0x800'a4d7     0xe8  Code  Gb  tasks.o [1]
xTasksWaitingTermination
                        0x2004'9d3c     0x14  Data  Lc  tasks.o [1]
xTickCount              0x2004'9e20      0x4  Data  Lc  tasks.o [1]
xYieldPending           0x2004'9e30      0x4  Data  Lc  tasks.o [1]


[1] = C:\Users\Чистое небо\Desktop\Э.01.00.00 Беспилотный мотодельтаплан\Полетный контроллер\firmware\FlyController\EWARM\FlyController\Obj
[2] = dl7M_tlf.a
[3] = dlpp7M_tl_fc.a
[4] = m7M_tlv.a
[5] = rt7M_tl.a
[6] = shb_l.a

   86 075 bytes of readonly  code memory
   13 053 bytes of readonly  data memory
  304 304 bytes of readwrite data memory

Errors: none
Warnings: none
